# dumplog取得  
jmap -dump:live,format=b,file=heap.bin 7032  

# MATでの解析  
割愛  
とはいえ問題なくEclipse Memory Analyzerで解析できた

# ヒストグラム取得
jmap -histo:live 7032 > histo.txt

# ヒストグラム結果例

No dump file specified
 num     #instances         #bytes  class name (module)
-------------------------------------------------------
   1:         50548        4486600  [B (java.base@15.0.1)
   2:         47864        1148736  java.lang.String (java.base@15.0.1)
   3:          8323         987512  java.lang.Class (java.base@15.0.1)
   4:          9908         871904  java.lang.reflect.Method (java.base@15.0.1)
   5:         22193         710176  java.util.concurrent.ConcurrentHashMap$Node (java.base@15.0.1)
   6:          5242         444216  [Ljava.util.HashMap$Node; (java.base@15.0.1)
   7:          8111         431720  [Ljava.lang.Object; (java.base@15.0.1)
   8:         10415         416600  java.util.LinkedHashMap$Entry (java.base@15.0.1)
   9:          4121         364968  [I (java.base@15.0.1)
  10:         11372         363904  java.util.HashMap$Node (java.base@15.0.1)
  11:          5631         315336  java.util.LinkedHashMap (java.base@15.0.1)
  12:         12995         296184  [Ljava.lang.Class; (java.base@15.0.1)
  13:           241         222416  [Ljava.util.concurrent.ConcurrentHashMap$Node; (java.base@15.0.1)
  14:         10796         172736  java.lang.Object (java.base@15.0.1)
  15:           349         166112  [C (java.base@15.0.1)
  16:          2604         124992  java.lang.invoke.MemberName (java.base@15.0.1)
  17:          2784         111360  java.lang.ref.SoftReference (java.base@15.0.1)
  18:          1677         107328  java.lang.Class$ReflectionData (java.base@15.0.1)
  19:          1399         100728  java.lang.reflect.Constructor (java.base@15.0.1)
  20:          1397         100584  java.lang.reflect.Field (java.base@15.0.1)
  21:          1892          90816  java.util.HashMap (java.base@15.0.1)
  22:          1983          79320  java.lang.invoke.MethodType (java.base@15.0.1)
  23:          2081          74088  [Ljava.lang.String; (java.base@15.0.1)
  24:          1467          73744  [Ljava.lang.reflect.Method; (java.base@15.0.1)
  25:          2003          64096  java.lang.invoke.MethodType$ConcurrentWeakInternSet$WeakEntry (java.base@15.0.1)
  26:          1563          62520  sun.util.locale.LocaleObjectCache$CacheEntry (java.base@15.0.1)
  27:          2424          58176  java.util.ArrayList (java.base@15.0.1)
  28:           850          54400  java.util.concurrent.ConcurrentHashMap (java.base@15.0.1)
  29:          1050          50400  org.springframework.core.ResolvableType
  30:           268          49312  org.springframework.context.annotation.ConfigurationClassBeanDefinitionReader$ConfigurationClassBeanDefinition
  31:          1909          45816  java.lang.invoke.ResolvedMethodName (java.base@15.0.1)
  32:          1458          34992  sun.reflect.annotation.AnnotationInvocationHandler (java.base@15.0.1)
  33:           872          34880  java.util.TreeMap$Entry (java.base@15.0.1)
  34:          1055          33760  java.lang.invoke.LambdaForm$Name (java.base@15.0.1)
  35:           574          32144  org.springframework.core.annotation.TypeMappedAnnotation
  36:           414          28152  [Ljava.lang.ref.SoftReference; (java.base@15.0.1)
  37:          1075          25800  sun.reflect.generics.tree.SimpleClassTypeSignature (java.base@15.0.1)
  38:           800          25600  java.util.Locale (java.base@15.0.1)
  39:           799          25568  sun.util.locale.BaseLocale (java.base@15.0.1)
  40:           142          24992  org.springframework.beans.factory.support.RootBeanDefinition
  41:           780          24960  sun.util.locale.BaseLocale$Key (java.base@15.0.1)
  42:          1042          24256  [Ljava.lang.reflect.Constructor; (java.base@15.0.1)
  43:           729          23328  java.lang.ref.WeakReference (java.base@15.0.1)
  44:           470          22560  org.springframework.util.ConcurrentReferenceHashMap$SoftEntryReference
  45:          1403          22448  java.util.LinkedHashSet (java.base@15.0.1)
  46:           560          22408  [Lorg.springframework.util.ConcurrentReferenceHashMap$Reference;
  47:           560          22400  org.springframework.util.ConcurrentReferenceHashMap$Segment
  48:           680          21760  java.lang.ref.ReferenceQueue (java.base@15.0.1)
  49:           906          21744  java.util.concurrent.CopyOnWriteArrayList (java.base@15.0.1)
  50:           641          20512  java.lang.invoke.DirectMethodHandle (java.base@15.0.1)
  51:           510          20400  java.lang.invoke.DirectMethodHandle$Constructor (java.base@15.0.1)
  52:          1075          19880  [Lsun.reflect.generics.tree.TypeArgument; (java.base@15.0.1)
  53:           601          19232  java.util.concurrent.locks.ReentrantLock$NonfairSync (java.base@15.0.1)
  54:           768          18432  jdk.internal.reflect.NativeConstructorAccessorImpl (java.base@15.0.1)
  55:           447          17880  java.math.BigInteger (java.base@15.0.1)
  56:           357          17136  ch.qos.logback.classic.Logger
  57:           708          16992  java.lang.Class$AnnotationData (java.base@15.0.1)
  58:          1053          16848  sun.reflect.generics.tree.ClassTypeSignature (java.base@15.0.1)
  59:           555          16024  [Ljava.lang.CharSequence; (java.base@15.0.1)
  60:           393          15720  java.lang.Package$VersionInfo (java.base@15.0.1)
  61:           912          14592  java.util.LinkedHashMap$LinkedValues (java.base@15.0.1)
  62:           907          14512  java.util.HashSet (java.base@15.0.1)
  63:           600          14312  [Ljava.lang.reflect.Type; (java.base@15.0.1)
  64:           594          14256  java.util.concurrent.ConcurrentLinkedDeque$Node (java.base@15.0.1)
  65:           354          14160  org.springframework.boot.context.properties.source.ConfigurationPropertyName$Elements
  66:           425          13600  java.lang.Package (java.base@15.0.1)
  67:           560          13440  org.springframework.util.ConcurrentReferenceHashMap$ReferenceManager
  68:           268          13184  [Ljava.lang.invoke.LambdaForm$Name; (java.base@15.0.1)
  69:           814          13024  java.util.LinkedHashMap$LinkedKeySet (java.base@15.0.1)
  70:           804          12864  jdk.internal.reflect.DelegatingConstructorAccessorImpl (java.base@15.0.1)
  71:           263          12624  java.lang.invoke.LambdaForm (java.base@15.0.1)
  72:           408          12464  [Ljava.lang.reflect.Field; (java.base@15.0.1)
  73:           387          12384  java.lang.invoke.BoundMethodHandle$Species_L (java.base@15.0.1)
  74:           215          12040  java.lang.Module (java.base@15.0.1)
  75:           492          11808  org.springframework.beans.factory.annotation.InjectionMetadata
  76:            32          11776  java.lang.Thread (java.base@15.0.1)
  77:           354          11328  org.springframework.boot.context.properties.source.ConfigurationPropertyName
  78:           470          11280  org.springframework.util.ConcurrentReferenceHashMap$Entry
  79:           139          11120  jdk.internal.reflect.DelegatingClassLoader (java.base@15.0.1)
  80:           456          10944  org.springframework.beans.BeanMetadataAttribute
  81:           682          10912  java.lang.ref.ReferenceQueue$Lock (java.base@15.0.1)
  82:           341          10912  jdk.internal.math.FDBigInteger (java.base@15.0.1)
  83:           333          10656  java.lang.invoke.LambdaForm$NamedFunction (java.base@15.0.1)
  84:           435          10440  org.apache.commons.logging.LogAdapter$Slf4jLocationAwareLog
  85:           430          10320  org.springframework.boot.autoconfigure.condition.ConditionEvaluationReport$ConditionAndOutcome
  86:           430          10320  org.springframework.boot.autoconfigure.condition.ConditionOutcome
  87:           155           9920  org.springframework.core.MethodParameter
  88:           437           9712  [Lorg.springframework.core.ResolvableType;
  89:           241           9592  [Lorg.springframework.boot.context.properties.source.ConfigurationPropertyName$ElementType;
  90:           598           9568  java.lang.Integer (java.base@15.0.1)
  91:           598           9568  java.util.concurrent.atomic.AtomicInteger (java.base@15.0.1)
  92:            85           9520  org.springframework.beans.factory.annotation.AnnotatedGenericBeanDefinition
  93:           395           9480  java.lang.module.ModuleDescriptor$Exports (java.base@15.0.1)
  94:           227           9080  java.lang.reflect.Parameter (java.base@15.0.1)
  95:           105           8608  [Z (java.base@15.0.1)
  96:           214           8560  java.security.CodeSource (java.base@15.0.1)
  97:           532           8512  java.util.concurrent.CopyOnWriteArraySet (java.base@15.0.1)
  98:           529           8464  org.springframework.beans.factory.support.MethodOverrides
  99:           173           8304  java.util.logging.LogManager$LoggerWeakRef (java.logging@15.0.1)
 100:            91           8080  [Ljava.util.WeakHashMap$Entry; (java.base@15.0.1)
 101:           247           7904  sun.security.util.KnownOIDs (java.base@15.0.1)
 102:           327           7848  java.util.jar.Attributes$Name (java.base@15.0.1)
 103:           242           7744  java.lang.invoke.MethodTypeForm (java.base@15.0.1)
 104:           319           7656  java.lang.Long (java.base@15.0.1)
 105:           119           7616  java.net.URL (java.base@15.0.1)
 106:           190           7600  java.security.ProtectionDomain (java.base@15.0.1)
 107:           308           7392  sun.reflect.generics.reflectiveObjects.ParameterizedTypeImpl (java.base@15.0.1)
 108:           300           7200  sun.reflect.generics.factory.CoreReflectionFactory (java.base@15.0.1)
 109:           293           7032  jdk.internal.reflect.NativeMethodAccessorImpl (java.base@15.0.1)
 110:           219           7008  sun.security.util.ObjectIdentifier (java.base@15.0.1)
 111:           173           6920  java.util.WeakHashMap$Entry (java.base@15.0.1)
 112:           172           6880  java.io.ObjectStreamField (java.base@15.0.1)
 113:           430           6880  org.springframework.boot.autoconfigure.condition.ConditionMessage
 114:           253           6872  [Lorg.springframework.core.annotation.AnnotationTypeMappings;
 115:           252           6848  [Lorg.springframework.core.annotation.MergedAnnotation;
 116:            83           6640  java.net.URI (java.base@15.0.1)
 117:           407           6512  org.springframework.core.ResolvableType$DefaultVariableResolver
 118:           271           6504  org.springframework.core.convert.converter.GenericConverter$ConvertiblePair
 119:            90           6480  java.util.ResourceBundle$CacheKey (java.base@15.0.1)
 120:           267           6408  java.util.concurrent.ConcurrentLinkedDeque (java.base@15.0.1)
 121:           133           6384  jdk.internal.ref.CleanerImpl$PhantomCleanableRef (java.base@15.0.1)
 122:           198           6336  sun.reflect.generics.repository.ClassRepository (java.base@15.0.1)
 123:           262           6288  java.util.ImmutableCollections$Set12 (java.base@15.0.1)
 124:           259           6216  org.springframework.beans.MutablePropertyValues
 125:           257           6168  javax.management.ImmutableDescriptor (java.management@15.0.1)
 126:           152           6080  java.lang.invoke.DirectMethodHandle$Special (java.base@15.0.1)
 127:           253           6072  java.util.ImmutableCollections$List12 (java.base@15.0.1)
 128:           252           6048  org.springframework.core.annotation.MergedAnnotationsCollection
 129:           376           6016  org.springframework.boot.autoconfigure.condition.ConditionEvaluationReport$ConditionAndOutcomes
 130:           367           5872  jdk.internal.reflect.DelegatingMethodAccessorImpl (java.base@15.0.1)
 131:           243           5832  java.security.Provider$ServiceKey (java.base@15.0.1)
 132:           180           5760  java.util.ResourceBundle$KeyElementReference (java.base@15.0.1)
 133:           174           5568  java.lang.module.ModuleDescriptor$Requires (java.base@15.0.1)
 134:           301           5432  [Lsun.reflect.generics.tree.FormalTypeParameter; (java.base@15.0.1)
 135:           220           5280  java.util.Collections$UnmodifiableRandomAccessList (java.base@15.0.1)
 136:            73           5256  org.springframework.core.annotation.AnnotationTypeMapping
 137:           163           5216  java.util.logging.LogManager$LogNode (java.logging@15.0.1)
 138:           162           5184  org.springframework.core.type.classreading.SimpleMethodMetadata
 139:           162           5184  org.springframework.core.type.classreading.SimpleMethodMetadataReadingVisitor$Source
 140:            91           5096  java.security.Provider$Service (java.base@15.0.1)
 141:           159           5088  com.sun.jmx.mbeanserver.ConvertingMethod (java.management@15.0.1)
 142:           210           5040  java.util.LinkedList$Node (java.base@15.0.1)
 143:            90           5040  org.springframework.core.type.classreading.SimpleAnnotationMetadata
 144:            78           4992  java.util.zip.Inflater (java.base@15.0.1)
 145:           241           4952  [Lsun.reflect.generics.tree.FieldTypeSignature; (java.base@15.0.1)
 146:           151           4832  jdk.internal.loader.NativeLibraries (java.base@15.0.1)
 147:           198           4752  sun.reflect.generics.scope.ClassScope (java.base@15.0.1)
 148:           198           4752  sun.reflect.generics.tree.ClassSignature (java.base@15.0.1)
 149:            49           4704  java.util.jar.JarFile$JarFileEntry (java.base@15.0.1)
 150:           147           4704  org.springframework.core.SerializableTypeWrapper$MethodParameterTypeProvider
 151:            75           4680  [J (java.base@15.0.1)
 152:            97           4656  java.util.TreeMap (java.base@15.0.1)
 153:           286           4576  java.util.Collections$UnmodifiableSet (java.base@15.0.1)
 154:           113           4520  com.fasterxml.jackson.databind.introspect.AnnotatedMethod
 155:            12           4512  org.apache.tomcat.util.threads.TaskThread
 156:           198           4496  [Lsun.reflect.generics.tree.ClassTypeSignature; (java.base@15.0.1)
 157:            51           4488  com.fasterxml.jackson.databind.ser.BeanPropertyWriter
 158:            69           4416  java.lang.module.ModuleDescriptor (java.base@15.0.1)
 159:           174           4320  [Lcom.fasterxml.jackson.databind.JavaType;
 160:            77           4312  java.util.logging.Logger (java.logging@15.0.1)
 161:           178           4272  jdk.internal.loader.AbstractClassLoaderValue$Sub (java.base@15.0.1)
 162:           133           4256  java.util.Collections$UnmodifiableMap (java.base@15.0.1)
 163:           266           4256  org.springframework.core.convert.support.GenericConversionService$ConvertersForPair
 164:           176           4224  org.springframework.boot.web.server.MimeMappings$Mapping
 165:            35           4200  java.io.ObjectStreamClass (java.base@15.0.1)
 166:           172           4128  com.fasterxml.jackson.databind.type.ClassKey
 167:            86           4128  java.util.WeakHashMap (java.base@15.0.1)
 168:           256           4096  com.sun.proxy.$Proxy34
 169:           256           4096  java.lang.Byte (java.base@15.0.1)
 170:           256           4096  java.lang.Short (java.base@15.0.1)
 171:           170           4080  jdk.internal.module.ServicesCatalog$ServiceProvider (java.base@15.0.1)
 172:            56           4016  [Ljava.lang.invoke.MethodHandle; (java.base@15.0.1)
 173:           164           3936  java.util.ImmutableCollections$SetN (java.base@15.0.1)
 174:            44           3872  java.util.regex.Pattern (java.base@15.0.1)
 175:           145           3824  [Ljavax.management.ObjectName$Property; (java.management@15.0.1)
 176:            68           3808  jdk.internal.module.ModuleReferenceImpl (java.base@15.0.1)
 177:           158           3792  javax.management.ObjectName$Property (java.management@15.0.1)
 178:            93           3720  sun.reflect.generics.repository.MethodRepository (java.base@15.0.1)
 179:            90           3600  java.util.ResourceBundle$BundleReference (java.base@15.0.1)
 180:           145           3576  [Ljava.lang.reflect.Parameter; (java.base@15.0.1)
 181:           104           3512  [[C (java.base@15.0.1)
 182:            73           3504  com.fasterxml.jackson.databind.type.SimpleType
 183:           108           3456  org.springframework.core.convert.support.GenericConversionService$ConverterAdapter
 184:           170           3392  [Lcom.sun.jmx.mbeanserver.MXBeanMapping; (java.management@15.0.1)
 185:           103           3296  sun.reflect.generics.tree.MethodTypeSignature (java.base@15.0.1)
 186:            68           3264  java.lang.invoke.LambdaFormEditor$Transform (java.base@15.0.1)
 187:            80           3200  java.lang.invoke.DirectMethodHandle$Interface (java.base@15.0.1)
 188:            79           3160  com.sun.management.internal.DiagnosticCommandArgumentInfo (jdk.management@15.0.1)
 189:            49           3136  javax.management.openmbean.OpenMBeanAttributeInfoSupport (java.management@15.0.1)
 190:            78           3120  java.util.logging.Logger$ConfigurationData (java.logging@15.0.1)
 191:            39           3120  java.util.zip.ZipFile$Source (java.base@15.0.1)
 192:           190           3040  [Ljava.security.Principal; (java.base@15.0.1)
 193:           190           3040  java.security.ProtectionDomain$Key (java.base@15.0.1)
 194:            28           2912  org.springframework.beans.factory.support.GenericBeanDefinition
 195:           133           2880  [Ljava.lang.reflect.TypeVariable; (java.base@15.0.1)
 196:            90           2880  com.fasterxml.jackson.databind.type.TypeBindings
 197:            56           2856  [Ljavax.management.MBeanAttributeInfo; (java.management@15.0.1)
 198:            89           2848  sun.reflect.generics.reflectiveObjects.TypeVariableImpl (java.base@15.0.1)
 199:            35           2800  [Lorg.springframework.util.ConcurrentReferenceHashMap$Segment;
 200:            70           2800  java.lang.invoke.BoundMethodHandle$Species_LL (java.base@15.0.1)
 201:            69           2760  org.springframework.core.annotation.TypeMappedAnnotations
 202:            68           2720  io.micrometer.core.instrument.Meter$Id
 203:            68           2720  java.lang.invoke.DirectMethodHandle$Accessor (java.base@15.0.1)
 204:           166           2656  com.fasterxml.jackson.databind.introspect.AnnotationMap
 205:            55           2640  javax.management.MBeanInfo (java.management@15.0.1)
 206:            47           2632  com.fasterxml.jackson.databind.type.CollectionType
 207:            82           2624  java.util.Hashtable$Entry (java.base@15.0.1)
 208:            81           2592  sun.reflect.annotation.AnnotationType (java.base@15.0.1)
 209:            29           2584  [Ljava.util.Hashtable$Entry; (java.base@15.0.1)
 210:            39           2496  sun.nio.fs.WindowsFileAttributes (java.base@15.0.1)
 211:           103           2472  java.security.Provider$UString (java.base@15.0.1)
 212:           103           2472  org.springframework.boot.autoconfigure.condition.OnBeanCondition
 213:           154           2464  com.sun.proxy.$Proxy28
 214:            59           2360  java.security.AccessControlContext (java.base@15.0.1)
 215:           103           2352  [Lsun.reflect.generics.tree.TypeSignature; (java.base@15.0.1)
 216:            98           2352  sun.security.util.DisabledAlgorithmConstraints$DisabledConstraint (java.base@15.0.1)
 217:            73           2336  javax.management.ObjectName (java.management@15.0.1)
 218:            56           2240  java.io.FileDescriptor (java.base@15.0.1)
 219:            93           2232  sun.reflect.generics.scope.MethodScope (java.base@15.0.1)
 220:            27           2224  [Ljava.lang.ThreadLocal$ThreadLocalMap$Entry; (java.base@15.0.1)
 221:            90           2224  [Lorg.springframework.core.type.MethodMetadata;
 222:            92           2208  java.lang.RuntimePermission (java.base@15.0.1)
 223:           137           2192  java.util.HashMap$EntrySet (java.base@15.0.1)
 224:            39           2184  java.io.FileCleanable (java.base@15.0.1)
 225:            39           2184  java.util.jar.JarFile (java.base@15.0.1)
 226:            91           2184  sun.reflect.generics.tree.FormalTypeParameter (java.base@15.0.1)
 227:            68           2176  org.springframework.core.type.StandardAnnotationMetadata
 228:            81           2168  [Ljava.lang.annotation.ElementType; (java.base@15.0.1)
 229:            67           2144  com.fasterxml.jackson.databind.ser.impl.ReadOnlyClassToSerializerMap$Bucket
 230:            67           2144  com.fasterxml.jackson.databind.util.TypeKey
 231:            67           2144  javax.management.MBeanAttributeInfo (java.management@15.0.1)
 232:            89           2136  java.util.Arrays$ArrayList (java.base@15.0.1)
 233:            53           2120  sun.security.util.NamedCurve (java.base@15.0.1)
 234:            66           2112  java.lang.invoke.LambdaForm$Kind (java.base@15.0.1)
 235:            52           2080  sun.nio.fs.WindowsPath (java.base@15.0.1)
 236:           128           2048  java.lang.Character (java.base@15.0.1)
 237:            79           2008  [Lorg.springframework.core.annotation.AnnotationTypeMapping$MirrorSets$MirrorSet;
 238:            62           1984  org.springframework.http.MediaType
 239:            41           1968  com.sun.management.internal.DiagnosticCommandInfo (jdk.management@15.0.1)
 240:            61           1952  com.fasterxml.jackson.core.io.SerializedString
 241:            61           1952  org.springframework.asm.Type
 242:            80           1920  java.util.Collections$SingletonList (java.base@15.0.1)
 243:            60           1920  jdk.internal.loader.BuiltinClassLoader$LoadedModule (java.base@15.0.1)
 244:            60           1920  org.springframework.core.annotation.AttributeMethods
 245:            66           1888  [Ljava.io.ObjectStreamField; (java.base@15.0.1)
 246:            73           1872  [Lorg.springframework.core.annotation.AnnotationTypeMapping;
 247:            78           1872  java.util.zip.Inflater$InflaterZStreamRef (java.base@15.0.1)
 248:            39           1872  jdk.internal.loader.URLClassPath$JarLoader (java.base@15.0.1)
 249:            75           1800  java.util.regex.Pattern$BmpCharProperty (java.base@15.0.1)
 250:            56           1792  java.io.File (java.base@15.0.1)
 251:           111           1776  java.util.HashMap$KeySet (java.base@15.0.1)
 252:            74           1776  org.springframework.core.convert.TypeDescriptor$AnnotatedElementAdapter
 253:            74           1776  org.springframework.core.io.ClassPathResource
 254:            73           1752  org.springframework.core.annotation.AnnotationTypeMapping$MirrorSets
 255:            31           1736  com.fasterxml.jackson.databind.type.MapType
 256:            24           1728  com.fasterxml.jackson.databind.introspect.AnnotatedClass
 257:            54           1728  javax.management.MBeanParameterInfo (java.management@15.0.1)
 258:            72           1728  org.springframework.boot.autoconfigure.condition.OnClassCondition
 259:            53           1696  java.security.spec.EllipticCurve (java.base@15.0.1)
 260:            69           1656  java.lang.module.ModuleDescriptor$Provides (java.base@15.0.1)
 261:             2           1648  [[B (java.base@15.0.1)
 262:            68           1632  jdk.internal.module.SystemModuleFinders$2 (java.base@15.0.1)
 263:            67           1608  org.springframework.cglib.core.Signature
 264:            11           1584  [Ljava.lang.invoke.MemberName; (java.base@15.0.1)
 265:            33           1584  java.time.temporal.ValueRange (java.base@15.0.1)
 266:            66           1584  java.util.Collections$SetFromMap (java.base@15.0.1)
 267:            49           1568  java.util.zip.ZipFile$CleanableResource (java.base@15.0.1)
 268:            39           1560  javax.management.MBeanOperationInfo (java.management@15.0.1)
 269:            27           1512  org.apache.tomcat.util.res.StringManager$1
 270:            62           1488  org.springframework.core.convert.TypeDescriptor
 271:            46           1472  com.fasterxml.jackson.databind.introspect.AnnotatedField
 272:            92           1472  org.springframework.expression.common.LiteralExpression
 273:            61           1464  java.lang.module.ResolvedModule (java.base@15.0.1)
 274:            61           1464  jdk.internal.module.SystemModuleFinders$SystemModuleReader (java.base@15.0.1)
 275:            90           1440  com.sun.proxy.$Proxy24
 276:            90           1440  org.springframework.core.type.classreading.SimpleAnnotationMetadataReadingVisitor$Source
 277:            45           1440  sun.security.util.DerInputBuffer (java.base@15.0.1)
 278:            45           1440  sun.security.util.DerValue (java.base@15.0.1)
 279:            35           1400  java.lang.invoke.MethodHandleImpl$AsVarargsCollector (java.base@15.0.1)
 280:            35           1400  org.springframework.util.ConcurrentReferenceHashMap
 281:            15           1392  [Ljava.lang.Byte; (java.base@15.0.1)
 282:            58           1392  java.util.ArrayDeque (java.base@15.0.1)
 283:            29           1392  java.util.Hashtable (java.base@15.0.1)
 284:             1           1376  [Ljdk.internal.math.FDBigInteger; (java.base@15.0.1)
 285:            86           1376  com.sun.proxy.$Proxy16
 286:            19           1368  org.springframework.web.method.HandlerMethod$HandlerMethodParameter
 287:            46           1360  [Ljavax.management.MBeanOperationInfo; (java.management@15.0.1)
 288:            56           1344  com.fasterxml.jackson.databind.introspect.MemberKey
 289:            84           1344  java.util.jar.Attributes (java.base@15.0.1)
 290:            41           1312  com.sun.management.internal.DiagnosticCommandImpl$Wrapper (jdk.management@15.0.1)
 291:            82           1312  com.sun.proxy.$Proxy1
 292:            41           1312  java.util.PropertyPermission (java.base@15.0.1)
 293:            54           1296  java.security.spec.ECPoint (java.base@15.0.1)
 294:            39           1280  [Ljava.math.BigInteger; (java.base@15.0.1)
 295:            32           1280  com.sun.beans.util.Cache$Kind$Soft (java.desktop@15.0.1)
 296:            32           1280  java.math.BigDecimal (java.base@15.0.1)
 297:            79           1264  com.sun.proxy.$Proxy0
 298:            79           1264  com.sun.proxy.$Proxy4
 299:            39           1248  java.io.RandomAccessFile (java.base@15.0.1)
 300:             4           1200  [Ljava.lang.Integer; (java.base@15.0.1)
 301:            50           1200  io.micrometer.core.instrument.internal.DefaultGauge
 302:            30           1200  java.time.temporal.ChronoField (java.base@15.0.1)
 303:            37           1184  java.util.LinkedList (java.base@15.0.1)
 304:            21           1176  javax.management.openmbean.CompositeType (java.management@15.0.1)
 305:            37           1168  [Ljava.security.cert.Certificate; (java.base@15.0.1)
 306:            29           1160  java.util.PropertyResourceBundle (java.base@15.0.1)
 307:            18           1152  com.fasterxml.jackson.databind.ser.std.MapSerializer
 308:             8           1152  java.text.DecimalFormat (java.base@15.0.1)
 309:            36           1152  org.apache.catalina.util.ManifestResource
 310:            72           1152  sun.reflect.generics.tree.TypeVariableSignature (java.base@15.0.1)
 311:            71           1136  com.sun.proxy.$Proxy5
 312:            47           1128  org.springframework.boot.actuate.endpoint.EndpointId
 313:            40           1120  [Lcom.fasterxml.jackson.databind.ser.BeanPropertyWriter;
 314:            46           1120  [Ljavax.management.MBeanParameterInfo; (java.management@15.0.1)
 315:            35           1120  java.io.ObjectStreamClass$WeakClassKey (java.base@15.0.1)
 316:            36           1112  [Ljava.time.format.DateTimeFormatterBuilder$DateTimePrinterParser; (java.base@15.0.1)
 317:            46           1104  org.springframework.beans.factory.config.BeanDefinitionHolder
 318:            68           1088  java.util.LinkedHashMap$LinkedEntrySet (java.base@15.0.1)
 319:            34           1088  org.springframework.format.support.FormattingConversionService$AnnotationParserConverter
 320:            34           1088  org.springframework.format.support.FormattingConversionService$AnnotationPrinterConverter
 321:            45           1080  [Lsun.security.x509.AVA; (java.base@15.0.1)
 322:            45           1080  sun.security.util.DerInputStream (java.base@15.0.1)
 323:            45           1080  sun.security.x509.AVA (java.base@15.0.1)
 324:            45           1080  sun.security.x509.RDN (java.base@15.0.1)
 325:             1           1048  [Lsun.security.util.KnownOIDs; (java.base@15.0.1)
 326:             1           1040  [Ljava.lang.Long; (java.base@15.0.1)
 327:             1           1040  [Ljava.lang.Short; (java.base@15.0.1)
 328:            65           1040  jdk.internal.reflect.BootstrapConstructorAccessorImpl (java.base@15.0.1)
 329:            26           1040  org.springframework.boot.actuate.endpoint.annotation.EndpointDiscoverer$EndpointBean
 330:            43           1032  com.sun.jmx.mbeanserver.PerInterface$MethodAndSig (java.management@15.0.1)
 331:            41           1024  [Lcom.sun.management.internal.DiagnosticCommandArgumentInfo; (jdk.management@15.0.1)
 332:            42           1008  java.util.concurrent.atomic.AtomicLong (java.base@15.0.1)
 333:            21           1008  javax.management.modelmbean.ModelMBeanOperationInfo (java.management@15.0.1)
 334:            63           1008  jdk.internal.module.SystemModuleFinders$3 (java.base@15.0.1)
 335:            31            992  java.lang.invoke.VarHandle$AccessMode (java.base@15.0.1)
 336:            41            984  java.security.Permissions (java.base@15.0.1)
 337:            24            960  com.sun.jmx.mbeanserver.MXBeanSupport (java.management@15.0.1)
 338:            30            960  java.security.Provider$EngineDescription (java.base@15.0.1)
 339:            24            960  java.time.format.DateTimeFormatter (java.base@15.0.1)
 340:            20            960  java.util.concurrent.locks.ReentrantReadWriteLock$NonfairSync (java.base@15.0.1)
 341:            59            944  org.apache.juli.logging.DirectJDKLog
 342:            39            936  java.util.zip.ZipFile$Source$Key (java.base@15.0.1)
 343:            29            928  jdk.internal.reflect.UnsafeQualifiedStaticLongFieldAccessorImpl (java.base@15.0.1)
 344:            29            928  org.springframework.format.support.FormattingConversionService$PrinterConverter
 345:            19            912  com.fasterxml.jackson.databind.ser.BeanSerializer
 346:            38            912  com.sun.jmx.mbeanserver.NamedObject (java.management@15.0.1)
 347:            38            912  java.util.regex.Pattern$Start (java.base@15.0.1)
 348:            19            912  javax.management.openmbean.ArrayType (java.management@15.0.1)
 349:             9            896  [D (java.base@15.0.1)
 350:            28            896  com.fasterxml.jackson.databind.DeserializationFeature
 351:            28            896  com.fasterxml.jackson.databind.MapperFeature
 352:            28            896  org.springframework.boot.actuate.endpoint.annotation.DiscoveredOperationMethod
 353:             3            888  [[Ljava.lang.String; (java.base@15.0.1)
 354:            22            880  java.lang.invoke.VarHandleReferences$FieldInstanceReadWrite (java.base@15.0.1)
 355:            22            880  org.springframework.core.log.CompositeLog
 356:            36            864  java.lang.management.ManagementPermission (java.management@15.0.1)
 357:            36            864  java.time.format.DateTimeFormatterBuilder$CompositePrinterParser (java.base@15.0.1)
 358:            12            864  javax.management.modelmbean.ModelMBeanInfoSupport (java.management@15.0.1)
 359:            36            864  org.springframework.core.annotation.AnnotationTypeMappings
 360:            35            840  com.fasterxml.jackson.databind.ser.impl.PropertySerializerMap$Single
 361:            21            840  com.sun.beans.introspect.PropertyInfo (java.desktop@15.0.1)
 362:            35            840  java.lang.invoke.Invokers (java.base@15.0.1)
 363:            15            840  javax.management.openmbean.OpenMBeanParameterInfoSupport (java.management@15.0.1)
 364:            21            840  org.springframework.boot.actuate.endpoint.jmx.annotation.DiscoveredJmxOperation
 365:            34            816  java.security.BasicPermissionCollection (java.base@15.0.1)
 366:            34            816  java.util.regex.Pattern$CharPropertyGreedy (java.base@15.0.1)
 367:            34            816  sun.security.util.LazyCodeSourcePermissionCollection (java.base@15.0.1)
 368:            25            800  com.fasterxml.jackson.databind.SerializationFeature
 369:            25            800  com.sun.jmx.mbeanserver.WeakIdentityHashMap$IdentityWeakReference (java.management@15.0.1)
 370:            25            800  java.time.format.DateTimeFormatterBuilder$NumberPrinterParser (java.base@15.0.1)
 371:            50            800  java.util.WeakHashMap$KeySet (java.base@15.0.1)
 372:            25            800  org.springframework.boot.actuate.endpoint.jmx.annotation.DiscoveredJmxEndpoint
 373:             7            784  java.util.GregorianCalendar (java.base@15.0.1)
 374:            32            768  com.sun.jmx.mbeanserver.DefaultMXBeanMappingFactory$IdentityMapping (java.management@15.0.1)
 375:            32            768  io.micrometer.core.instrument.ImmutableTag
 376:            24            768  java.lang.invoke.VarHandle$AccessDescriptor (java.base@15.0.1)
 377:            24            768  sun.security.x509.OIDMap$OIDInfo (java.base@15.0.1)
 378:            46            736  java.util.ImmutableCollections$ListN (java.base@15.0.1)
 379:            23            736  sun.management.MappedMXBeanType$BasicMXBeanType (java.management@15.0.1)
 380:            15            720  com.fasterxml.jackson.databind.ser.impl.IndexedListSerializer
 381:            18            720  java.lang.invoke.BoundMethodHandle$Species_LJ (java.base@15.0.1)
 382:            45            720  java.util.TreeMap$EntrySet (java.base@15.0.1)
 383:            15            720  java.util.concurrent.ThreadPoolExecutor$Worker (java.base@15.0.1)
 384:            30            720  java.util.jar.Manifest (java.base@15.0.1)
 385:            30            720  java.util.regex.Pattern$SliceI (java.base@15.0.1)
 386:            10            720  sun.net.www.protocol.jar.URLJarFile (java.base@15.0.1)
 387:             8            704  java.text.DecimalFormatSymbols (java.base@15.0.1)
 388:            29            696  org.springframework.format.support.FormattingConversionService$ParserConverter
 389:            29            696  sun.security.provider.PolicyFile$PolicyEntry (java.base@15.0.1)
 390:            17            680  org.springframework.beans.factory.support.DisposableBeanAdapter
 391:            17            680  org.springframework.boot.actuate.endpoint.web.annotation.DiscoveredWebEndpoint
 392:            17            680  org.springframework.util.AntPathMatcher
 393:            12            672  java.util.Properties (java.base@15.0.1)
 394:            28            672  java.util.regex.Pattern$Dollar (java.base@15.0.1)
 395:            28            672  org.springframework.boot.actuate.endpoint.invoke.reflect.ReflectiveOperationInvoker
 396:             7            672  sun.util.calendar.Gregorian$Date (java.base@15.0.1)
 397:            22            664  [Ljava.security.ProtectionDomain; (java.base@15.0.1)
 398:            41            656  java.util.concurrent.locks.ReentrantLock (java.base@15.0.1)
 399:            27            648  java.lang.ThreadLocal$ThreadLocalMap (java.base@15.0.1)
 400:            27            648  java.time.Duration (java.base@15.0.1)
 401:            27            648  org.apache.tomcat.util.res.StringManager
 402:            40            640  com.sun.proxy.$Proxy30
 403:            16            640  java.io.ObjectStreamClass$FieldReflector (java.base@15.0.1)
 404:            16            640  java.io.ObjectStreamClass$FieldReflectorKey (java.base@15.0.1)
 405:            10            640  java.nio.DirectByteBuffer (java.base@15.0.1)
 406:             8            640  sun.nio.ch.NioSocketImpl (java.base@15.0.1)
 407:            25            632  [Lcom.fasterxml.jackson.databind.introspect.AnnotationMap;
 408:             3            624  [Ljava.lang.invoke.LambdaForm; (java.base@15.0.1)
 409:            13            624  com.fasterxml.jackson.core.JsonToken
 410:            13            624  java.lang.invoke.BoundMethodHandle$SpeciesData (java.base@15.0.1)
 411:            26            624  java.security.spec.ECFieldF2m (java.base@15.0.1)
 412:            26            624  java.util.regex.Pattern$GroupHead (java.base@15.0.1)
 413:            26            624  java.util.regex.Pattern$GroupTail (java.base@15.0.1)
 414:            26            624  org.springframework.boot.actuate.endpoint.annotation.EndpointDiscoverer$$Lambda$644/0x000000080044f218
 415:            11            616  org.springframework.web.servlet.mvc.method.RequestMappingInfo
 416:            11            616  sun.util.calendar.ZoneInfo (java.base@15.0.1)
 417:            19            608  com.fasterxml.jackson.databind.introspect.AnnotatedConstructor
 418:            19            608  java.net.InetAddress$InetAddressHolder (java.base@15.0.1)
 419:            15            600  java.util.EnumMap (java.base@15.0.1)
 420:             4            576  [Lcom.fasterxml.jackson.core.sym.CharsToNameCanonicalizer$Bucket;
 421:            36            576  com.sun.proxy.$Proxy2
 422:            24            576  io.micrometer.core.instrument.Tags
 423:            24            576  java.io.ObjectStreamClass$ClassDataSlot (java.base@15.0.1)
 424:            24            576  org.springframework.boot.autoconfigure.condition.OnWebApplicationCondition
 425:            12            576  sun.security.x509.X500Name (java.base@15.0.1)
 426:            24            568  [Lio.micrometer.core.instrument.Tag;
 427:            14            560  com.sun.jmx.mbeanserver.PerInterface (java.management@15.0.1)
 428:            35            560  java.security.SecureClassLoader$CodeSourceKey (java.base@15.0.1)
 429:             7            560  java.util.concurrent.TimeUnit (java.base@15.0.1)
 430:            14            560  javax.management.openmbean.SimpleType (java.management@15.0.1)
 431:            14            560  org.springframework.beans.propertyeditors.CustomNumberEditor
 432:             5            560  org.springframework.context.annotation.ScannedGenericBeanDefinition
 433:            10            560  sun.invoke.util.Wrapper (java.base@15.0.1)
 434:            13            552  [Ljava.lang.invoke.MethodType; (java.base@15.0.1)
 435:            23            552  com.sun.beans.introspect.MethodInfo (java.desktop@15.0.1)
 436:            23            552  java.security.SecurityPermission (java.base@15.0.1)
 437:            23            552  java.util.concurrent.ConcurrentHashMap$KeySetView (java.base@15.0.1)
 438:            23            552  sun.reflect.generics.tree.Wildcard (java.base@15.0.1)
 439:            17            544  com.sun.beans.introspect.ClassInfo (java.desktop@15.0.1)
 440:            17            544  java.lang.ThreadLocal$ThreadLocalMap$Entry (java.base@15.0.1)
 441:             1            544  org.springframework.boot.web.embedded.tomcat.TomcatEmbeddedContext
 442:             1            528  [Lcom.fasterxml.jackson.databind.ser.impl.ReadOnlyClassToSerializerMap$Bucket;
 443:             1            528  [Ljava.lang.Character; (java.base@15.0.1)
 444:            11            528  com.sun.jmx.mbeanserver.DefaultMXBeanMappingFactory$CompositeMapping (java.management@15.0.1)
 445:            33            528  javax.management.modelmbean.DescriptorSupport (java.management@15.0.1)
 446:            13            520  [Ljava.lang.invoke.BoundMethodHandle$SpeciesData; (java.base@15.0.1)
 447:            13            520  ch.qos.logback.core.status.InfoStatus
 448:             8            512  [S (java.base@15.0.1)
 449:            16            512  com.sun.beans.util.Cache$CacheEntry (java.desktop@15.0.1)
 450:             8            512  java.text.DateFormatSymbols (java.base@15.0.1)
 451:            16            512  java.time.temporal.ChronoUnit (java.base@15.0.1)
 452:             8            512  org.springframework.beans.factory.support.DefaultListableBeanFactory$NestedDependencyDescriptor
 453:            16            512  org.springframework.util.MimeType
 454:             9            504  com.fasterxml.jackson.databind.cfg.BaseSettings
 455:            21            504  java.util.AbstractMap$SimpleImmutableEntry (java.base@15.0.1)
 456:             7            504  java.util.concurrent.ScheduledThreadPoolExecutor$ScheduledFutureTask (java.base@15.0.1)
 457:            21            504  java.util.concurrent.locks.ReentrantReadWriteLock (java.base@15.0.1)
 458:            21            504  org.springframework.web.servlet.mvc.condition.ProducesRequestCondition$ProduceMediaTypeExpression
 459:            21            504  sun.security.x509.AVAKeyword (java.base@15.0.1)
 460:             7            496  [Lsun.invoke.util.Wrapper; (java.base@15.0.1)
 461:            31            496  com.sun.proxy.$Proxy11
 462:            15            480  com.fasterxml.jackson.core.JsonParser$Feature
 463:            20            480  com.fasterxml.jackson.databind.introspect.AnnotatedClass$Creators
 464:            30            480  java.util.HashMap$Values (java.base@15.0.1)
 465:            12            480  org.apache.tomcat.util.collections.ManagedConcurrentWeakHashMap$Key
 466:            12            480  org.springframework.boot.context.properties.source.SpringIterableConfigurationPropertySource$Mappings
 467:            20            480  org.springframework.core.convert.support.GenericConversionService$ConverterCacheKey
 468:            20            480  sun.reflect.generics.reflectiveObjects.WildcardTypeImpl (java.base@15.0.1)
 469:            15            480  sun.security.x509.AlgorithmId (java.base@15.0.1)
 470:            29            464  com.sun.proxy.$Proxy45
 471:            28            448  com.sun.proxy.jdk.proxy1.$Proxy87 (jdk.proxy1)
 472:            14            448  java.util.concurrent.locks.AbstractQueuedSynchronizer$ConditionNode (java.base@15.0.1)
 473:            28            448  java.util.regex.Pattern$$Lambda$97/0x0000000800149a40 (java.base@15.0.1)
 474:            14            448  java.util.regex.Pattern$Branch (java.base@15.0.1)
 475:            28            448  org.springframework.boot.actuate.endpoint.invoke.reflect.OperationMethodParameters
 476:             8            448  org.springframework.boot.actuate.endpoint.web.servlet.AbstractWebMvcEndpointHandlerMapping$WebMvcEndpointHandlerMethod
 477:             8            448  org.springframework.context.event.ApplicationListenerMethodAdapter
 478:             4            448  sun.nio.ch.SocketChannelImpl (java.base@15.0.1)
 479:             4            448  sun.security.provider.HashDrbg (java.base@15.0.1)
 480:            20            440  [Ljavax.management.MBeanNotificationInfo; (java.management@15.0.1)
 481:            11            440  java.lang.OutOfMemoryError (java.base@15.0.1)
 482:            11            440  java.util.IdentityHashMap (java.base@15.0.1)
 483:            11            440  sun.util.resources.Bundles$BundleReference (java.base@15.0.1)
 484:             1            432  [[[C (java.base@15.0.1)
 485:            27            432  java.security.spec.ECFieldFp (java.base@15.0.1)
 486:            18            432  java.text.DateFormat$Field (java.base@15.0.1)
 487:            18            432  org.springframework.boot.actuate.endpoint.invoke.reflect.OperationMethodParameter
 488:            13            416  java.util.Collections$SynchronizedMap (java.base@15.0.1)
 489:            13            416  java.util.RegularEnumSet (java.base@15.0.1)
 490:            13            416  org.springframework.util.AntPathMatcher$AntPathStringMatcher
 491:            13            416  sun.security.jca.ProviderConfig (java.base@15.0.1)
 492:            13            416  sun.security.x509.URIName (java.base@15.0.1)
 493:            17            408  java.util.Date (java.base@15.0.1)
 494:            17            408  javax.management.StandardMBean (java.management@15.0.1)
 495:            17            408  org.springframework.boot.actuate.autoconfigure.endpoint.expose.IncludeExcludeEndpointFilter$EndpointPatterns
 496:            17            408  org.springframework.boot.ansi.AnsiColor
 497:            17            408  org.springframework.util.AntPathMatcher$PathSeparatorPatternCache
 498:            17            408  sun.nio.ch.OptionKey (java.base@15.0.1)
 499:            17            408  sun.nio.ch.SocketOptionRegistry$RegistryKey (java.base@15.0.1)
 500:            25            400  com.sun.proxy.$Proxy23
 501:            25            400  com.sun.proxy.$Proxy31
 502:            10            400  sun.rmi.transport.tcp.TCPEndpoint (java.rmi@15.0.1)
 503:             5            400  sun.security.x509.X509CertImpl (java.base@15.0.1)
 504:             7            392  sun.management.MemoryPoolImpl (java.management@15.0.1)
 505:            12            384  [Lsun.security.x509.RDN; (java.base@15.0.1)
 506:            24            384  com.sun.proxy.$Proxy3
 507:            24            384  com.sun.proxy.$Proxy52
 508:            12            384  java.rmi.server.UID (java.rmi@15.0.1)
 509:             6            384  java.text.SimpleDateFormat (java.base@15.0.1)
 510:            16            384  java.util.regex.Pattern$$Lambda$99/0x000000080014b2c8 (java.base@15.0.1)
 511:            24            384  java.util.regex.Pattern$BitClass (java.base@15.0.1)
 512:            12            384  org.apache.catalina.LifecycleState
 513:             1            384  org.apache.tomcat.util.net.NioBlockingSelector$BlockPoller
 514:            12            384  org.springframework.boot.actuate.endpoint.jmx.EndpointMBean
 515:            12            384  org.springframework.boot.context.properties.source.SoftReferenceConfigurationPropertyCache
 516:            12            384  org.springframework.boot.context.properties.source.SpringIterableConfigurationPropertySource
 517:            12            384  org.springframework.web.servlet.mvc.condition.PatternsRequestCondition
 518:             1            376  java.lang.ref.Finalizer$FinalizerThread (java.base@15.0.1)
 519:             1            376  java.util.logging.LogManager$Cleaner (java.logging@15.0.1)
 520:             1            376  jdk.internal.misc.InnocuousThread (java.base@15.0.1)
 521:             1            376  org.springframework.boot.web.embedded.tomcat.TomcatWebServer$1
 522:             1            376  org.springframework.context.support.AbstractApplicationContext$1
 523:            14            368  [Ljava.io.ObjectStreamClass$ClassDataSlot; (java.base@15.0.1)
 524:            23            368  com.sun.proxy.$Proxy50
 525:            23            368  com.sun.proxy.$Proxy75
 526:             1            368  java.lang.ref.Reference$ReferenceHandler (java.base@15.0.1)
 527:            14            360  [Ljava.util.regex.Pattern$Node; (java.base@15.0.1)
 528:             9            360  com.sun.org.apache.xalan.internal.utils.XMLSecurityManager$Limit (java.xml@15.0.1)
 529:             3            360  com.sun.org.apache.xalan.internal.xsltc.trax.TransformerFactoryImpl (java.xml@15.0.1)
 530:             9            360  java.lang.WeakPairMap$Pair$Weak (java.base@15.0.1)
 531:            15            360  java.time.Instant (java.base@15.0.1)
 532:            15            360  javax.websocket.CloseReason$CloseCodes
 533:             9            360  sun.util.locale.provider.LocaleResources$ResourceReference (java.base@15.0.1)
 534:            22            352  com.sun.proxy.$Proxy29
 535:            11            352  jdk.internal.reflect.UnsafeQualifiedStaticObjectFieldAccessorImpl (java.base@15.0.1)
 536:             4            352  org.apache.catalina.webresources.CachedResource
 537:            11            352  org.springframework.boot.context.properties.bind.Bindable
 538:            11            352  org.springframework.web.servlet.handler.AbstractHandlerMethodMapping$MappingRegistration
 539:            11            352  sun.util.resources.Bundles$CacheKey (java.base@15.0.1)
 540:             4            336  [Ljava.lang.Thread; (java.base@15.0.1)
 541:            14            336  ch.qos.logback.core.spi.ContextAwareBase
 542:            14            336  com.fasterxml.jackson.databind.util.LRUMap
 543:             6            336  java.lang.invoke.BoundMethodHandle$Species_LLLLLLL (java.base@15.0.1)
 544:            14            336  java.net.Inet4Address (java.base@15.0.1)
 545:             6            336  java.nio.DirectLongBufferU (java.base@15.0.1)
 546:            21            336  java.util.concurrent.locks.ReentrantReadWriteLock$ReadLock (java.base@15.0.1)
 547:            21            336  java.util.concurrent.locks.ReentrantReadWriteLock$Sync$ThreadLocalHoldCounter (java.base@15.0.1)
 548:            21            336  java.util.concurrent.locks.ReentrantReadWriteLock$WriteLock (java.base@15.0.1)
 549:            14            336  org.springframework.util.unit.DataSize
 550:             6            336  sun.rmi.transport.Target (java.rmi@15.0.1)
 551:            18            328  [Ljavax.management.MBeanConstructorInfo; (java.management@15.0.1)
 552:             1            328  java.util.concurrent.ForkJoinPool (java.base@15.0.1)
 553:            13            320  [Ljavax.management.modelmbean.ModelMBeanOperationInfo; (java.management@15.0.1)
 554:            10            320  com.fasterxml.jackson.core.JsonGenerator$Feature
 555:             4            320  com.fasterxml.jackson.databind.DeserializationConfig
 556:             4            320  com.fasterxml.jackson.databind.SerializationConfig
 557:            20            320  java.lang.ThreadLocal (java.base@15.0.1)
 558:             8            320  java.text.DigitList (java.base@15.0.1)
 559:            20            320  java.time.format.DateTimeFormatterBuilder$CharLiteralPrinterParser (java.base@15.0.1)
 560:            10            320  java.util.Vector (java.base@15.0.1)
 561:            10            320  jdk.internal.logger.LazyLoggers$LazyLoggerAccessor (java.base@15.0.1)
 562:            10            320  sun.reflect.generics.repository.ConstructorRepository (java.base@15.0.1)
 563:             3            312  [Ljava.lang.ClassValue$Entry; (java.base@15.0.1)
 564:            13            312  java.util.concurrent.locks.AbstractQueuedSynchronizer$ConditionObject (java.base@15.0.1)
 565:            13            312  org.springframework.beans.factory.config.ConstructorArgumentValues
 566:            13            312  org.springframework.context.support.MessageSourceAccessor
 567:            19            304  com.fasterxml.jackson.databind.introspect.AnnotatedMethodMap
 568:            12            288  ch.qos.logback.core.pattern.LiteralConverter
 569:             4            288  com.fasterxml.jackson.databind.deser.DefaultDeserializationContext$Impl
 570:             4            288  com.fasterxml.jackson.databind.ser.DefaultSerializerProvider$Impl
 571:             9            288  java.lang.WeakPairMap$Pair$Weak$1 (java.base@15.0.1)
 572:            12            288  java.lang.annotation.ElementType (java.base@15.0.1)
 573:            12            288  java.net.StandardSocketOptions$StdSocketOption (java.base@15.0.1)
 574:            18            288  java.util.Collections$SingletonSet (java.base@15.0.1)
 575:             9            288  java.util.logging.Level (java.logging@15.0.1)
 576:             9            288  java.util.logging.Level$KnownLevel (java.logging@15.0.1)
 577:            12            288  java.util.regex.Pattern$BmpCharPredicate$$Lambda$100/0x000000080014b548 (java.base@15.0.1)
 578:             9            288  javax.management.MBeanNotificationInfo (java.management@15.0.1)
 579:             9            288  jdk.internal.org.objectweb.asm.Type (java.base@15.0.1)
 580:             9            288  org.eclipse.jdt.launching.internal.org.objectweb.asm.Type
 581:             6            288  org.springframework.beans.PropertyValue
 582:            12            288  org.springframework.beans.factory.config.BeanExpressionContext
 583:            12            288  org.springframework.boot.actuate.endpoint.jmx.annotation.DiscoveredJmxOperation$DiscoveredJmxOperationParameter
 584:            18            288  org.springframework.boot.autoconfigure.condition.OnPropertyCondition
 585:            12            288  org.springframework.boot.context.properties.bind.BindConverter$ResolvableTypeDescriptor
 586:            12            288  org.springframework.core.convert.support.GenericConversionService$ConverterFactoryAdapter
 587:            12            288  org.springframework.format.datetime.standard.TemporalAccessorParser
 588:             1            280  [Ljava.lang.invoke.LambdaForm$Kind; (java.base@15.0.1)
 589:             5            280  com.fasterxml.jackson.databind.type.ArrayType
 590:             7            280  java.io.FilePermission (java.base@15.0.1)
 591:             7            280  jdk.internal.loader.NativeLibraries$NativeLibraryImpl (java.base@15.0.1)
 592:             7            280  org.springframework.boot.actuate.endpoint.web.WebOperationRequestPredicate
 593:             7            280  org.springframework.boot.logging.logback.ColorConverter
 594:             7            280  sun.management.MemoryPoolImpl$CollectionSensor (java.management@15.0.1)
 595:             7            280  sun.management.MemoryPoolImpl$PoolSensor (java.management@15.0.1)
 596:             5            280  sun.security.x509.X509CertInfo (java.base@15.0.1)
 597:            12            272  [Lorg.springframework.core.MethodParameter;
 598:            17            272  com.sun.proxy.$Proxy44
 599:            17            272  org.springframework.boot.actuate.autoconfigure.endpoint.condition.OnAvailableEndpointCondition
 600:            17            272  org.springframework.web.servlet.mvc.condition.RequestMethodsRequestCondition
 601:             2            272  sun.nio.ch.WindowsSelectorImpl (java.base@15.0.1)
 602:            11            264  com.fasterxml.jackson.annotation.JsonFormat$Shape
 603:            11            264  java.beans.PropertyChangeSupport (java.desktop@15.0.1)
 604:            11            264  java.lang.invoke.MethodHandleImpl$Intrinsic (java.base@15.0.1)
 605:            11            264  java.lang.invoke.VarForm (java.base@15.0.1)
 606:            11            264  java.util.regex.Pattern$BmpCharPropertyGreedy (java.base@15.0.1)
 607:            11            264  org.springframework.core.ResolvableType$SyntheticParameterizedType
 608:            11            264  org.springframework.core.ResolvableType$TypeVariablesVariableResolver
 609:             2            256  [Lcom.fasterxml.jackson.databind.DeserializationFeature;
 610:             2            256  [Lcom.fasterxml.jackson.databind.MapperFeature;
 611:             4            256  com.fasterxml.jackson.core.sym.ByteQuadsCanonicalizer
 612:             4            256  com.fasterxml.jackson.core.sym.CharsToNameCanonicalizer
 613:             4            256  com.fasterxml.jackson.databind.MappingJsonFactory
 614:             4            256  com.fasterxml.jackson.databind.ObjectMapper
 615:             4            256  com.fasterxml.jackson.datatype.jsr310.JavaTimeModule
 616:            16            256  com.sun.proxy.$Proxy25
 617:            16            256  com.sun.proxy.$Proxy41
 618:             8            256  java.lang.reflect.ProxyGenerator$PrimitiveTypeInfo (java.base@15.0.1)
 619:             8            256  jdk.internal.reflect.UnsafeQualifiedStaticIntegerFieldAccessorImpl (java.base@15.0.1)
 620:             8            256  org.springframework.beans.factory.support.DefaultListableBeanFactory$DependencyObjectProvider
 621:             4            256  org.springframework.util.LinkedCaseInsensitiveMap$1
 622:             4            256  sun.security.provider.SHA2$SHA256 (java.base@15.0.1)
 623:             2            240  [Lcom.fasterxml.jackson.databind.SerializationFeature;
 624:            15            240  [Ljava.lang.annotation.Annotation; (java.base@15.0.1)
 625:             5            240  com.fasterxml.jackson.databind.introspect.BasicBeanDescription
 626:            10            240  com.sun.jmx.remote.util.ClassLogger (java.management@15.0.1)
 627:            15            240  com.sun.proxy.jdk.proxy1.$Proxy21 (jdk.proxy1)
 628:             5            240  java.lang.invoke.BoundMethodHandle$Species_LLLL (java.base@15.0.1)
 629:             5            240  java.net.URLPermission (java.base@15.0.1)
 630:            10            240  java.nio.charset.CoderResult (java.base@15.0.1)
 631:            10            240  java.nio.file.StandardOpenOption (java.base@15.0.1)
 632:            10            240  java.security.CryptoPrimitive (java.base@15.0.1)
 633:             1            240  org.apache.catalina.core.StandardWrapper
 634:             5            240  org.apache.tomcat.util.descriptor.web.FilterDef
 635:            10            240  org.springframework.boot.autoconfigure.cache.CacheType
 636:             6            240  org.springframework.core.io.ResourceEditor
 637:            10            240  org.springframework.web.servlet.mvc.condition.ProducesRequestCondition
 638:            10            240  sun.reflect.generics.scope.ConstructorScope (java.base@15.0.1)
 639:             6            240  sun.rmi.transport.WeakRef (java.rmi@15.0.1)
 640:             5            240  sun.security.rsa.RSAPublicKeyImpl (java.base@15.0.1)
 641:             5            240  sun.security.util.MemoryCache$SoftCacheEntry (java.base@15.0.1)
 642:            15            240  sun.security.x509.GeneralName (java.base@15.0.1)
 643:             5            232  [Ljava.lang.invoke.LambdaForm$NamedFunction; (java.base@15.0.1)
 644:            14            224  com.fasterxml.jackson.databind.ser.std.ToStringSerializer
 645:            14            224  com.sun.proxy.$Proxy36
 646:             4            224  java.net.SocketPermission (java.base@15.0.1)
 647:             4            224  java.nio.HeapByteBuffer (java.base@15.0.1)
 648:            14            224  java.rmi.server.Operation (java.rmi@15.0.1)
 649:            14            224  java.util.Collections$UnmodifiableMap$UnmodifiableEntrySet (java.base@15.0.1)
 650:            14            224  java.util.concurrent.atomic.AtomicBoolean (java.base@15.0.1)
 651:             7            224  java.util.concurrent.atomic.DoubleAdder (java.base@15.0.1)
 652:            14            224  java.util.regex.Pattern$BranchConn (java.base@15.0.1)
 653:             7            224  java.util.regex.Pattern$Curly (java.base@15.0.1)
 654:             4            224  javax.management.openmbean.OpenMBeanOperationInfoSupport (java.management@15.0.1)
 655:             1            224  org.springframework.beans.factory.support.DefaultListableBeanFactory
 656:             7            224  org.springframework.boot.actuate.endpoint.web.annotation.DiscoveredWebOperation
 657:             7            224  org.springframework.boot.convert.DurationStyle$Unit
 658:            14            224  org.springframework.core.convert.support.ObjectToStringConverter
 659:             4            224  org.springframework.web.method.HandlerMethod
 660:             2            224  org.springframework.web.servlet.resource.ResourceHttpRequestHandler
 661:             9            216  java.net.InetSocketAddress$InetSocketAddressHolder (java.base@15.0.1)
 662:             9            216  java.net.NetPermission (java.base@15.0.1)
 663:             9            216  java.nio.file.attribute.PosixFilePermission (java.base@15.0.1)
 664:             9            216  java.util.BitSet (java.base@15.0.1)
 665:             9            216  java.util.concurrent.ConcurrentLinkedQueue$Node (java.base@15.0.1)
 666:             9            216  java.util.regex.Pattern$CharProperty (java.base@15.0.1)
 667:             9            216  org.springframework.core.io.DefaultResourceLoader
 668:             9            216  sun.rmi.runtime.Log$LoggerLog (java.rmi@15.0.1)
 669:             9            216  sun.util.logging.PlatformLogger$Level (java.base@15.0.1)
 670:             9            208  [Lcom.fasterxml.jackson.databind.ser.Serializers;
 671:             4            208  [Lcom.sun.org.apache.xalan.internal.utils.XMLSecurityManager$State; (java.xml@15.0.1)
 672:            13            208  java.text.NumberFormat$Field (java.base@15.0.1)
 673:            13            208  java.util.concurrent.atomic.AtomicReference (java.base@15.0.1)
 674:             2            208  sun.security.provider.Sun (java.base@15.0.1)
 675:            13            208  sun.security.x509.DNSName (java.base@15.0.1)
 676:            13            208  sun.util.logging.internal.LoggingProviderImpl$JULWrapper (java.logging@15.0.1)
 677:             2            200  [Ljava.text.DateFormat$Field; (java.base@15.0.1)
 678:             5            200  com.fasterxml.jackson.core.util.DefaultPrettyPrinter
 679:             5            200  java.lang.invoke.MethodHandleImpl$IntrinsicMethodHandle (java.base@15.0.1)
 680:             5            200  java.net.Socket (java.base@15.0.1)
 681:             5            200  java.util.stream.StreamOpFlag (java.base@15.0.1)
 682:             5            200  org.apache.tomcat.util.descriptor.web.FilterMap
 683:             5            200  sun.security.x509.AuthorityKeyIdentifierExtension (java.base@15.0.1)
 684:             6            192  [Ljava.lang.invoke.LambdaFormEditor$Transform; (java.base@15.0.1)
 685:             8            192  com.fasterxml.jackson.annotation.JsonFormat$Feature
 686:             8            192  com.fasterxml.jackson.databind.module.SimpleSerializers
 687:             4            192  com.fasterxml.jackson.databind.ser.std.CollectionSerializer
 688:             8            192  com.sun.beans.introspect.PropertyInfo$Name (java.desktop@15.0.1)
 689:             6            192  com.sun.jmx.mbeanserver.DefaultMXBeanMappingFactory$CollectionMapping (java.management@15.0.1)
 690:            12            192  com.sun.proxy.$Proxy18
 691:             6            192  java.lang.ClassValue$Entry (java.base@15.0.1)
 692:             4            192  java.lang.ThreadGroup (java.base@15.0.1)
 693:             4            192  java.lang.invoke.BoundMethodHandle$Species_LLLLL (java.base@15.0.1)
 694:             6            192  java.lang.invoke.LambdaForm$BasicType (java.base@15.0.1)
 695:             8            192  java.math.RoundingMode (java.base@15.0.1)
 696:             3            192  java.nio.DirectByteBufferR (java.base@15.0.1)
 697:             6            192  java.nio.file.attribute.FileTime (java.base@15.0.1)
 698:             3            192  java.security.SecureRandom (java.base@15.0.1)
 699:             6            192  java.security.cert.PolicyQualifierInfo (java.base@15.0.1)
 700:             6            192  java.time.format.TextStyle (java.base@15.0.1)
 701:            12            192  java.util.TreeMap$Values (java.base@15.0.1)
 702:             1            192  org.apache.tomcat.util.net.NioEndpoint
 703:            12            192  org.apache.tomcat.util.threads.TaskThread$WrappingRunnable
 704:             3            192  org.springframework.boot.autoconfigure.web.WebProperties$Resources$Cache$Cachecontrol
 705:             8            192  org.springframework.boot.logging.DeferredLog
 706:             8            192  org.springframework.context.expression.AnnotatedElementKey
 707:            12            192  org.springframework.format.datetime.standard.TemporalAccessorPrinter
 708:             8            192  org.springframework.http.HttpMethod
 709:             8            192  org.springframework.web.bind.annotation.RequestMethod
 710:             6            192  sun.rmi.transport.LiveRef (java.rmi@15.0.1)
 711:             6            192  sun.security.x509.DistributionPoint (java.base@15.0.1)
 712:             2            176  com.sun.jmx.remote.util.ClassLoaderWithRepository (java.management@15.0.1)
 713:            11            176  java.beans.PropertyChangeSupport$PropertyChangeListenerMap (java.desktop@15.0.1)
 714:             2            176  javax.management.remote.rmi.RMIConnectionImpl$CombinedClassLoader (java.management.rmi@15.0.1)
 715:             2            176  org.apache.catalina.deploy.NamingResourcesImpl
 716:             1            168  [[Ljava.math.BigInteger; (java.base@15.0.1)
 717:             7            168  ch.qos.logback.classic.Level
 718:             7            168  com.fasterxml.jackson.annotation.JsonInclude$Include
 719:             7            168  com.fasterxml.jackson.annotation.PropertyAccessor
 720:             3            168  com.fasterxml.jackson.datatype.jsr310.deser.InstantDeserializer
 721:             7            168  io.micrometer.core.instrument.cumulative.CumulativeCounter
 722:             7            168  java.lang.NamedPackage (java.base@15.0.1)
 723:             7            168  java.lang.System$Logger$Level (java.base@15.0.1)
 724:             7            168  java.rmi.server.ObjID (java.rmi@15.0.1)
 725:             7            168  java.util.concurrent.Executors$RunnableAdapter (java.base@15.0.1)
 726:             7            168  java.util.regex.Pattern$Ques (java.base@15.0.1)
 727:             1            168  org.apache.catalina.core.StandardHost
 728:             7            168  org.springframework.boot.logging.LogLevel
 729:             7            168  org.springframework.cglib.proxy.CallbackInfo
 730:             7            168  org.springframework.web.servlet.mvc.method.annotation.RequestResponseBodyAdviceChain
 731:             7            168  org.springframework.web.util.UrlPathHelper
 732:             7            168  sun.management.counter.Units (java.management@15.0.1)
 733:             7            168  sun.security.x509.AccessDescription (java.base@15.0.1)
 734:             4            160  [F (java.base@15.0.1)
 735:             2            160  [Lcom.fasterxml.jackson.core.JsonParser$Feature;
 736:             2            160  [Ljava.nio.ByteBuffer; (java.base@15.0.1)
 737:             2            160  [Ljava.time.temporal.ChronoUnit; (java.base@15.0.1)
 738:             2            160  [Ljava.util.concurrent.RunnableScheduledFuture; (java.base@15.0.1)
 739:             3            160  [Ljava.util.logging.Level; (java.logging@15.0.1)
 740:             4            160  [Lorg.springframework.web.bind.annotation.RequestMethod;
 741:             4            160  com.fasterxml.jackson.core.Base64Variant
 742:             5            160  com.fasterxml.jackson.core.JsonEncoding
 743:             4            160  com.fasterxml.jackson.core.Version
 744:             4            160  com.fasterxml.jackson.core.sym.ByteQuadsCanonicalizer$TableInfo
 745:             4            160  com.fasterxml.jackson.databind.cfg.ConfigOverrides
 746:             5            160  com.fasterxml.jackson.databind.cfg.DeserializerFactoryConfig
 747:             5            160  com.fasterxml.jackson.databind.type.TypeFactory
 748:             5            160  java.lang.invoke.VarHandle$AccessType (java.base@15.0.1)
 749:             5            160  java.lang.invoke.VarHandleInts$FieldInstanceReadWrite (java.base@15.0.1)
 750:             5            160  java.net.HostPortrange (java.base@15.0.1)
 751:             5            160  java.net.Inet6Address$Inet6AddressHolder (java.base@15.0.1)
 752:            10            160  java.util.Formatter$Flags (java.base@15.0.1)
 753:             5            160  java.util.ImmutableCollections$MapN (java.base@15.0.1)
 754:             5            160  javax.management.StandardEmitterMBean (java.management@15.0.1)
 755:             2            160  javax.management.remote.rmi.RMIConnectionImpl$CombinedClassLoader$ClassLoaderWrapper (java.management.rmi@15.0.1)
 756:             4            160  javax.xml.catalog.CatalogFeatures$Feature (java.xml@15.0.1)
 757:            10            160  jdk.internal.logger.LazyLoggers$JdkLazyLogger (java.base@15.0.1)
 758:             4            160  jdk.xml.internal.JdkXmlFeatures$XmlFeature (java.xml@15.0.1)
 759:             5            160  org.apache.catalina.core.ApplicationFilterConfig
 760:             4            160  org.apache.catalina.core.StandardPipeline
 761:             1            160  org.apache.catalina.session.StandardManager
 762:             5            160  org.springframework.boot.context.properties.bind.JavaBeanBinder$BeanProperty
 763:             1            160  org.springframework.boot.web.embedded.tomcat.TomcatServletWebServerFactory
 764:             1            160  org.springframework.boot.web.servlet.context.AnnotationConfigServletWebServerApplicationContext
 765:             5            160  org.springframework.http.converter.ResourceHttpMessageConverter
 766:             4            160  org.springframework.http.converter.json.MappingJackson2HttpMessageConverter
 767:             4            160  org.springframework.util.LinkedCaseInsensitiveMap
 768:             1            160  org.springframework.web.servlet.mvc.method.annotation.RequestMappingHandlerAdapter
 769:             5            160  sun.security.x509.BasicConstraintsExtension (java.base@15.0.1)
 770:            10            160  sun.security.x509.KeyIdentifier (java.base@15.0.1)
 771:             5            160  sun.security.x509.KeyUsageExtension (java.base@15.0.1)
 772:             5            160  sun.security.x509.SubjectKeyIdentifierExtension (java.base@15.0.1)
 773:             5            160  sun.util.locale.provider.LocaleProviderAdapter$Type (java.base@15.0.1)
 774:             5            160  sun.util.locale.provider.LocaleResources (java.base@15.0.1)
 775:             2            152  [Lcom.fasterxml.jackson.core.JsonToken;
 776:             1            152  org.apache.coyote.http11.Http11NioProtocol
 777:             1            152  org.springframework.boot.web.embedded.tomcat.TomcatEmbeddedWebappClassLoader
 778:             1            144  [Lcom.sun.beans.util.Cache$CacheEntry; (java.desktop@15.0.1)
 779:             1            144  [Ljava.lang.invoke.VarHandle$AccessMode; (java.base@15.0.1)
 780:             2            144  [Ljava.math.BigDecimal; (java.base@15.0.1)
 781:             1            144  [Ljava.util.concurrent.ForkJoinPool$WorkQueue; (java.base@15.0.1)
 782:             6            144  com.fasterxml.jackson.annotation.JsonAutoDetect$Visibility
 783:             6            144  com.fasterxml.jackson.core.JsonParser$NumberType
 784:             6            144  io.micrometer.core.instrument.Meter$Type
 785:             6            144  java.io.ObjectStreamClass$ExceptionInfo (java.base@15.0.1)
 786:             6            144  java.lang.Thread$State (java.base@15.0.1)
 787:             9            144  java.net.InetSocketAddress (java.base@15.0.1)
 788:             6            144  java.time.format.DateTimeFormatterBuilder$LocalizedPrinterParser (java.base@15.0.1)
 789:             3            144  java.time.temporal.JulianFields$Field (java.base@15.0.1)
 790:             9            144  java.util.concurrent.ConcurrentHashMap$ValuesView (java.base@15.0.1)
 791:             6            144  java.util.concurrent.ConcurrentLinkedQueue (java.base@15.0.1)
 792:             2            144  java.util.concurrent.ScheduledThreadPoolExecutor (java.base@15.0.1)
 793:             2            144  java.util.concurrent.ThreadPoolExecutor (java.base@15.0.1)
 794:             3            144  javax.management.openmbean.TabularType (java.management@15.0.1)
 795:             6            144  jdk.internal.perf.PerfCounter (java.base@15.0.1)
 796:             1            144  org.apache.catalina.core.StandardServer
 797:             6            144  org.springframework.boot.context.properties.source.ConfigurationPropertyName$ElementType
 798:             6            144  org.springframework.context.event.AbstractApplicationEventMulticaster$CachedListenerRetriever
 799:             6            144  org.springframework.context.event.AbstractApplicationEventMulticaster$ListenerCacheKey
 800:             9            144  org.springframework.web.context.request.RequestScope
 801:             6            144  org.springframework.web.servlet.mvc.method.annotation.ServletModelAttributeMethodProcessor
 802:             3            144  sun.nio.cs.StreamEncoder (java.base@15.0.1)
 803:             3            144  sun.nio.cs.UTF_8$Encoder (java.base@15.0.1)
 804:             6            144  sun.rmi.transport.ObjectEndpoint (java.rmi@15.0.1)
 805:             3            144  sun.security.provider.MoreDrbgParameters (java.base@15.0.1)
 806:             6            144  sun.security.util.DisabledAlgorithmConstraints$Constraint$Operator (java.base@15.0.1)
 807:             6            144  sun.security.x509.PolicyInformation (java.base@15.0.1)
 808:             1            136  [Ljava.time.temporal.ChronoField; (java.base@15.0.1)
 809:             4            136  [Ljdk.xml.internal.JdkXmlFeatures$State; (java.xml@15.0.1)
 810:             6            128  [Lcom.fasterxml.jackson.databind.deser.Deserializers;
 811:             4            128  [Ljava.rmi.server.Operation; (java.rmi@15.0.1)
 812:             2            128  [Ljava.util.regex.Pattern; (java.base@15.0.1)
 813:             4            128  com.fasterxml.jackson.core.sym.CharsToNameCanonicalizer$TableInfo
 814:             2            128  com.fasterxml.jackson.databind.deser.std.MapDeserializer
 815:             4            128  com.fasterxml.jackson.databind.ser.impl.PropertySerializerMap$Double
 816:             4            128  com.sun.jmx.mbeanserver.DefaultMXBeanMappingFactory$ArrayMapping (java.management@15.0.1)
 817:             8            128  com.sun.proxy.$Proxy53
 818:             8            128  com.sun.proxy.$Proxy54
 819:             8            128  com.sun.proxy.$Proxy67
 820:             4            128  io.micrometer.core.instrument.cumulative.CumulativeFunctionCounter
 821:             4            128  java.io.BufferedOutputStream (java.base@15.0.1)
 822:             4            128  java.io.DataInputStream (java.base@15.0.1)
 823:             2            128  java.lang.ClassValue$ClassValueMap (java.base@15.0.1)
 824:             2            128  java.lang.invoke.BoundMethodHandle$Species_LLLLLLLLL (java.base@15.0.1)
 825:             4            128  java.lang.invoke.MethodHandles$Lookup (java.base@15.0.1)
 826:             4            128  java.security.MessageDigest$Delegate$CloneableDelegate (java.base@15.0.1)
 827:             8            128  java.util.TreeMap$KeySet (java.base@15.0.1)
 828:             4            128  java.util.stream.FindOps$FindOp (java.base@15.0.1)
 829:             2            128  javax.management.remote.rmi.RMIConnectionImpl (java.management.rmi@15.0.1)
 830:             2            128  javax.management.remote.rmi.RMIConnectorServer (java.management.rmi@15.0.1)
 831:             2            128  javax.management.remote.rmi.RMIJRMPServerImpl (java.management.rmi@15.0.1)
 832:             4            128  jdk.internal.reflect.UnsafeStaticObjectFieldAccessorImpl (java.base@15.0.1)
 833:             1            128  org.apache.catalina.core.StandardEngine
 834:             4            128  org.apache.tomcat.util.collections.SynchronizedStack
 835:             4            128  org.springframework.beans.propertyeditors.CustomCollectionEditor
 836:             4            128  org.springframework.boot.actuate.autoconfigure.endpoint.expose.IncludeExcludeEndpointFilter
 837:             8            128  org.springframework.boot.logging.DeferredLogs$$Lambda$170/0x0000000800206cf8
 838:             4            128  org.springframework.http.converter.StringHttpMessageConverter
 839:             8            128  org.springframework.util.LinkedMultiValueMap
 840:             4            128  org.springframework.util.PropertyPlaceholderHelper
 841:             4            128  org.springframework.web.method.annotation.RequestParamMethodArgumentResolver
 842:             4            128  sun.security.util.DisabledAlgorithmConstraints$KeySizeConstraint (java.base@15.0.1)
 843:             4            128  sun.security.x509.AuthorityInfoAccessExtension (java.base@15.0.1)
 844:             4            128  sun.security.x509.CRLDistributionPointsExtension (java.base@15.0.1)
 845:             4            128  sun.security.x509.CertificatePoliciesExtension (java.base@15.0.1)
 846:             4            128  sun.security.x509.ExtendedKeyUsageExtension (java.base@15.0.1)
 847:             8            128  sun.security.x509.GeneralNames (java.base@15.0.1)
 848:             5            120  [Lcom.fasterxml.jackson.databind.deser.KeyDeserializers;
 849:             3            120  [Ljava.lang.invoke.LambdaForm$BasicType; (java.base@15.0.1)
 850:             3            120  [Lorg.springframework.http.HttpMethod;
 851:             5            120  ch.qos.logback.core.pattern.parser.TokenStream$TokenizerState
 852:             5            120  ch.qos.logback.core.subst.Token$Type
 853:             5            120  com.fasterxml.jackson.annotation.Nulls
 854:             5            120  com.fasterxml.jackson.core.util.DefaultIndenter
 855:             3            120  com.fasterxml.jackson.databind.PropertyMetadata
 856:             5            120  com.fasterxml.jackson.databind.cfg.SerializerFactoryConfig
 857:             5            120  com.fasterxml.jackson.databind.type.TypeBindings$AsKey
 858:             5            120  com.sun.org.apache.xalan.internal.utils.FeaturePropertyBase$State (java.xml@15.0.1)
 859:             5            120  com.sun.org.apache.xalan.internal.utils.XMLSecurityManager$State (java.xml@15.0.1)
 860:             3            120  java.io.BufferedInputStream (java.base@15.0.1)
 861:             5            120  java.lang.module.ModuleDescriptor$Opens (java.base@15.0.1)
 862:             3            120  java.lang.reflect.ProxyGenerator$ProxyMethod (java.base@15.0.1)
 863:             5            120  java.net.Inet6Address (java.base@15.0.1)
 864:             5            120  java.time.format.SignStyle (java.base@15.0.1)
 865:             5            120  java.util.regex.Pattern$Slice (java.base@15.0.1)
 866:             5            120  java.util.stream.StreamOpFlag$Type (java.base@15.0.1)
 867:             5            120  javax.servlet.DispatcherType
 868:             5            120  jdk.internal.math.FloatingDecimal$PreparedASCIIToBinaryBuffer (java.base@15.0.1)
 869:             5            120  jdk.net.ExtendedSocketOptions$ExtSocketOption (jdk.net@15.0.1)
 870:             5            120  jdk.xml.internal.JdkXmlFeatures$State (java.xml@15.0.1)
 871:             3            120  org.apache.tomcat.util.buf.UDecoder$DecodeException
 872:             3            120  org.springframework.beans.factory.annotation.InitDestroyAnnotationBeanPostProcessor$LifecycleMetadata
 873:             5            120  org.springframework.boot.ansi.AnsiStyle
 874:             5            120  org.springframework.boot.context.config.ConfigDataEnvironmentContributor$Kind
 875:             5            120  org.springframework.boot.context.config.ConfigDataLocation
 876:             3            120  org.springframework.cglib.proxy.Enhancer$EnhancerKey$$KeyFactoryByCGLIB$$4ce19e8f
 877:             5            120  org.springframework.context.annotation.FilterType
 878:             5            120  org.springframework.core.annotation.AnnotationTypeMapping$MirrorSets$MirrorSet
 879:             5            120  org.springframework.core.annotation.MergedAnnotations$SearchStrategy
 880:             5            120  org.springframework.core.io.FileSystemResource
 881:             5            120  org.springframework.http.HttpStatus$Series
 882:             5            120  org.springframework.web.accept.ContentNegotiationManager
 883:             1            120  org.springframework.web.servlet.DispatcherServlet
 884:             3            120  org.springframework.web.servlet.handler.AbstractHandlerMethodMapping$MappingRegistry
 885:             3            120  org.springframework.web.servlet.mvc.method.annotation.HttpEntityMethodProcessor
 886:             3            120  org.springframework.web.servlet.mvc.method.annotation.RequestResponseBodyMethodProcessor
 887:             5            120  sun.nio.fs.WindowsPathType (java.base@15.0.1)
 888:             3            120  sun.rmi.server.UnicastServerRef (java.rmi@15.0.1)
 889:             3            120  sun.rmi.server.UnicastServerRef2 (java.rmi@15.0.1)
 890:             5            120  sun.security.jca.ServiceId (java.base@15.0.1)
 891:             5            120  sun.security.util.BitArray (java.base@15.0.1)
 892:             5            120  sun.security.util.Cache$EqualByteArray (java.base@15.0.1)
 893:             5            120  sun.security.x509.CertificateExtensions (java.base@15.0.1)
 894:             5            120  sun.security.x509.CertificateValidity (java.base@15.0.1)
 895:             2            112  [Lcom.fasterxml.jackson.core.JsonGenerator$Feature;
 896:             5            112  [Lcom.fasterxml.jackson.databind.deser.ValueInstantiators;
 897:             4            112  [Lcom.sun.org.apache.xalan.internal.utils.FeaturePropertyBase$State; (java.xml@15.0.1)
 898:             2            112  [Ljava.security.CryptoPrimitive; (java.base@15.0.1)
 899:             2            112  [Ljavax.management.openmbean.OpenType; (java.management@15.0.1)
 900:             2            112  [Lorg.springframework.boot.autoconfigure.cache.CacheType;
 901:             7            112  com.sun.proxy.$Proxy79
 902:             7            112  com.sun.proxy.$Proxy83
 903:             2            112  java.io.ObjectInputFilter$Config$Global (java.base@15.0.1)
 904:             2            112  java.nio.DirectIntBufferRU (java.base@15.0.1)
 905:             7            112  java.util.Collections$UnmodifiableCollection (java.base@15.0.1)
 906:             7            112  java.util.EnumMap$EntrySet (java.base@15.0.1)
 907:             7            112  jdk.internal.loader.ClassLoaderValue (java.base@15.0.1)
 908:             1            112  jdk.internal.loader.ClassLoaders$AppClassLoader (java.base@15.0.1)
 909:             1            112  org.apache.catalina.connector.Connector
 910:             7            112  org.springframework.boot.actuate.endpoint.web.servlet.AbstractWebMvcEndpointHandlerMapping$OperationHandler
 911:             7            112  org.springframework.boot.actuate.endpoint.web.servlet.AbstractWebMvcEndpointHandlerMapping$ServletWebOperationAdapter
 912:             1            112  org.springframework.boot.actuate.endpoint.web.servlet.ControllerEndpointHandlerMapping
 913:             1            112  org.springframework.boot.autoconfigure.AutoConfigurationPackages$BasePackagesBeanDefinition
 914:             7            112  org.springframework.core.DefaultParameterNameDiscoverer
 915:             7            112  org.springframework.core.LocalVariableTableParameterNameDiscoverer
 916:             7            112  org.springframework.core.StandardReflectionParameterNameDiscoverer
 917:             2            112  org.springframework.core.env.PropertySourcesPropertyResolver
 918:             7            112  org.springframework.web.cors.DefaultCorsProcessor
 919:             2            112  sun.nio.ch.SinkChannelImpl (java.base@15.0.1)
 920:             2            112  sun.nio.ch.SourceChannelImpl (java.base@15.0.1)
 921:             2            112  sun.rmi.transport.tcp.TCPConnection (java.rmi@15.0.1)
 922:             4            104  [Ljava.util.stream.Collector$Characteristics; (java.base@15.0.1)
 923:             2            104  [Lsun.util.logging.PlatformLogger$Level; (java.base@15.0.1)
 924:             1            104  jdk.internal.loader.ClassLoaders$BootClassLoader (java.base@15.0.1)
 925:             1            104  jdk.internal.loader.ClassLoaders$PlatformClassLoader (java.base@15.0.1)
 926:             1            104  org.apache.catalina.authenticator.NonLoginAuthenticator
 927:             1            104  org.apache.tomcat.util.net.SocketProperties
 928:             1            104  org.springframework.boot.actuate.endpoint.web.servlet.WebMvcEndpointHandlerMapping
 929:             1            104  org.springframework.web.servlet.view.InternalResourceViewResolver
 930:             1            104  sun.security.jca.ProviderList$1 (java.base@15.0.1)
 931:             1            104  sun.security.rsa.SunRsaSign (java.base@15.0.1)
 932:             2             96  [Lcom.fasterxml.jackson.annotation.JsonInclude$Include;
 933:             2             96  [Lcom.fasterxml.jackson.annotation.PropertyAccessor;
 934:             4             96  [Lcom.fasterxml.jackson.databind.type.TypeModifier;
 935:             2             96  [Ljava.lang.System$Logger$Level; (java.base@15.0.1)
 936:             4             96  [Ljava.net.InetSocketAddress; (java.base@15.0.1)
 937:             2             96  [Lorg.springframework.boot.logging.LogLevel;
 938:             2             96  [Lsun.nio.ch.SelectionKeyImpl; (java.base@15.0.1)
 939:             1             96  [Lsun.util.locale.BaseLocale; (java.base@15.0.1)
 940:             1             96  [[J (java.base@15.0.1)
 941:             1             96  ch.qos.logback.classic.LoggerContext
 942:             4             96  ch.qos.logback.core.pattern.parser.Token
 943:             4             96  ch.qos.logback.core.subst.Token
 944:             4             96  com.fasterxml.jackson.annotation.JsonCreator$Mode
 945:             4             96  com.fasterxml.jackson.annotation.JsonProperty$Access
 946:             4             96  com.fasterxml.jackson.core.JsonFactory$Feature
 947:             4             96  com.fasterxml.jackson.databind.PropertyName
 948:             4             96  com.fasterxml.jackson.databind.deser.DeserializerCache
 949:             4             96  com.fasterxml.jackson.databind.introspect.AnnotationCollector$OneAnnotation
 950:             4             96  com.fasterxml.jackson.databind.introspect.SimpleMixInResolver
 951:             4             96  com.fasterxml.jackson.databind.introspect.TypeResolutionContext$Basic
 952:             4             96  com.fasterxml.jackson.databind.module.SimpleDeserializers
 953:             4             96  com.fasterxml.jackson.databind.ser.SerializerCache
 954:             3             96  com.fasterxml.jackson.datatype.jsr310.deser.JSR310StringParsableDeserializer
 955:             4             96  com.sun.jmx.interceptor.DefaultMBeanServerInterceptor$ListenerWrapper (java.management@15.0.1)
 956:             3             96  com.sun.jmx.mbeanserver.DefaultMXBeanMappingFactory$EnumMapping (java.management@15.0.1)
 957:             2             96  com.sun.management.internal.GarbageCollectorExtImpl (jdk.management@15.0.1)
 958:             2             96  com.sun.management.internal.GcInfoBuilder (jdk.management@15.0.1)
 959:             3             96  com.sun.org.apache.xalan.internal.utils.XMLSecurityManager (java.xml@15.0.1)
 960:             3             96  com.sun.org.apache.xalan.internal.utils.XMLSecurityManager$NameMap (java.xml@15.0.1)
 961:             6             96  com.sun.proxy.$Proxy46
 962:             6             96  com.sun.proxy.$Proxy48
 963:             6             96  io.micrometer.core.instrument.binder.jvm.JvmThreadMetrics$$Lambda$622/0x000000080043e088
 964:             4             96  io.micrometer.core.instrument.binder.tomcat.TomcatMetrics$$Lambda$822/0x00000008004de0a8
 965:             4             96  io.micrometer.core.instrument.binder.tomcat.TomcatMetrics$1
 966:             2             96  io.micrometer.core.instrument.cumulative.CumulativeTimer
 967:             2             96  io.micrometer.core.instrument.distribution.DistributionStatisticConfig
 968:             2             96  io.micrometer.core.instrument.distribution.TimeWindowMax
 969:             3             96  java.lang.Runtime$Version (java.base@15.0.1)
 970:             3             96  java.lang.invoke.SimpleMethodHandle (java.base@15.0.1)
 971:             4             96  java.lang.module.ModuleDescriptor$Modifier (java.base@15.0.1)
 972:             4             96  java.lang.module.ModuleDescriptor$Requires$Modifier (java.base@15.0.1)
 973:             4             96  java.rmi.dgc.VMID (java.rmi@15.0.1)
 974:             4             96  java.text.Normalizer$Form (java.base@15.0.1)
 975:             4             96  java.time.format.DateTimeFormatterBuilder$OffsetIdPrinterParser (java.base@15.0.1)
 976:             4             96  java.time.format.DateTimeFormatterBuilder$SettingsParser (java.base@15.0.1)
 977:             4             96  java.time.format.FormatStyle (java.base@15.0.1)
 978:             6             96  java.util.concurrent.ConcurrentHashMap$EntrySetView (java.base@15.0.1)
 979:             2             96  java.util.concurrent.ConcurrentSkipListMap (java.base@15.0.1)
 980:             3             96  java.util.concurrent.CountDownLatch$Sync (java.base@15.0.1)
 981:             2             96  java.util.concurrent.LinkedBlockingQueue (java.base@15.0.1)
 982:             6             96  java.util.regex.Pattern$Begin (java.base@15.0.1)
 983:             4             96  java.util.regex.Pattern$Qtype (java.base@15.0.1)
 984:             4             96  java.util.stream.StreamShape (java.base@15.0.1)
 985:             3             96  javax.management.MBeanConstructorInfo (java.management@15.0.1)
 986:             4             96  javax.management.NotificationBroadcasterSupport (java.management@15.0.1)
 987:             4             96  javax.management.NotificationBroadcasterSupport$ListenerInfo (java.management@15.0.1)
 988:             2             96  javax.management.remote.rmi.RMIConnectionImpl$RMIServerCommunicatorAdmin (java.management.rmi@15.0.1)
 989:             1             96  jdk.internal.jimage.ImageReader$SharedImageReader (java.base@15.0.1)
 990:             4             96  jdk.internal.logger.BootstrapLogger$LoggingBackend (java.base@15.0.1)
 991:             2             96  org.apache.catalina.util.Extension
 992:             4             96  org.apache.catalina.webresources.EmptyResource
 993:             4             96  org.apache.commons.logging.LogAdapter$LogApi
 994:             3             96  org.apache.tomcat.util.http.ConcurrentDateFormat
 995:             4             96  org.apache.tomcat.util.http.SameSiteCookies
 996:             4             96  org.apache.tomcat.util.net.AbstractEndpoint$BindState
 997:             4             96  org.apache.tomcat.util.net.Acceptor$AcceptorState
 998:             4             96  org.apache.tomcat.util.threads.InlineExecutorService
 999:             1             96  org.apache.tomcat.util.threads.ThreadPoolExecutor
1000:             1             96  org.apache.tomcat.websocket.server.WsServerContainer
1001:             1             96  org.springframework.beans.GenericTypeAwarePropertyDescriptor
1002:             4             96  org.springframework.boot.actuate.endpoint.annotation.EndpointDiscoverer$1
1003:             3             96  org.springframework.boot.actuate.endpoint.annotation.EndpointDiscoverer$ExtensionBean
1004:             4             96  org.springframework.boot.actuate.health.Status
1005:             4             96  org.springframework.boot.autoconfigure.web.ErrorProperties$IncludeStacktrace
1006:             4             96  org.springframework.boot.autoconfigure.web.WebProperties$Resources$Chain$Strategy$Content
1007:             4             96  org.springframework.boot.autoconfigure.web.WebProperties$Resources$Chain$Strategy$Fixed
1008:             4             96  org.springframework.boot.origin.OriginTrackedValue$OriginTrackedCharSequence
1009:             4             96  org.springframework.boot.origin.TextResourceOrigin
1010:             4             96  org.springframework.boot.origin.TextResourceOrigin$Location
1011:             4             96  org.springframework.context.annotation.ScopedProxyMode
1012:             6             96  org.springframework.core.$Proxy7
1013:             6             96  org.springframework.core.SerializableTypeWrapper$TypeProxyInvocationHandler
1014:             4             96  org.springframework.core.annotation.TypeMappedAnnotations$IsPresent
1015:             3             96  org.springframework.http.converter.xml.SourceHttpMessageConverter
1016:             1             96  org.springframework.scheduling.concurrent.ThreadPoolTaskExecutor
1017:             4             96  org.springframework.util.ConcurrentReferenceHashMap$TaskOption
1018:             3             96  org.springframework.web.servlet.mvc.method.RequestMappingInfo$BuilderConfiguration
1019:             1             96  org.springframework.web.servlet.mvc.method.annotation.RequestMappingHandlerMapping
1020:             4             96  org.springframework.web.servlet.resource.DefaultResourceResolverChain
1021:             3             96  sun.nio.ch.DummySocketImpl (java.base@15.0.1)
1022:             2             96  sun.nio.ch.SocketAdaptor (java.base@15.0.1)
1023:             2             96  sun.nio.ch.WindowsSelectorImpl$FdMap (java.base@15.0.1)
1024:             2             96  sun.rmi.transport.tcp.TCPChannel (java.rmi@15.0.1)
1025:             3             96  sun.rmi.transport.tcp.TCPTransport (java.rmi@15.0.1)
1026:             3             96  sun.rmi.transport.tcp.TCPTransport$AcceptLoop (java.rmi@15.0.1)
1027:             6             96  sun.security.x509.CertificatePolicyId (java.base@15.0.1)
1028:             2             88  [Ljava.nio.file.attribute.PosixFilePermission; (java.base@15.0.1)
1029:             1             88  [Lorg.springframework.boot.ansi.AnsiColor;
1030:             2             88  [Lsun.security.jca.ProviderConfig; (java.base@15.0.1)
1031:             1             88  [Lsun.security.util.ObjectIdentifier; (java.base@15.0.1)
1032:             1             88  [[Ljava.lang.Byte; (java.base@15.0.1)
1033:             1             88  io.micrometer.core.instrument.composite.CompositeMeterRegistry
1034:             1             88  java.util.jar.JarVerifier (java.base@15.0.1)
1035:             1             88  org.apache.catalina.core.StandardService
1036:             1             88  org.springframework.boot.autoconfigure.web.ServerProperties$Tomcat
1037:             1             88  org.springframework.boot.autoconfigure.web.servlet.WelcomePageHandlerMapping
1038:             1             88  org.springframework.jmx.export.annotation.AnnotationMBeanExporter
1039:             1             88  org.springframework.web.servlet.handler.BeanNameUrlHandlerMapping
1040:             1             88  org.springframework.web.servlet.handler.SimpleUrlHandlerMapping
1041:             1             88  sun.nio.ch.ServerSocketChannelImpl (java.base@15.0.1)
1042:             1             88  sun.reflect.misc.MethodUtil (java.base@15.0.1)
1043:             2             80  [Ljava.util.stream.StreamOpFlag$Type; (java.base@15.0.1)
1044:             2             80  [Ljavax.servlet.DispatcherType;
1045:             1             80  [Ljavax.websocket.CloseReason$CloseCodes;
1046:             3             80  [Lorg.springframework.asm.Type;
1047:             2             80  [Lorg.springframework.boot.cloud.CloudPlatform;
1048:             3             80  [Lorg.springframework.boot.context.properties.source.ConfigurationPropertyName;
1049:             2             80  [Lorg.springframework.context.annotation.FilterType;
1050:             3             80  [Lorg.springframework.core.io.Resource;
1051:             2             80  [Lorg.springframework.http.HttpStatus$Series;
1052:             5             80  com.fasterxml.jackson.databind.deser.BeanDeserializerFactory
1053:             5             80  com.fasterxml.jackson.databind.ser.BeanSerializerFactory
1054:             5             80  com.fasterxml.jackson.databind.type.TypeParser
1055:             2             80  com.sun.jmx.mbeanserver.DefaultMXBeanMappingFactory$TabularMapping (java.management@15.0.1)
1056:             5             80  com.sun.proxy.$Proxy42
1057:             5             80  com.sun.proxy.$Proxy43
1058:             2             80  io.micrometer.core.instrument.binder.jvm.JvmGcMetrics$$Lambda$610/0x000000080043c288
1059:             2             80  java.io.BufferedWriter (java.base@15.0.1)
1060:             2             80  java.io.DataOutputStream (java.base@15.0.1)
1061:             2             80  java.io.PrintStream (java.base@15.0.1)
1062:             2             80  java.lang.ModuleLayer (java.base@15.0.1)
1063:             2             80  java.lang.VirtualMachineError (java.base@15.0.1)
1064:             2             80  java.lang.invoke.BoundMethodHandle$Species_LLL (java.base@15.0.1)
1065:             2             80  java.lang.invoke.MethodHandleImpl$WrappedMember (java.base@15.0.1)
1066:             2             80  java.lang.module.Configuration (java.base@15.0.1)
1067:             2             80  java.net.InetAddress$CachedAddresses (java.base@15.0.1)
1068:             5             80  java.net.URLPermission$Authority (java.base@15.0.1)
1069:             5             80  java.nio.channels.spi.AbstractInterruptibleChannel$1 (java.base@15.0.1)
1070:             2             80  java.util.Collections$SingletonMap (java.base@15.0.1)
1071:             5             80  java.util.Comparator$$Lambda$166/0x00000008001fb9e0 (java.base@15.0.1)
1072:             5             80  java.util.IdentityHashMap$KeySet (java.base@15.0.1)
1073:             2             80  java.util.Locale$Category (java.base@15.0.1)
1074:             1             80  jdk.internal.icu.impl.NormalizerImpl (java.base@15.0.1)
1075:             2             80  jdk.internal.loader.URLClassPath (java.base@15.0.1)
1076:             2             80  jdk.internal.math.FloatingDecimal$BinaryToASCIIBuffer (java.base@15.0.1)
1077:             2             80  jdk.internal.ref.Cleaner (java.base@15.0.1)
1078:             1             80  org.apache.catalina.core.StandardWrapperValve
1079:             1             80  org.apache.catalina.startup.Tomcat$SimpleRealm
1080:             1             80  org.apache.catalina.webresources.StandardRoot
1081:             1             80  org.apache.coyote.RequestGroupInfo
1082:             2             80  org.springframework.beans.propertyeditors.CustomBooleanEditor
1083:             1             80  org.springframework.boot.autoconfigure.web.servlet.WebMvcAutoConfiguration$EnableWebMvcConfiguration
1084:             1             80  org.springframework.context.support.PropertySourcesPlaceholderConfigurer
1085:             5             80  org.springframework.web.accept.HeaderContentNegotiationStrategy
1086:             1             80  org.springframework.web.servlet.function.support.RouterFunctionMapping
1087:             1             80  org.springframework.web.servlet.mvc.method.annotation.ExceptionHandlerExceptionResolver
1088:             2             80  sun.management.MemoryManagerImpl (java.management@15.0.1)
1089:             5             80  sun.nio.ch.NioSocketImpl$$Lambda$94/0x0000000800140f50 (java.base@15.0.1)
1090:             2             80  sun.nio.ch.WindowsSelectorImpl$SubSelector (java.base@15.0.1)
1091:             2             80  sun.rmi.transport.tcp.TCPTransport$ConnectionHandler (java.rmi@15.0.1)
1092:             5             80  sun.security.x509.CertificateAlgorithmId (java.base@15.0.1)
1093:             5             80  sun.security.x509.CertificateSerialNumber (java.base@15.0.1)
1094:             5             80  sun.security.x509.CertificateVersion (java.base@15.0.1)
1095:             5             80  sun.security.x509.CertificateX509Key (java.base@15.0.1)
1096:             5             80  sun.security.x509.SerialNumber (java.base@15.0.1)
1097:             1             80  sun.util.cldr.CLDRLocaleProviderAdapter (java.base@15.0.1)
1098:             1             80  sun.util.locale.provider.JRELocaleProviderAdapter (java.base@15.0.1)
1099:             1             72  [Ljavax.management.openmbean.SimpleType; (java.management@15.0.1)
1100:             3             72  ch.qos.logback.core.pattern.FormatInfo
1101:             3             72  ch.qos.logback.core.spi.FilterReply
1102:             3             72  ch.qos.logback.core.subst.Tokenizer$TokenizerState
1103:             1             72  com.fasterxml.jackson.core.util.InternCache
1104:             3             72  com.fasterxml.jackson.databind.ser.std.NumberSerializer
1105:             3             72  com.fasterxml.jackson.databind.util.AccessPattern
1106:             1             72  com.fasterxml.jackson.module.paramnames.ParameterNamesModule
1107:             3             72  com.sun.org.apache.xalan.internal.utils.XMLSecurityPropertyManager (java.xml@15.0.1)
1108:             3             72  io.micrometer.core.instrument.MeterRegistry$$Lambda$630/0x0000000800448040
1109:             3             72  io.micrometer.core.instrument.MeterRegistry$1
1110:             3             72  io.micrometer.core.instrument.binder.jvm.JvmGcMetrics$GcGenerationAge
1111:             3             72  io.micrometer.core.instrument.config.MeterFilterReply
1112:             1             72  io.micrometer.core.instrument.simple.SimpleMeterRegistry
1113:             3             72  java.io.ObjectInputFilter$Status (java.base@15.0.1)
1114:             3             72  java.io.OutputStreamWriter (java.base@15.0.1)
1115:             3             72  java.lang.ClassValue$Version (java.base@15.0.1)
1116:             3             72  java.lang.Double (java.base@15.0.1)
1117:             3             72  java.lang.StackWalker$Option (java.base@15.0.1)
1118:             3             72  java.lang.WeakPairMap (java.base@15.0.1)
1119:             3             72  java.lang.annotation.RetentionPolicy (java.base@15.0.1)
1120:             1             72  java.lang.invoke.BoundMethodHandle$Species_LLLLLLLLLLL (java.base@15.0.1)
1121:             3             72  java.lang.invoke.MethodHandleImpl$ArrayAccess (java.base@15.0.1)
1122:             3             72  java.security.DrbgParameters$Capability (java.base@15.0.1)
1123:             3             72  java.time.ZoneOffset (java.base@15.0.1)
1124:             3             72  java.time.format.ResolverStyle (java.base@15.0.1)
1125:             3             72  java.util.Base64$Encoder (java.base@15.0.1)
1126:             3             72  java.util.Comparator$$Lambda$697/0x00000008004356f0 (java.base@15.0.1)
1127:             3             72  java.util.concurrent.ConcurrentSkipListMap$Node (java.base@15.0.1)
1128:             3             72  java.util.concurrent.LinkedBlockingQueue$Node (java.base@15.0.1)
1129:             3             72  java.util.stream.Collector$Characteristics (java.base@15.0.1)
1130:             3             72  java.util.stream.MatchOps$MatchKind (java.base@15.0.1)
1131:             3             72  javax.servlet.SessionTrackingMode
1132:             3             72  jdk.internal.icu.util.CodePointTrie$ValueWidth (java.base@15.0.1)
1133:             3             72  jdk.internal.math.FloatingDecimal$ExceptionalBinaryToASCIIBuffer (java.base@15.0.1)
1134:             3             72  jdk.internal.module.IllegalAccessLogger$Mode (java.base@15.0.1)
1135:             3             72  jdk.xml.internal.JdkXmlFeatures (java.xml@15.0.1)
1136:             3             72  org.apache.catalina.authenticator.AuthenticatorBase$AllowCorsPreflight
1137:             3             72  org.apache.coyote.ContinueResponseTiming
1138:             3             72  org.apache.tomcat.util.buf.EncodedSolidusHandling
1139:             3             72  org.springframework.beans.factory.annotation.Autowire
1140:             3             72  org.springframework.beans.factory.annotation.InitDestroyAnnotationBeanPostProcessor$LifecycleElement
1141:             3             72  org.springframework.beans.factory.config.EmbeddedValueResolver
1142:             3             72  org.springframework.boot.Banner$Mode
1143:             3             72  org.springframework.boot.WebApplicationType
1144:             3             72  org.springframework.boot.actuate.autoconfigure.health.HealthProperties$Show
1145:             3             72  org.springframework.boot.actuate.autoconfigure.info.OnEnabledInfoContributorCondition
1146:             3             72  org.springframework.boot.actuate.autoconfigure.web.ManagementContextType
1147:             3             72  org.springframework.boot.actuate.autoconfigure.web.server.ManagementPortType
1148:             3             72  org.springframework.boot.actuate.endpoint.OperationType
1149:             3             72  org.springframework.boot.actuate.endpoint.annotation.EndpointDiscoverer$$Lambda$648/0x000000080044fd08
1150:             3             72  org.springframework.boot.actuate.endpoint.web.WebEndpointHttpMethod
1151:             3             72  org.springframework.boot.ansi.AnsiOutput$Enabled
1152:             3             72  org.springframework.boot.autoconfigure.condition.ConditionalOnWebApplication$Type
1153:             3             72  org.springframework.boot.autoconfigure.condition.SearchStrategy
1154:             3             72  org.springframework.boot.autoconfigure.web.ErrorProperties$IncludeAttribute
1155:             1             72  org.springframework.boot.autoconfigure.web.ServerProperties
1156:             3             72  org.springframework.boot.autoconfigure.web.WebProperties$Resources$Chain$Strategy
1157:             3             72  org.springframework.boot.context.properties.source.ConfigurationProperty
1158:             3             72  org.springframework.boot.context.properties.source.ConfigurationPropertyName$Form
1159:             3             72  org.springframework.boot.context.properties.source.ConfigurationPropertyState
1160:             1             72  org.springframework.boot.jackson.JsonComponentModule
1161:             3             72  org.springframework.context.annotation.AnnotationScopeMetadataResolver
1162:             1             72  org.springframework.context.annotation.ClassPathBeanDefinitionScanner
1163:             1             72  org.springframework.context.annotation.ConfigurationClassPostProcessor
1164:             3             72  org.springframework.core.NamedThreadLocal
1165:             3             72  org.springframework.core.annotation.PackagesAnnotationFilter
1166:             3             72  org.springframework.core.convert.support.GenericConversionService$Converters
1167:             3             72  org.springframework.expression.spel.SpelCompilerMode
1168:             3             72  org.springframework.format.datetime.standard.DateTimeFormatterRegistrar$Type
1169:             3             72  org.springframework.http.converter.ByteArrayHttpMessageConverter
1170:             3             72  org.springframework.http.converter.ResourceRegionHttpMessageConverter
1171:             3             72  org.springframework.jmx.support.RegistrationPolicy
1172:             3             72  org.springframework.web.method.support.HandlerMethodArgumentResolverComposite
1173:             3             72  org.springframework.web.servlet.mvc.condition.ConsumesRequestCondition
1174:             3             72  org.springframework.web.servlet.mvc.condition.ConsumesRequestCondition$ConsumeMediaTypeExpression
1175:             3             72  org.springframework.web.servlet.mvc.method.annotation.RequestAttributeMethodArgumentResolver
1176:             3             72  org.springframework.web.servlet.mvc.method.annotation.SessionAttributeMethodArgumentResolver
1177:             3             72  sun.management.ManagementFactoryHelper$1 (java.management@15.0.1)
1178:             3             72  sun.security.provider.DRBG (java.base@15.0.1)
1179:             1             64  [Lcom.fasterxml.jackson.annotation.JsonFormat$Shape;
1180:             2             64  [Ljava.lang.StackWalker$Option; (java.base@15.0.1)
1181:             2             64  [Ljava.lang.annotation.RetentionPolicy; (java.base@15.0.1)
1182:             1             64  [Ljava.lang.invoke.MethodHandleImpl$Intrinsic; (java.base@15.0.1)
1183:             2             64  [Ljava.nio.charset.CoderResult; (java.base@15.0.1)
1184:             3             64  [Ljava.security.CodeSigner; (java.base@15.0.1)
1185:             2             64  [Ljava.util.concurrent.atomic.AtomicLong; (java.base@15.0.1)
1186:             2             64  [Ljavax.servlet.SessionTrackingMode;
1187:             1             64  [Lorg.apache.catalina.LifecycleState;
1188:             2             64  [Lorg.springframework.beans.factory.annotation.Autowire;
1189:             2             64  [Lorg.springframework.boot.actuate.autoconfigure.web.ManagementContextType;
1190:             2             64  [Lorg.springframework.boot.actuate.autoconfigure.web.server.ManagementPortType;
1191:             2             64  [Lorg.springframework.boot.actuate.endpoint.OperationType;
1192:             2             64  [Lorg.springframework.boot.ansi.AnsiOutput$Enabled;
1193:             2             64  [Lorg.springframework.boot.autoconfigure.condition.ConditionalOnWebApplication$Type;
1194:             2             64  [Lorg.springframework.boot.autoconfigure.condition.SearchStrategy;
1195:             2             64  [Lorg.springframework.context.annotation.ScopedProxyMode;
1196:             2             64  [Lorg.springframework.format.datetime.standard.DateTimeFormatterRegistrar$Type;
1197:             2             64  [Lorg.springframework.util.ConcurrentReferenceHashMap$TaskOption;
1198:             1             64  ch.qos.logback.classic.PatternLayout
1199:             1             64  ch.qos.logback.core.ConsoleAppender
1200:             2             64  ch.qos.logback.core.joran.spi.ConsoleTarget
1201:             2             64  ch.qos.logback.core.util.COWArrayList
1202:             2             64  ch.qos.logback.core.util.CachingDateFormatter
1203:             4             64  com.fasterxml.jackson.databind.introspect.BasicClassIntrospector
1204:             4             64  com.fasterxml.jackson.databind.jsontype.impl.StdSubtypeResolver
1205:             4             64  com.fasterxml.jackson.databind.module.SimpleKeyDeserializers
1206:             2             64  com.fasterxml.jackson.databind.ser.std.NumberSerializers$DoubleSerializer
1207:             2             64  com.fasterxml.jackson.databind.ser.std.NumberSerializers$IntegerSerializer
1208:             2             64  com.fasterxml.jackson.databind.ser.std.NumberSerializers$LongSerializer
1209:             4             64  com.fasterxml.jackson.databind.util.RootNameLookup
1210:             4             64  com.fasterxml.jackson.datatype.jdk8.Jdk8Deserializers
1211:             4             64  com.fasterxml.jackson.datatype.jdk8.Jdk8Serializers
1212:             4             64  com.fasterxml.jackson.datatype.jdk8.Jdk8TypeModifier
1213:             4             64  com.fasterxml.jackson.datatype.jsr310.JavaTimeModule$1
1214:             4             64  com.fasterxml.jackson.datatype.jsr310.ser.ZoneIdSerializer
1215:             2             64  com.sun.org.apache.xalan.internal.utils.XMLSecurityPropertyManager$Property (java.xml@15.0.1)
1216:             4             64  com.sun.proxy.$Proxy20
1217:             4             64  com.sun.proxy.$Proxy32
1218:             4             64  com.sun.proxy.$Proxy58
1219:             4             64  com.sun.proxy.$Proxy9
1220:             2             64  io.micrometer.core.instrument.config.MeterFilter$9
1221:             2             64  java.io.FileOutputStream (java.base@15.0.1)
1222:             2             64  java.lang.StackWalker (java.base@15.0.1)
1223:             2             64  java.lang.invoke.VarHandleLongs$FieldInstanceReadWrite (java.base@15.0.1)
1224:             2             64  java.lang.ref.ReferenceQueue$Null (java.base@15.0.1)
1225:             2             64  java.net.ServerSocket (java.base@15.0.1)
1226:             2             64  java.nio.DirectByteBuffer$Deallocator (java.base@15.0.1)
1227:             2             64  java.time.format.DateTimeFormatterBuilder$TextPrinterParser (java.base@15.0.1)
1228:             2             64  java.time.temporal.IsoFields$Unit (java.base@15.0.1)
1229:             2             64  java.util.Random (java.base@15.0.1)
1230:             2             64  java.util.concurrent.ScheduledThreadPoolExecutor$DelayedWorkQueue (java.base@15.0.1)
1231:             1             64  java.util.logging.LogManager$RootLogger (java.logging@15.0.1)
1232:             2             64  javax.management.remote.JMXServiceURL (java.management@15.0.1)
1233:             2             64  jdk.internal.reflect.UnsafeObjectFieldAccessorImpl (java.base@15.0.1)
1234:             2             64  jdk.internal.reflect.UnsafeQualifiedObjectFieldAccessorImpl (java.base@15.0.1)
1235:             1             64  org.apache.catalina.core.ApplicationContext
1236:             1             64  org.apache.catalina.loader.WebappLoader
1237:             1             64  org.apache.catalina.mapper.Mapper$ContextVersion
1238:             2             64  org.apache.tomcat.util.collections.SynchronizedQueue
1239:             2             64  org.apache.tomcat.util.threads.TaskThreadFactory
1240:             1             64  org.springframework.beans.factory.config.DependencyDescriptor
1241:             2             64  org.springframework.beans.propertyeditors.CharacterEditor
1242:             2             64  org.springframework.boot.actuate.autoconfigure.endpoint.condition.OnAvailableEndpointCondition$Exposure
1243:             1             64  org.springframework.boot.autoconfigure.template.TemplateAvailabilityProviders$1
1244:             1             64  org.springframework.boot.autoconfigure.web.ResourceProperties$Cache$Cachecontrol
1245:             1             64  org.springframework.boot.autoconfigure.web.ServerProperties$Tomcat$Accesslog
1246:             1             64  org.springframework.boot.autoconfigure.web.ServerProperties$Undertow
1247:             1             64  org.springframework.boot.autoconfigure.web.servlet.WebMvcProperties
1248:             2             64  org.springframework.boot.availability.AvailabilityChangeEvent
1249:             4             64  org.springframework.boot.convert.CollectionToDelimitedStringConverter
1250:             2             64  org.springframework.cglib.core.WeakCacheKey
1251:             2             64  org.springframework.cglib.proxy.Enhancer$EnhancerFactoryData
1252:             2             64  org.springframework.cglib.proxy.MethodProxy
1253:             2             64  org.springframework.cglib.proxy.MethodProxy$CreateInfo
1254:             1             64  org.springframework.context.annotation.CommonAnnotationBeanPostProcessor
1255:             2             64  org.springframework.context.annotation.ConditionEvaluator$ConditionContextImpl
1256:             4             64  org.springframework.core.convert.support.CollectionToArrayConverter
1257:             4             64  org.springframework.core.convert.support.CollectionToStringConverter
1258:             1             64  org.springframework.core.type.classreading.CachingMetadataReaderFactory$LocalResourceCache
1259:             2             64  org.springframework.expression.spel.SpelParserConfiguration
1260:             4             64  org.springframework.format.datetime.DateFormatterRegistrar$CalendarToDateConverter
1261:             4             64  org.springframework.format.datetime.DateFormatterRegistrar$CalendarToLongConverter
1262:             4             64  org.springframework.format.datetime.DateFormatterRegistrar$DateToCalendarConverter
1263:             4             64  org.springframework.format.datetime.DateFormatterRegistrar$DateToLongConverter
1264:             4             64  org.springframework.format.datetime.DateFormatterRegistrar$LongToCalendarConverter
1265:             4             64  org.springframework.format.datetime.DateFormatterRegistrar$LongToDateConverter
1266:             2             64  org.springframework.http.converter.support.AllEncompassingFormHttpMessageConverter
1267:             4             64  org.springframework.web.method.annotation.ModelMethodProcessor
1268:             2             64  org.springframework.web.servlet.resource.PathResourceResolver
1269:             1             64  org.springframework.web.servlet.view.AbstractCachingViewResolver$2
1270:             2             64  sun.management.NotificationEmitterSupport$ListenerInfo (java.management@15.0.1)
1271:             2             64  sun.nio.ch.AllocatedNativeObject (java.base@15.0.1)
1272:             2             64  sun.nio.ch.PollArrayWrapper (java.base@15.0.1)
1273:             4             64  sun.reflect.generics.tree.ArrayTypeSignature (java.base@15.0.1)
1274:             2             64  sun.rmi.transport.DGCImpl$LeaseInfo (java.rmi@15.0.1)
1275:             2             64  sun.security.rsa.RSAUtil$KeyType (java.base@15.0.1)
1276:             2             64  sun.security.util.MemoryCache (java.base@15.0.1)
1277:             2             64  sun.security.x509.SubjectAlternativeNameExtension (java.base@15.0.1)
1278:             1             56  [Lcom.sun.org.apache.xalan.internal.utils.XMLSecurityManager$Limit; (java.xml@15.0.1)
1279:             1             56  [Ljava.lang.Runnable; (java.base@15.0.1)
1280:             1             56  [Ljava.nio.file.StandardOpenOption; (java.base@15.0.1)
1281:             1             56  [Ljava.text.Format; (java.base@15.0.1)
1282:             2             56  [Lorg.springframework.boot.context.config.ConfigDataLocation;
1283:             3             56  [Lorg.springframework.context.annotation.ComponentScan$Filter;
1284:             1             56  [[I (java.base@15.0.1)
1285:             1             56  com.fasterxml.jackson.databind.deser.std.CollectionDeserializer
1286:             1             56  com.fasterxml.jackson.datatype.jsr310.ser.InstantSerializer
1287:             1             56  com.fasterxml.jackson.datatype.jsr310.ser.OffsetDateTimeSerializer
1288:             1             56  com.fasterxml.jackson.datatype.jsr310.ser.ZonedDateTimeSerializer
1289:             1             56  io.micrometer.core.instrument.binder.logging.MetricsTurboFilter
1290:             1             56  java.lang.invoke.BoundMethodHandle$Specializer (java.base@15.0.1)
1291:             1             56  java.util.logging.LogManager (java.logging@15.0.1)
1292:             1             56  jdk.internal.org.objectweb.asm.Label (java.base@15.0.1)
1293:             1             56  jdk.internal.ref.CleanerImpl$SoftCleanableRef (java.base@15.0.1)
1294:             1             56  org.apache.catalina.util.StandardSessionIdGenerator
1295:             1             56  org.apache.catalina.valves.ErrorReportValve
1296:             1             56  org.apache.catalina.webresources.Cache
1297:             1             56  org.apache.catalina.webresources.DirResourceSet
1298:             1             56  org.apache.tomcat.util.modeler.NoDescriptorRegistry
1299:             1             56  org.apache.tomcat.util.modeler.NoDescriptorRegistry$PassthroughMBean
1300:             1             56  org.apache.tomcat.util.net.NioSelectorPool
1301:             1             56  org.apache.tomcat.util.scan.StandardJarScanFilter
1302:             1             56  org.apache.tomcat.util.threads.TaskQueue
1303:             1             56  org.eclipse.jdt.launching.internal.org.objectweb.asm.Label
1304:             1             56  org.springframework.asm.Label
1305:             1             56  org.springframework.boot.actuate.metrics.web.servlet.WebMvcMetricsFilter
1306:             1             56  org.springframework.boot.autoconfigure.jackson.JacksonProperties
1307:             1             56  org.springframework.boot.task.TaskExecutorBuilder
1308:             1             56  org.springframework.boot.web.embedded.tomcat.LazySessionIdGenerator
1309:             1             56  org.springframework.expression.spel.support.StandardEvaluationContext
1310:             1             56  org.springframework.web.servlet.view.ContentNegotiatingViewResolver
1311:             1             48  [Lcom.fasterxml.jackson.annotation.JsonFormat$Feature;
1312:             1             48  [Lcom.fasterxml.jackson.core.SerializableString;
1313:             1             48  [Lcom.sun.beans.introspect.PropertyInfo$Name; (java.desktop@15.0.1)
1314:             2             48  [Lio.micrometer.core.instrument.config.MeterFilter;
1315:             1             48  [Ljava.lang.management.MemoryPoolMXBean; (java.management@15.0.1)
1316:             1             48  [Ljava.math.RoundingMode; (java.base@15.0.1)
1317:             2             48  [Ljava.net.InetAddress; (java.base@15.0.1)
1318:             1             48  [Ljava.util.concurrent.TimeUnit; (java.base@15.0.1)
1319:             2             48  [Lorg.apache.catalina.WebResource;
1320:             3             48  [Lorg.apache.catalina.mapper.Mapper$MappedWrapper;
1321:             2             48  [Lorg.springframework.boot.actuate.endpoint.annotation.Selector$Match;
1322:             2             48  [Lorg.springframework.boot.context.config.ConfigData$Option;
1323:             2             48  [Lorg.springframework.boot.context.config.ConfigDataEnvironmentContributors$BinderOption;
1324:             2             48  [Lorg.springframework.boot.context.properties.source.PropertyMapper;
1325:             1             48  [Lorg.springframework.boot.convert.DurationStyle$Unit;
1326:             2             48  [Lorg.springframework.boot.web.server.Shutdown;
1327:             1             48  [Lorg.springframework.cglib.proxy.CallbackInfo;
1328:             2             48  [Lorg.springframework.core.annotation.MergedAnnotation$Adapt;
1329:             2             48  [Lorg.springframework.http.MediaType;
1330:             1             48  [Lsun.management.counter.Units; (java.management@15.0.1)
1331:             1             48  [[Ljava.lang.Object; (java.base@15.0.1)
1332:             1             48  ch.qos.logback.classic.encoder.PatternLayoutEncoder
1333:             1             48  ch.qos.logback.classic.pattern.DateConverter
1334:             3             48  ch.qos.logback.core.spi.LogbackLock
1335:             2             48  ch.qos.logback.core.subst.Node$Type
1336:             2             48  com.fasterxml.jackson.databind.AnnotationIntrospector$ReferenceProperty$Type
1337:             1             48  com.fasterxml.jackson.databind.cfg.ConfigOverride$Empty
1338:             2             48  com.fasterxml.jackson.databind.deser.impl.NullsConstantProvider
1339:             2             48  com.fasterxml.jackson.databind.deser.std.StdKeyDeserializer$StringKD
1340:             1             48  com.fasterxml.jackson.databind.deser.std.UntypedObjectDeserializer
1341:             2             48  com.fasterxml.jackson.databind.introspect.AnnotationIntrospectorPair
1342:             2             48  com.fasterxml.jackson.databind.ser.std.BooleanSerializer
1343:             1             48  com.fasterxml.jackson.databind.util.StdDateFormat
1344:             2             48  com.sun.jmx.mbeanserver.ClassLoaderRepositorySupport$LoaderEntry (java.management@15.0.1)
1345:             1             48  com.sun.jmx.mbeanserver.DefaultMXBeanMappingFactory$Mappings (java.management@15.0.1)
1346:             1             48  com.sun.jmx.mbeanserver.MBeanIntrospector$MBeanInfoMap (java.management@15.0.1)
1347:             1             48  com.sun.jmx.mbeanserver.MBeanIntrospector$PerInterfaceMap (java.management@15.0.1)
1348:             2             48  com.sun.jmx.mbeanserver.WeakIdentityHashMap (java.management@15.0.1)
1349:             3             48  com.sun.proxy.$Proxy33
1350:             3             48  com.sun.proxy.$Proxy37
1351:             3             48  com.sun.proxy.$Proxy38
1352:             3             48  com.sun.proxy.$Proxy60
1353:             3             48  com.sun.proxy.$Proxy68
1354:             3             48  com.sun.proxy.$Proxy69
1355:             3             48  com.sun.proxy.$Proxy76
1356:             2             48  io.micrometer.core.instrument.binder.jvm.JvmGcMetrics$$Lambda$612/0x000000080043c6c0
1357:             1             48  io.micrometer.core.instrument.binder.jvm.JvmGcMetrics$GcGenerationAge$1
1358:             2             48  io.micrometer.core.instrument.simple.CountingMode
1359:             2             48  io.micrometer.core.util.internal.logging.LocationAwareSlf4JLogger
1360:             2             48  java.beans.MethodRef (java.desktop@15.0.1)
1361:             2             48  java.io.File$PathStatus (java.base@15.0.1)
1362:             2             48  java.io.FilePermissionCollection (java.base@15.0.1)
1363:             3             48  java.lang.ClassValue$Identity (java.base@15.0.1)
1364:             1             48  java.lang.NullPointerException (java.base@15.0.1)
1365:             1             48  java.lang.ProcessEnvironment (java.base@15.0.1)
1366:             1             48  java.lang.invoke.BoundMethodHandle$Specializer$Factory (java.base@15.0.1)
1367:             2             48  java.lang.invoke.MethodHandles$Lookup$ClassOption (java.base@15.0.1)
1368:             2             48  java.lang.management.MemoryType (java.management@15.0.1)
1369:             2             48  java.lang.reflect.ReflectPermission (java.base@15.0.1)
1370:             2             48  java.net.Socket$SocketInputStream (java.base@15.0.1)
1371:             2             48  java.net.Socket$SocketOutputStream (java.base@15.0.1)
1372:             2             48  java.net.SocketPermissionCollection (java.base@15.0.1)
1373:             2             48  java.net.StandardProtocolFamily (java.base@15.0.1)
1374:             3             48  java.nio.charset.CodingErrorAction (java.base@15.0.1)
1375:             3             48  java.text.AttributedCharacterIterator$Attribute (java.base@15.0.1)
1376:             2             48  java.time.format.DateTimeFormatterBuilder$1 (java.base@15.0.1)
1377:             3             48  java.time.format.DateTimeFormatterBuilder$StringLiteralPrinterParser (java.base@15.0.1)
1378:             2             48  java.time.format.DateTimeFormatterBuilder$ZoneIdPrinterParser (java.base@15.0.1)
1379:             2             48  java.time.format.DateTimeTextProvider$LocaleStore (java.base@15.0.1)
1380:             3             48  java.util.Base64$Decoder (java.base@15.0.1)
1381:             3             48  java.util.Optional (java.base@15.0.1)
1382:             3             48  java.util.ResourceBundle$NoFallbackControl (java.base@15.0.1)
1383:             3             48  java.util.TreeSet (java.base@15.0.1)
1384:             3             48  java.util.concurrent.CountDownLatch (java.base@15.0.1)
1385:             1             48  java.util.concurrent.locks.ReentrantReadWriteLock$FairSync (java.base@15.0.1)
1386:             2             48  java.util.function.BiPredicate$$Lambda$180/0x00000008001fdc50 (java.base@15.0.1)
1387:             2             48  java.util.logging.Logger$LoggerBundle (java.logging@15.0.1)
1388:             2             48  java.util.logging.LoggingPermission (java.logging@15.0.1)
1389:             3             48  java.util.regex.Pattern$CharPredicate$$Lambda$241/0x0000000800223bf0 (java.base@15.0.1)
1390:             3             48  javax.xml.catalog.CatalogFeatures$Builder (java.xml@15.0.1)
1391:             1             48  jdk.internal.icu.util.CodePointTrie$Fast16 (java.base@15.0.1)
1392:             2             48  jdk.internal.icu.util.CodePointTrie$Type (java.base@15.0.1)
1393:             1             48  jdk.internal.jimage.ImageHeader (java.base@15.0.1)
1394:             2             48  jdk.internal.misc.Signal (java.base@15.0.1)
1395:             2             48  jdk.internal.misc.Signal$NativeHandler (java.base@15.0.1)
1396:             3             48  jdk.internal.module.ServicesCatalog (java.base@15.0.1)
1397:             1             48  jdk.internal.ref.CleanerImpl$WeakCleanableRef (java.base@15.0.1)
1398:             1             48  jdk.management.jfr.FlightRecorderMXBeanImpl (jdk.management.jfr@15.0.1)
1399:             3             48  jdk.xml.internal.TransformErrorListener (java.xml@15.0.1)
1400:             1             48  org.apache.catalina.core.DefaultInstanceManager
1401:             1             48  org.apache.catalina.core.StandardContextValve
1402:             1             48  org.apache.catalina.core.StandardEngineValve
1403:             1             48  org.apache.catalina.core.StandardHostValve
1404:             1             48  org.apache.catalina.mapper.MapperListener
1405:             3             48  org.apache.catalina.realm.RealmBase$AllRolesMode
1406:             1             48  org.apache.catalina.startup.Tomcat
1407:             2             48  org.apache.catalina.util.ErrorPageSupport
1408:             2             48  org.apache.catalina.util.URLEncoder
1409:             1             48  org.apache.tomcat.util.modeler.AttributeInfo
1410:             1             48  org.apache.tomcat.util.net.NioEndpoint$Poller
1411:             1             48  org.springframework.beans.SimpleTypeConverter
1412:             1             48  org.springframework.beans.factory.annotation.AutowiredAnnotationBeanPostProcessor
1413:             2             48  org.springframework.boot.actuate.autoconfigure.endpoint.expose.IncludeExcludeEndpointFilter$DefaultIncludes
1414:             2             48  org.springframework.boot.actuate.autoconfigure.health.OnEnabledHealthIndicatorCondition
1415:             2             48  org.springframework.boot.actuate.autoconfigure.metrics.AutoTimeProperties
1416:             2             48  org.springframework.boot.actuate.autoconfigure.metrics.OnlyOnceLoggingDenyMeterFilter
1417:             2             48  org.springframework.boot.actuate.endpoint.annotation.Selector$Match
1418:             2             48  org.springframework.boot.actuate.endpoint.http.ApiVersion
1419:             2             48  org.springframework.boot.actuate.health.SimpleStatusAggregator
1420:             2             48  org.springframework.boot.actuate.info.InfoPropertiesInfoContributor$Mode
1421:             3             48  org.springframework.boot.autoconfigure.cache.CacheCondition
1422:             2             48  org.springframework.boot.autoconfigure.web.ServerProperties$Jetty$Accesslog$FORMAT
1423:             2             48  org.springframework.boot.autoconfigure.web.WebProperties$LocaleResolver
1424:             2             48  org.springframework.boot.autoconfigure.web.WebProperties$Resources$Cache
1425:             2             48  org.springframework.boot.autoconfigure.web.WebProperties$Resources$Chain
1426:             1             48  org.springframework.boot.autoconfigure.web.servlet.DispatcherServletRegistrationBean
1427:             2             48  org.springframework.boot.autoconfigure.web.servlet.WebMvcProperties$LocaleResolver
1428:             2             48  org.springframework.boot.autoconfigure.web.servlet.WebMvcProperties$MatchingStrategy
1429:             2             48  org.springframework.boot.availability.LivenessState
1430:             2             48  org.springframework.boot.availability.ReadinessState
1431:             2             48  org.springframework.boot.context.config.ConfigDataEnvironmentContributor$ImportPhase
1432:             2             48  org.springframework.boot.context.config.LocationResourceLoader$ResourceType
1433:             2             48  org.springframework.boot.context.properties.ConfigurationPropertiesBean$BindMethod
1434:             2             48  org.springframework.boot.context.properties.source.DefaultPropertyMapper$LastMapping
1435:             2             48  org.springframework.boot.context.properties.source.SpringConfigurationPropertySources
1436:             2             48  org.springframework.boot.logging.LoggerGroup
1437:             1             48  org.springframework.boot.logging.logback.ExtendedWhitespaceThrowableProxyConverter
1438:             2             48  org.springframework.boot.web.server.Shutdown
1439:             1             48  org.springframework.boot.web.servlet.FilterRegistrationBean
1440:             1             48  org.springframework.boot.web.servlet.filter.OrderedCharacterEncodingFilter
1441:             1             48  org.springframework.boot.web.servlet.filter.OrderedFormContentFilter
1442:             1             48  org.springframework.boot.web.servlet.filter.OrderedRequestContextFilter
1443:             2             48  org.springframework.boot.web.servlet.server.Encoding$Type
1444:             2             48  org.springframework.context.annotation.ConfigurationCondition$ConfigurationPhase
1445:             2             48  org.springframework.context.support.ApplicationListenerDetector
1446:             2             48  org.springframework.core.Constants
1447:             2             48  org.springframework.core.ResolvableType$WildcardBounds$Kind
1448:             2             48  org.springframework.core.annotation.MergedAnnotation$Adapt
1449:             2             48  org.springframework.core.convert.support.ArrayToArrayConverter
1450:             2             48  org.springframework.core.env.CommandLineArgs
1451:             2             48  org.springframework.core.env.PropertiesPropertySource
1452:             2             48  org.springframework.core.type.filter.AnnotationTypeFilter
1453:             2             48  org.springframework.expression.TypedValue
1454:             2             48  org.springframework.http.server.DefaultPathContainer$DefaultSeparator
1455:             3             48  org.springframework.jmx.export.annotation.AnnotationJmxAttributeSource
1456:             2             48  org.springframework.util.ConcurrentReferenceHashMap$ReferenceType
1457:             2             48  org.springframework.util.ConcurrentReferenceHashMap$Restructure
1458:             1             48  org.springframework.web.accept.ContentNegotiationManagerFactoryBean
1459:             1             48  org.springframework.web.cors.CorsConfiguration
1460:             2             48  org.springframework.web.cors.CorsConfiguration$OriginPattern
1461:             2             48  org.springframework.web.method.annotation.ExpressionValueMethodArgumentResolver
1462:             3             48  org.springframework.web.method.annotation.MapMethodProcessor
1463:             1             48  org.springframework.web.servlet.config.annotation.PathMatchConfigurer
1464:             3             48  org.springframework.web.servlet.mvc.method.RequestMappingInfoHandlerMethodMappingNamingStrategy
1465:             2             48  org.springframework.web.servlet.mvc.method.annotation.MatrixVariableMethodArgumentResolver
1466:             2             48  org.springframework.web.servlet.mvc.method.annotation.PathVariableMethodArgumentResolver
1467:             3             48  org.springframework.web.servlet.mvc.method.annotation.PrincipalMethodArgumentResolver
1468:             3             48  org.springframework.web.servlet.mvc.method.annotation.ServletRequestMethodArgumentResolver
1469:             3             48  org.springframework.web.servlet.mvc.method.annotation.ServletResponseMethodArgumentResolver
1470:             2             48  org.springframework.web.servlet.resource.DefaultResourceTransformerChain
1471:             1             48  org.springframework.web.util.pattern.PathPattern
1472:             2             48  sun.nio.ch.PipeImpl (java.base@15.0.1)
1473:             3             48  sun.nio.ch.SocketDispatcher (java.base@15.0.1)
1474:             2             48  sun.nio.ch.Util$BufferCache (java.base@15.0.1)
1475:             2             48  sun.nio.ch.WindowsSelectorImpl$FinishLock (java.base@15.0.1)
1476:             2             48  sun.nio.ch.WindowsSelectorImpl$StartLock (java.base@15.0.1)
1477:             1             48  sun.rmi.runtime.Log$InternalStreamHandler (java.rmi@15.0.1)
1478:             3             48  sun.rmi.server.UnicastRef (java.rmi@15.0.1)
1479:             3             48  sun.rmi.server.UnicastRef2 (java.rmi@15.0.1)
1480:             3             48  sun.rmi.server.WeakClassHashMap$ValueCell (java.rmi@15.0.1)
1481:             2             48  sun.rmi.transport.SequenceEntry (java.rmi@15.0.1)
1482:             2             48  sun.security.jca.ProviderList (java.base@15.0.1)
1483:             2             48  sun.security.jca.ProviderList$3 (java.base@15.0.1)
1484:             2             48  sun.security.provider.certpath.X509CertPath (java.base@15.0.1)
1485:             2             48  sun.security.util.DisabledAlgorithmConstraints (java.base@15.0.1)
1486:             2             48  sun.util.locale.provider.LocaleServiceProviderPool (java.base@15.0.1)
1487:             1             48  sun.util.resources.TimeZoneNames (java.base@15.0.1)
1488:             1             48  sun.util.resources.TimeZoneNames_en (java.base@15.0.1)
1489:             1             48  sun.util.resources.cldr.TimeZoneNames (java.base@15.0.1)
1490:             1             48  sun.util.resources.cldr.TimeZoneNames_en (java.base@15.0.1)
1491:             2             40  [Lch.qos.logback.core.Appender;
1492:             1             40  [Lch.qos.logback.core.pattern.parser.TokenStream$TokenizerState;
1493:             1             40  [Lch.qos.logback.core.subst.Token$Type;
1494:             1             40  [Lcom.fasterxml.jackson.annotation.JsonAutoDetect$Visibility;
1495:             1             40  [Lcom.fasterxml.jackson.annotation.Nulls;
1496:             1             40  [Lcom.fasterxml.jackson.core.JsonEncoding;
1497:             1             40  [Lcom.fasterxml.jackson.core.JsonParser$NumberType;
1498:             2             40  [Lcom.sun.jmx.mbeanserver.ClassLoaderRepositorySupport$LoaderEntry; (java.management@15.0.1)
1499:             1             40  [Lio.micrometer.core.instrument.Meter$Type;
1500:             2             40  [Ljava.beans.PropertyChangeListener; (java.desktop@15.0.1)
1501:             1             40  [Ljava.lang.Thread$State; (java.base@15.0.1)
1502:             1             40  [Ljava.lang.invoke.VarHandle$AccessType; (java.base@15.0.1)
1503:             1             40  [Ljava.time.format.SignStyle; (java.base@15.0.1)
1504:             1             40  [Ljava.time.format.TextStyle; (java.base@15.0.1)
1505:             1             40  [Ljava.util.stream.StreamOpFlag; (java.base@15.0.1)
1506:             1             40  [Lorg.apache.tomcat.util.descriptor.web.FilterMap;
1507:             1             40  [Lorg.springframework.boot.ansi.AnsiStyle;
1508:             1             40  [Lorg.springframework.boot.context.config.ConfigDataEnvironmentContributor$Kind;
1509:             1             40  [Lorg.springframework.core.annotation.MergedAnnotations$SearchStrategy;
1510:             1             40  [Lsun.nio.fs.WindowsPathType; (java.base@15.0.1)
1511:             1             40  [Lsun.security.util.DisabledAlgorithmConstraints$Constraint$Operator; (java.base@15.0.1)
1512:             1             40  [Lsun.util.locale.provider.LocaleProviderAdapter$Type; (java.base@15.0.1)
1513:             1             40  [[Ljava.lang.invoke.LambdaForm$Name; (java.base@15.0.1)
1514:             1             40  ch.qos.logback.classic.pattern.LoggerConverter
1515:             1             40  ch.qos.logback.core.BasicStatusManager
1516:             1             40  com.fasterxml.jackson.annotation.JsonFormat$Value
1517:             1             40  com.fasterxml.jackson.core.JsonLocation
1518:             1             40  com.fasterxml.jackson.datatype.jsr310.ser.DurationSerializer
1519:             1             40  com.fasterxml.jackson.datatype.jsr310.ser.LocalDateSerializer
1520:             1             40  com.fasterxml.jackson.datatype.jsr310.ser.LocalDateTimeSerializer
1521:             1             40  com.fasterxml.jackson.datatype.jsr310.ser.LocalTimeSerializer
1522:             1             40  com.fasterxml.jackson.datatype.jsr310.ser.MonthDaySerializer
1523:             1             40  com.fasterxml.jackson.datatype.jsr310.ser.OffsetTimeSerializer
1524:             1             40  com.fasterxml.jackson.datatype.jsr310.ser.YearMonthSerializer
1525:             1             40  com.fasterxml.jackson.datatype.jsr310.ser.YearSerializer
1526:             1             40  com.sun.beans.introspect.ClassInfo$1 (java.desktop@15.0.1)
1527:             1             40  com.sun.jmx.interceptor.DefaultMBeanServerInterceptor (java.management@15.0.1)
1528:             1             40  com.sun.jmx.mbeanserver.JmxMBeanServer (java.management@15.0.1)
1529:             1             40  com.sun.jmx.mbeanserver.MBeanServerDelegateImpl (java.management@15.0.1)
1530:             1             40  com.sun.management.internal.DiagnosticCommandImpl (jdk.management@15.0.1)
1531:             1             40  io.micrometer.core.instrument.binder.jvm.JvmGcMetrics
1532:             1             40  java.lang.ArithmeticException (java.base@15.0.1)
1533:             1             40  java.lang.Exception (java.base@15.0.1)
1534:             1             40  java.lang.invoke.VarHandleReferences$Array (java.base@15.0.1)
1535:             1             40  java.lang.invoke.VarHandleReferences$FieldStaticReadWrite (java.base@15.0.1)
1536:             1             40  java.text.MessageFormat (java.base@15.0.1)
1537:             1             40  java.time.format.DateTimeFormatterBuilder (java.base@15.0.1)
1538:             1             40  java.time.format.DateTimeFormatterBuilder$FractionPrinterParser (java.base@15.0.1)
1539:             1             40  java.util.ResourceBundle$2 (java.base@15.0.1)
1540:             1             40  java.util.regex.Pattern$LazyLoop (java.base@15.0.1)
1541:             1             40  javax.servlet.MultipartConfigElement
1542:             1             40  jdk.internal.agent.resources.agent (jdk.management.agent@15.0.1)
1543:             1             40  jdk.internal.agent.resources.agent_ja (jdk.management.agent@15.0.1)
1544:             1             40  jdk.internal.ref.CleanerImpl$CleanerCleanable (java.base@15.0.1)
1545:             1             40  org.apache.catalina.core.ApplicationSessionCookieConfig
1546:             1             40  org.apache.catalina.realm.MessageDigestCredentialHandler
1547:             1             40  org.apache.coyote.AbstractProtocol$RecycledProcessors
1548:             1             40  org.apache.coyote.CompressionConfig
1549:             1             40  org.slf4j.bridge.SLF4JBridgeHandler
1550:             1             40  org.springframework.beans.factory.annotation.AutowiredAnnotationBeanPostProcessor$AutowiredMethodElement
1551:             1             40  org.springframework.beans.factory.annotation.InitDestroyAnnotationBeanPostProcessor$1
1552:             1             40  org.springframework.boot.actuate.autoconfigure.endpoint.web.CorsEndpointProperties
1553:             1             40  org.springframework.boot.actuate.autoconfigure.health.AutoConfiguredHealthEndpointGroup
1554:             1             40  org.springframework.boot.actuate.autoconfigure.metrics.MeterRegistryPostProcessor
1555:             1             40  org.springframework.boot.actuate.endpoint.jmx.JmxEndpointExporter
1556:             1             40  org.springframework.boot.actuate.endpoint.web.annotation.ControllerEndpointDiscoverer
1557:             1             40  org.springframework.boot.actuate.endpoint.web.annotation.ServletEndpointDiscoverer
1558:             1             40  org.springframework.boot.actuate.endpoint.web.annotation.WebEndpointDiscoverer
1559:             1             40  org.springframework.boot.autoconfigure.web.ErrorProperties
1560:             1             40  org.springframework.boot.autoconfigure.web.ResourceProperties
1561:             1             40  org.springframework.boot.autoconfigure.web.ServerProperties$Jetty$Accesslog
1562:             1             40  org.springframework.boot.autoconfigure.web.ServerProperties$Jetty$Threads
1563:             1             40  org.springframework.boot.autoconfigure.web.ServerProperties$Netty
1564:             1             40  org.springframework.boot.autoconfigure.web.ServerProperties$Servlet
1565:             1             40  org.springframework.boot.autoconfigure.web.ServerProperties$Tomcat$Remoteip
1566:             1             40  org.springframework.boot.autoconfigure.web.servlet.WebMvcAutoConfiguration$WebMvcAutoConfigurationAdapter
1567:             1             40  org.springframework.boot.context.logging.LoggingApplicationListener
1568:             1             40  org.springframework.boot.context.properties.ConfigurationPropertiesBinder
1569:             1             40  org.springframework.boot.context.properties.bind.Binder
1570:             1             40  org.springframework.boot.web.servlet.server.Session
1571:             1             40  org.springframework.boot.web.servlet.server.Session$Cookie
1572:             1             40  org.springframework.cglib.core.ClassNameReader$EarlyExitException
1573:             1             40  org.springframework.context.annotation.ConfigurationClassBeanDefinitionReader
1574:             1             40  org.springframework.context.event.EventListenerMethodProcessor
1575:             1             40  org.springframework.context.event.SimpleApplicationEventMulticaster
1576:             1             40  org.springframework.context.expression.StandardBeanExpressionResolver
1577:             1             40  org.springframework.core.convert.Property
1578:             1             40  org.springframework.core.io.support.ResourceArrayPropertyEditor
1579:             1             40  org.springframework.expression.spel.support.ReflectivePropertyAccessor
1580:             1             40  org.springframework.jndi.support.SimpleJndiBeanFactory
1581:             1             40  org.springframework.ui.context.support.ResourceBundleThemeSource
1582:             1             40  org.springframework.util.ConcurrentLruCache
1583:             1             40  org.springframework.web.bind.support.ConfigurableWebBindingInitializer
1584:             1             40  org.springframework.web.servlet.mvc.annotation.ResponseStatusExceptionResolver
1585:             1             40  org.springframework.web.servlet.mvc.support.DefaultHandlerExceptionResolver
1586:             1             40  sun.management.MappedMXBeanType$CompositeDataMXBeanType (java.management@15.0.1)
1587:             1             40  sun.management.MappedMXBeanType$MapMXBeanType (java.management@15.0.1)
1588:             1             40  sun.nio.ch.ServerSocketAdaptor (java.base@15.0.1)
1589:             1             40  sun.nio.cs.StandardCharsets$Aliases (java.base@15.0.1)
1590:             1             40  sun.nio.cs.StandardCharsets$Cache (java.base@15.0.1)
1591:             1             40  sun.nio.cs.StandardCharsets$Classes (java.base@15.0.1)
1592:             1             40  sun.text.resources.cldr.FormatData (java.base@15.0.1)
1593:             1             40  sun.text.resources.cldr.FormatData_en (java.base@15.0.1)
1594:             1             40  sun.text.resources.cldr.ext.FormatData_ja (jdk.localedata@15.0.1)
1595:             1             40  sun.util.locale.InternalLocaleBuilder (java.base@15.0.1)
1596:             1             40  sun.util.resources.Bundles$1 (java.base@15.0.1)
1597:             1             40  sun.util.resources.cldr.CalendarData (java.base@15.0.1)
1598:             1             32  [Lch.qos.logback.core.spi.FilterReply;
1599:             1             32  [Lch.qos.logback.core.subst.Tokenizer$TokenizerState;
1600:             1             32  [Lcom.fasterxml.jackson.annotation.JsonCreator$Mode;
1601:             1             32  [Lcom.fasterxml.jackson.annotation.JsonProperty$Access;
1602:             1             32  [Lcom.fasterxml.jackson.core.JsonFactory$Feature;
1603:             1             32  [Lcom.fasterxml.jackson.databind.util.AccessPattern;
1604:             1             32  [Lcom.sun.beans.util.Cache$Kind; (java.desktop@15.0.1)
1605:             1             32  [Lcom.sun.org.apache.xalan.internal.utils.XMLSecurityManager$NameMap; (java.xml@15.0.1)
1606:             1             32  [Lio.micrometer.core.instrument.binder.jvm.JvmGcMetrics$GcGenerationAge;
1607:             1             32  [Lio.micrometer.core.instrument.config.MeterFilterReply;
1608:             1             32  [Ljava.io.ObjectInputFilter$Status; (java.base@15.0.1)
1609:             1             32  [Ljava.lang.OutOfMemoryError; (java.base@15.0.1)
1610:             2             32  [Ljava.lang.StackTraceElement; (java.base@15.0.1)
1611:             1             32  [Ljava.lang.ThreadGroup; (java.base@15.0.1)
1612:             1             32  [Ljava.lang.invoke.MethodHandleImpl$ArrayAccess; (java.base@15.0.1)
1613:             1             32  [Ljava.lang.management.MemoryManagerMXBean; (java.management@15.0.1)
1614:             1             32  [Ljava.lang.module.ModuleDescriptor$Modifier; (java.base@15.0.1)
1615:             1             32  [Ljava.lang.module.ModuleDescriptor$Requires$Modifier; (java.base@15.0.1)
1616:             1             32  [Ljava.security.DrbgParameters$Capability; (java.base@15.0.1)
1617:             1             32  [Ljava.text.Normalizer$Form; (java.base@15.0.1)
1618:             1             32  [Ljava.time.format.DateTimeFormatterBuilder$SettingsParser; (java.base@15.0.1)
1619:             1             32  [Ljava.time.format.FormatStyle; (java.base@15.0.1)
1620:             1             32  [Ljava.time.format.ResolverStyle; (java.base@15.0.1)
1621:             1             32  [Ljava.time.temporal.IsoFields$Field; (java.base@15.0.1)
1622:             1             32  [Ljava.time.temporal.JulianFields$Field; (java.base@15.0.1)
1623:             1             32  [Ljava.util.regex.Pattern$Qtype; (java.base@15.0.1)
1624:             1             32  [Ljava.util.stream.MatchOps$MatchKind; (java.base@15.0.1)
1625:             1             32  [Ljava.util.stream.StreamShape; (java.base@15.0.1)
1626:             2             32  [Ljavax.management.modelmbean.ModelMBeanAttributeInfo; (java.management@15.0.1)
1627:             2             32  [Ljavax.management.modelmbean.ModelMBeanConstructorInfo; (java.management@15.0.1)
1628:             2             32  [Ljavax.management.modelmbean.ModelMBeanNotificationInfo; (java.management@15.0.1)
1629:             1             32  [Ljavax.xml.catalog.CatalogFeatures$Feature; (java.xml@15.0.1)
1630:             1             32  [Ljdk.internal.icu.util.CodePointTrie$ValueWidth; (java.base@15.0.1)
1631:             1             32  [Ljdk.internal.logger.BootstrapLogger$LoggingBackend; (java.base@15.0.1)
1632:             1             32  [Ljdk.internal.module.IllegalAccessLogger$Mode; (java.base@15.0.1)
1633:             1             32  [Ljdk.xml.internal.JdkXmlFeatures$XmlFeature; (java.xml@15.0.1)
1634:             1             32  [Lorg.apache.catalina.authenticator.AuthenticatorBase$AllowCorsPreflight;
1635:             1             32  [Lorg.apache.commons.logging.LogAdapter$LogApi;
1636:             1             32  [Lorg.apache.coyote.ContinueResponseTiming;
1637:             1             32  [Lorg.apache.tomcat.util.buf.EncodedSolidusHandling;
1638:             1             32  [Lorg.apache.tomcat.util.http.ConcurrentDateFormat;
1639:             1             32  [Lorg.apache.tomcat.util.http.SameSiteCookies;
1640:             1             32  [Lorg.apache.tomcat.util.net.AbstractEndpoint$BindState;
1641:             1             32  [Lorg.apache.tomcat.util.net.Acceptor$AcceptorState;
1642:             1             32  [Lorg.springframework.boot.Banner$Mode;
1643:             1             32  [Lorg.springframework.boot.WebApplicationType;
1644:             1             32  [Lorg.springframework.boot.actuate.autoconfigure.health.HealthProperties$Show;
1645:             1             32  [Lorg.springframework.boot.actuate.endpoint.web.WebEndpointHttpMethod;
1646:             1             32  [Lorg.springframework.boot.autoconfigure.web.ErrorProperties$IncludeAttribute;
1647:             1             32  [Lorg.springframework.boot.autoconfigure.web.ErrorProperties$IncludeStacktrace;
1648:             1             32  [Lorg.springframework.boot.context.properties.source.ConfigurationPropertyName$Form;
1649:             1             32  [Lorg.springframework.boot.context.properties.source.ConfigurationPropertyState;
1650:             1             32  [Lorg.springframework.boot.web.servlet.ServletContextInitializer;
1651:             1             32  [Lorg.springframework.cglib.proxy.Callback;
1652:             1             32  [Lorg.springframework.core.annotation.TypeMappedAnnotations$IsPresent;
1653:             1             32  [Lorg.springframework.expression.spel.SpelCompilerMode;
1654:             1             32  [Lorg.springframework.jmx.support.RegistrationPolicy;
1655:             1             32  ch.qos.logback.classic.jul.LevelChangePropagator
1656:             1             32  ch.qos.logback.classic.pattern.LevelConverter
1657:             1             32  ch.qos.logback.classic.pattern.LineSeparatorConverter
1658:             1             32  ch.qos.logback.classic.pattern.MessageConverter
1659:             1             32  ch.qos.logback.classic.pattern.ThreadConverter
1660:             1             32  ch.qos.logback.classic.spi.LoggerContextVO
1661:             1             32  ch.qos.logback.core.helpers.CyclicBuffer
1662:             1             32  com.fasterxml.jackson.annotation.JsonInclude$Value
1663:             2             32  com.fasterxml.jackson.databind.introspect.TypeResolutionContext$Empty
1664:             1             32  com.fasterxml.jackson.databind.introspect.VisibilityChecker$Std
1665:             2             32  com.fasterxml.jackson.databind.node.JsonNodeFactory
1666:             2             32  com.fasterxml.jackson.databind.ser.impl.PropertySerializerMap$Empty
1667:             1             32  com.fasterxml.jackson.databind.ser.impl.StringArraySerializer
1668:             1             32  com.fasterxml.jackson.databind.ser.std.CalendarSerializer
1669:             1             32  com.fasterxml.jackson.databind.ser.std.DateSerializer
1670:             1             32  com.fasterxml.jackson.databind.ser.std.NumberSerializers$FloatSerializer
1671:             1             32  com.fasterxml.jackson.databind.ser.std.NumberSerializers$IntLikeSerializer
1672:             1             32  com.fasterxml.jackson.databind.ser.std.NumberSerializers$ShortSerializer
1673:             1             32  com.fasterxml.jackson.databind.util.EnumValues
1674:             1             32  com.fasterxml.jackson.datatype.jsr310.deser.LocalDateDeserializer
1675:             1             32  com.fasterxml.jackson.datatype.jsr310.deser.LocalDateTimeDeserializer
1676:             1             32  com.fasterxml.jackson.datatype.jsr310.deser.LocalTimeDeserializer
1677:             1             32  com.fasterxml.jackson.datatype.jsr310.deser.MonthDayDeserializer
1678:             1             32  com.fasterxml.jackson.datatype.jsr310.deser.OffsetTimeDeserializer
1679:             1             32  com.fasterxml.jackson.datatype.jsr310.deser.YearDeserializer
1680:             1             32  com.fasterxml.jackson.datatype.jsr310.deser.YearMonthDeserializer
1681:             1             32  com.sample.spring.lifecycle.AppConfig$$EnhancerBySpringCGLIB$$6ed41f05
1682:             1             32  com.sample.spring.lifecycle.SandboxSpringLifecycleApplication$$EnhancerBySpringCGLIB$$d7bfe17c
1683:             1             32  com.sun.jmx.mbeanserver.Repository (java.management@15.0.1)
1684:             2             32  com.sun.jmx.remote.internal.ServerCommunicatorAdmin$Timeout (java.management@15.0.1)
1685:             2             32  com.sun.jmx.remote.security.SubjectDelegator (java.management@15.0.1)
1686:             2             32  com.sun.proxy.$Proxy14
1687:             2             32  com.sun.proxy.$Proxy26
1688:             2             32  com.sun.proxy.$Proxy35
1689:             2             32  com.sun.proxy.$Proxy39
1690:             2             32  com.sun.proxy.$Proxy55
1691:             2             32  com.sun.proxy.$Proxy56
1692:             2             32  com.sun.proxy.$Proxy57
1693:             2             32  com.sun.proxy.$Proxy59
1694:             2             32  com.sun.proxy.$Proxy84
1695:             2             32  com.sun.proxy.$Proxy85
1696:             2             32  com.sun.proxy.$Proxy86
1697:             2             32  io.micrometer.core.instrument.MeterRegistry$Config
1698:             2             32  io.micrometer.core.instrument.MeterRegistry$More
1699:             1             32  io.micrometer.core.instrument.binder.system.FileDescriptorMetrics
1700:             1             32  io.micrometer.core.instrument.binder.system.ProcessorMetrics
1701:             1             32  io.micrometer.core.instrument.binder.tomcat.TomcatMetrics
1702:             2             32  io.micrometer.core.instrument.distribution.pause.NoPauseDetector
1703:             1             32  java.io.FileInputStream (java.base@15.0.1)
1704:             2             32  java.io.ObjectInputFilter$Config$Global$$Lambda$66/0x0000000800126b70 (java.base@15.0.1)
1705:             2             32  java.io.ObjectInputFilter$Config$Global$$Lambda$67/0x0000000800126db0 (java.base@15.0.1)
1706:             1             32  java.io.WinNTFileSystem (java.base@15.0.1)
1707:             2             32  java.lang.Boolean (java.base@15.0.1)
1708:             2             32  java.lang.InheritableThreadLocal (java.base@15.0.1)
1709:             2             32  java.lang.Shutdown$Lock (java.base@15.0.1)
1710:             1             32  java.lang.invoke.VarHandleBooleans$FieldInstanceReadWrite (java.base@15.0.1)
1711:             1             32  java.lang.module.ModuleDescriptor$Version (java.base@15.0.1)
1712:             1             32  java.net.InetAddress$CachedLocalHost (java.base@15.0.1)
1713:             2             32  java.nio.ByteOrder (java.base@15.0.1)
1714:             2             32  java.nio.channels.spi.AbstractSelector$1 (java.base@15.0.1)
1715:             1             32  java.security.UnresolvedPermission (java.base@15.0.1)
1716:             1             32  java.text.DontCareFieldPosition (java.base@15.0.1)
1717:             2             32  java.util.AbstractMap$1 (java.base@15.0.1)
1718:             2             32  java.util.Comparator$$Lambda$191/0x00000008001ff7d8 (java.base@15.0.1)
1719:             2             32  java.util.IdentityHashMap$Values (java.base@15.0.1)
1720:             2             32  java.util.ResourceBundle$SingleFormatControl (java.base@15.0.1)
1721:             2             32  java.util.concurrent.ConcurrentSkipListSet (java.base@15.0.1)
1722:             1             32  java.util.concurrent.SynchronousQueue (java.base@15.0.1)
1723:             1             32  java.util.concurrent.ThreadLocalRandom (java.base@15.0.1)
1724:             2             32  java.util.concurrent.ThreadPoolExecutor$AbortPolicy (java.base@15.0.1)
1725:             1             32  java.util.concurrent.atomic.AtomicIntegerFieldUpdater$AtomicIntegerFieldUpdaterImpl (java.base@15.0.1)
1726:             1             32  java.util.concurrent.atomic.LongAdder (java.base@15.0.1)
1727:             1             32  java.util.concurrent.locks.AbstractQueuedSynchronizer$ExclusiveNode (java.base@15.0.1)
1728:             2             32  java.util.logging.ErrorManager (java.logging@15.0.1)
1729:             1             32  java.util.logging.LogManager$SystemLoggerContext (java.logging@15.0.1)
1730:             1             32  java.util.regex.Pattern$NotBehind (java.base@15.0.1)
1731:             1             32  java.util.zip.ZipCoder$UTF8ZipCoder (java.base@15.0.1)
1732:             2             32  javax.management.remote.rmi.RMIConnectionImpl_Stub (java.management.rmi@15.0.1)
1733:             2             32  javax.management.remote.rmi.RMIServerImpl_Stub (java.management.rmi@15.0.1)
1734:             1             32  jdk.internal.module.IllegalAccessLogger (java.base@15.0.1)
1735:             1             32  jdk.internal.ref.CleanerImpl (java.base@15.0.1)
1736:             1             32  jdk.net.ExtendedSocketOptions$1 (jdk.net@15.0.1)
1737:             1             32  org.apache.catalina.mapper.Mapper
1738:             1             32  org.apache.catalina.mapper.Mapper$MappedHost
1739:             1             32  org.apache.coyote.AbstractProtocol$ConnectionHandler
1740:             1             32  org.apache.tomcat.util.collections.ManagedConcurrentWeakHashMap
1741:             1             32  org.apache.tomcat.util.descriptor.web.ErrorPage
1742:             1             32  org.apache.tomcat.util.descriptor.web.LoginConfig
1743:             1             32  org.apache.tomcat.util.net.Acceptor
1744:             1             32  org.apache.tomcat.util.scan.StandardJarScanner
1745:             1             32  org.apache.tomcat.util.threads.LimitLatch
1746:             1             32  org.apache.tomcat.util.threads.LimitLatch$Sync
1747:             1             32  org.apache.tomcat.websocket.server.WsWriteTimeout
1748:             1             32  org.springframework.beans.factory.config.RuntimeBeanReference
1749:             1             32  org.springframework.beans.factory.support.AbstractBeanFactory$BeanPostProcessorCache
1750:             1             32  org.springframework.beans.factory.support.BeanDefinitionDefaults
1751:             2             32  org.springframework.beans.factory.support.NullBean
1752:             1             32  org.springframework.beans.propertyeditors.ClassArrayEditor
1753:             1             32  org.springframework.beans.propertyeditors.ClassEditor
1754:             1             32  org.springframework.beans.propertyeditors.CustomMapEditor
1755:             1             32  org.springframework.beans.propertyeditors.FileEditor
1756:             1             32  org.springframework.beans.propertyeditors.InputSourceEditor
1757:             1             32  org.springframework.beans.propertyeditors.InputStreamEditor
1758:             1             32  org.springframework.beans.propertyeditors.PathEditor
1759:             1             32  org.springframework.beans.propertyeditors.PatternEditor
1760:             1             32  org.springframework.beans.propertyeditors.ReaderEditor
1761:             1             32  org.springframework.beans.propertyeditors.URIEditor
1762:             1             32  org.springframework.beans.propertyeditors.URLEditor
1763:             1             32  org.springframework.boot.DefaultApplicationArguments$Source
1764:             1             32  org.springframework.boot.actuate.autoconfigure.endpoint.jmx.DefaultEndpointObjectNameFactory
1765:             1             32  org.springframework.boot.actuate.autoconfigure.health.AutoConfiguredHealthContributorRegistry
1766:             1             32  org.springframework.boot.actuate.autoconfigure.health.HealthEndpointProperties
1767:             1             32  org.springframework.boot.actuate.autoconfigure.metrics.MeterRegistryConfigurer
1768:             1             32  org.springframework.boot.actuate.autoconfigure.metrics.MetricsProperties
1769:             1             32  org.springframework.boot.actuate.autoconfigure.metrics.MetricsProperties$Distribution
1770:             1             32  org.springframework.boot.actuate.autoconfigure.web.server.ManagementContextAutoConfiguration$SameManagementContextConfiguration$1
1771:             1             32  org.springframework.boot.actuate.autoconfigure.web.server.ManagementServerProperties
1772:             2             32  org.springframework.boot.actuate.autoconfigure.web.server.OnManagementPortCondition
1773:             2             32  org.springframework.boot.actuate.endpoint.Sanitizer
1774:             1             32  org.springframework.boot.actuate.endpoint.jmx.annotation.JmxEndpointDiscoverer
1775:             2             32  org.springframework.boot.actuate.endpoint.web.EndpointMapping
1776:             2             32  org.springframework.boot.actuate.endpoint.web.servlet.SkipPathExtensionContentNegotiation
1777:             2             32  org.springframework.boot.actuate.health.AbstractHealthIndicator$$Lambda$734/0x00000008004a06f0
1778:             2             32  org.springframework.boot.actuate.health.SimpleStatusAggregator$StatusComparator
1779:             1             32  org.springframework.boot.actuate.management.HeapDumpWebEndpoint
1780:             1             32  org.springframework.boot.actuate.metrics.web.client.MetricsClientHttpRequestInterceptor
1781:             1             32  org.springframework.boot.actuate.system.DiskSpaceHealthIndicator
1782:             1             32  org.springframework.boot.admin.SpringApplicationAdminMXBeanRegistrar
1783:             1             32  org.springframework.boot.autoconfigure.condition.ConditionEvaluationReport
1784:             1             32  org.springframework.boot.autoconfigure.jmx.ParentAwareNamingStrategy
1785:             1             32  org.springframework.boot.autoconfigure.logging.ConditionEvaluationReportLoggingListener
1786:             1             32  org.springframework.boot.autoconfigure.task.TaskExecutionProperties$Pool
1787:             1             32  org.springframework.boot.autoconfigure.web.ResourceProperties$Cache
1788:             1             32  org.springframework.boot.autoconfigure.web.ResourceProperties$Chain
1789:             1             32  org.springframework.boot.autoconfigure.web.ResourceProperties$Strategy
1790:             1             32  org.springframework.boot.autoconfigure.web.ServerProperties$Jetty
1791:             1             32  org.springframework.boot.autoconfigure.web.ServerProperties$Undertow$Accesslog
1792:             1             32  org.springframework.boot.autoconfigure.web.WebProperties$Resources
1793:             1             32  org.springframework.boot.autoconfigure.web.format.WebConversionService
1794:             1             32  org.springframework.boot.autoconfigure.web.servlet.MultipartProperties
1795:             1             32  org.springframework.boot.autoconfigure.web.servlet.error.DefaultErrorViewResolver
1796:             2             32  org.springframework.boot.context.properties.source.SystemEnvironmentPropertyMapper$$Lambda$179/0x000000080020c2c0
1797:             1             32  org.springframework.boot.convert.ApplicationConversionService
1798:             2             32  org.springframework.boot.convert.ArrayToDelimitedStringConverter
1799:             2             32  org.springframework.boot.convert.DelimitedStringToArrayConverter
1800:             2             32  org.springframework.boot.convert.DelimitedStringToCollectionConverter
1801:             2             32  org.springframework.boot.convert.StringToDataSizeConverter
1802:             2             32  org.springframework.boot.convert.StringToDurationConverter
1803:             2             32  org.springframework.boot.convert.StringToPeriodConverter
1804:             1             32  org.springframework.boot.env.OriginTrackedMapPropertySource
1805:             1             32  org.springframework.boot.logging.logback.LogbackLoggingSystem$1
1806:             1             32  org.springframework.boot.task.TaskSchedulerBuilder
1807:             1             32  org.springframework.boot.web.embedded.tomcat.TomcatWebServer
1808:             1             32  org.springframework.boot.web.server.Compression
1809:             2             32  org.springframework.boot.web.server.MimeMappings
1810:             1             32  org.springframework.boot.web.servlet.server.Encoding
1811:             1             32  org.springframework.cglib.core.AbstractClassGenerator$ClassLoaderData
1812:             2             32  org.springframework.cglib.core.AbstractClassGenerator$Source
1813:             2             32  org.springframework.cglib.proxy.DispatcherGenerator
1814:             1             32  org.springframework.context.annotation.AnnotatedBeanDefinitionReader
1815:             2             32  org.springframework.context.annotation.ConditionEvaluator
1816:             2             32  org.springframework.context.annotation.ConfigurationClassEnhancer$BeanFactoryAwareGeneratorStrategy
1817:             1             32  org.springframework.context.annotation.ConfigurationClassParser$ImportStack
1818:             1             32  org.springframework.context.support.DefaultLifecycleProcessor
1819:             1             32  org.springframework.context.support.DelegatingMessageSource
1820:             1             32  org.springframework.context.support.PropertySourcesPlaceholderConfigurer$1
1821:             1             32  org.springframework.core.annotation.TypeMappedAnnotations$Aggregate
1822:             2             32  org.springframework.core.convert.support.ArrayToCollectionConverter
1823:             2             32  org.springframework.core.convert.support.ArrayToObjectConverter
1824:             2             32  org.springframework.core.convert.support.ArrayToStringConverter
1825:             2             32  org.springframework.core.convert.support.ByteBufferConverter
1826:             2             32  org.springframework.core.convert.support.CharacterToNumberFactory
1827:             2             32  org.springframework.core.convert.support.CollectionToCollectionConverter
1828:             2             32  org.springframework.core.convert.support.CollectionToObjectConverter
1829:             2             32  org.springframework.core.convert.support.EnumToIntegerConverter
1830:             2             32  org.springframework.core.convert.support.EnumToStringConverter
1831:             2             32  org.springframework.core.convert.support.FallbackObjectToStringConverter
1832:             2             32  org.springframework.core.convert.support.GenericConversionService$NoOpConverter
1833:             2             32  org.springframework.core.convert.support.IdToEntityConverter
1834:             2             32  org.springframework.core.convert.support.IntegerToEnumConverterFactory
1835:             2             32  org.springframework.core.convert.support.MapToMapConverter
1836:             2             32  org.springframework.core.convert.support.NumberToCharacterConverter
1837:             2             32  org.springframework.core.convert.support.NumberToNumberConverterFactory
1838:             2             32  org.springframework.core.convert.support.ObjectToArrayConverter
1839:             2             32  org.springframework.core.convert.support.ObjectToCollectionConverter
1840:             2             32  org.springframework.core.convert.support.ObjectToObjectConverter
1841:             2             32  org.springframework.core.convert.support.ObjectToOptionalConverter
1842:             2             32  org.springframework.core.convert.support.PropertiesToStringConverter
1843:             2             32  org.springframework.core.convert.support.StreamConverter
1844:             2             32  org.springframework.core.convert.support.StringToArrayConverter
1845:             2             32  org.springframework.core.convert.support.StringToBooleanConverter
1846:             2             32  org.springframework.core.convert.support.StringToCharacterConverter
1847:             2             32  org.springframework.core.convert.support.StringToCharsetConverter
1848:             2             32  org.springframework.core.convert.support.StringToCollectionConverter
1849:             2             32  org.springframework.core.convert.support.StringToCurrencyConverter
1850:             2             32  org.springframework.core.convert.support.StringToEnumConverterFactory
1851:             2             32  org.springframework.core.convert.support.StringToLocaleConverter
1852:             2             32  org.springframework.core.convert.support.StringToNumberConverterFactory
1853:             2             32  org.springframework.core.convert.support.StringToPropertiesConverter
1854:             2             32  org.springframework.core.convert.support.StringToTimeZoneConverter
1855:             2             32  org.springframework.core.convert.support.StringToUUIDConverter
1856:             2             32  org.springframework.core.convert.support.ZoneIdToTimeZoneConverter
1857:             2             32  org.springframework.core.convert.support.ZonedDateTimeToCalendarConverter
1858:             2             32  org.springframework.core.env.MutablePropertySources
1859:             1             32  org.springframework.core.env.SimpleCommandLinePropertySource
1860:             2             32  org.springframework.expression.spel.standard.SpelExpressionParser
1861:             2             32  org.springframework.format.datetime.DateTimeFormatAnnotationFormatterFactory
1862:             2             32  org.springframework.format.datetime.standard.DateTimeConverters$CalendarToInstantConverter
1863:             2             32  org.springframework.format.datetime.standard.DateTimeConverters$CalendarToLocalDateConverter
1864:             2             32  org.springframework.format.datetime.standard.DateTimeConverters$CalendarToLocalDateTimeConverter
1865:             2             32  org.springframework.format.datetime.standard.DateTimeConverters$CalendarToLocalTimeConverter
1866:             2             32  org.springframework.format.datetime.standard.DateTimeConverters$CalendarToOffsetDateTimeConverter
1867:             2             32  org.springframework.format.datetime.standard.DateTimeConverters$CalendarToZonedDateTimeConverter
1868:             2             32  org.springframework.format.datetime.standard.DateTimeConverters$InstantToLongConverter
1869:             2             32  org.springframework.format.datetime.standard.DateTimeConverters$LocalDateTimeToLocalDateConverter
1870:             2             32  org.springframework.format.datetime.standard.DateTimeConverters$LocalDateTimeToLocalTimeConverter
1871:             2             32  org.springframework.format.datetime.standard.DateTimeConverters$LongToInstantConverter
1872:             2             32  org.springframework.format.datetime.standard.DateTimeConverters$OffsetDateTimeToInstantConverter
1873:             2             32  org.springframework.format.datetime.standard.DateTimeConverters$OffsetDateTimeToLocalDateConverter
1874:             2             32  org.springframework.format.datetime.standard.DateTimeConverters$OffsetDateTimeToLocalDateTimeConverter
1875:             2             32  org.springframework.format.datetime.standard.DateTimeConverters$OffsetDateTimeToLocalTimeConverter
1876:             2             32  org.springframework.format.datetime.standard.DateTimeConverters$OffsetDateTimeToZonedDateTimeConverter
1877:             2             32  org.springframework.format.datetime.standard.DateTimeConverters$ZonedDateTimeToInstantConverter
1878:             2             32  org.springframework.format.datetime.standard.DateTimeConverters$ZonedDateTimeToLocalDateConverter
1879:             2             32  org.springframework.format.datetime.standard.DateTimeConverters$ZonedDateTimeToLocalDateTimeConverter
1880:             2             32  org.springframework.format.datetime.standard.DateTimeConverters$ZonedDateTimeToLocalTimeConverter
1881:             2             32  org.springframework.format.datetime.standard.DateTimeConverters$ZonedDateTimeToOffsetDateTimeConverter
1882:             2             32  org.springframework.format.datetime.standard.DurationFormatter
1883:             2             32  org.springframework.format.datetime.standard.InstantFormatter
1884:             2             32  org.springframework.format.datetime.standard.Jsr310DateTimeFormatAnnotationFormatterFactory
1885:             2             32  org.springframework.format.datetime.standard.MonthDayFormatter
1886:             2             32  org.springframework.format.datetime.standard.MonthFormatter
1887:             2             32  org.springframework.format.datetime.standard.PeriodFormatter
1888:             2             32  org.springframework.format.datetime.standard.YearFormatter
1889:             2             32  org.springframework.format.datetime.standard.YearMonthFormatter
1890:             2             32  org.springframework.format.number.NumberFormatAnnotationFormatterFactory
1891:             2             32  org.springframework.http.server.PathContainer$Options
1892:             1             32  org.springframework.jmx.export.assembler.MetadataMBeanInfoAssembler
1893:             1             32  org.springframework.web.context.support.StandardServletEnvironment
1894:             2             32  org.springframework.web.method.annotation.RequestParamMapMethodArgumentResolver
1895:             2             32  org.springframework.web.method.support.HandlerMethodReturnValueHandlerComposite
1896:             1             32  org.springframework.web.servlet.config.annotation.AsyncSupportConfigurer
1897:             2             32  org.springframework.web.servlet.mvc.condition.HeadersRequestCondition
1898:             2             32  org.springframework.web.servlet.mvc.method.annotation.JsonViewResponseBodyAdvice
1899:             2             32  org.springframework.web.servlet.mvc.method.annotation.MatrixVariableMapMethodArgumentResolver
1900:             2             32  org.springframework.web.servlet.mvc.method.annotation.ModelAndViewMethodReturnValueHandler
1901:             2             32  org.springframework.web.servlet.mvc.method.annotation.PathVariableMapMethodArgumentResolver
1902:             1             32  org.springframework.web.servlet.mvc.method.annotation.ReactiveTypeHandler
1903:             2             32  org.springframework.web.servlet.mvc.method.annotation.RedirectAttributesMethodArgumentResolver
1904:             1             32  org.springframework.web.servlet.mvc.method.annotation.RequestPartMethodArgumentResolver
1905:             1             32  org.springframework.web.servlet.mvc.method.annotation.ServletCookieValueMethodArgumentResolver
1906:             2             32  org.springframework.web.servlet.mvc.method.annotation.ViewMethodReturnValueHandler
1907:             2             32  org.springframework.web.servlet.mvc.method.annotation.ViewNameMethodReturnValueHandler
1908:             1             32  org.springframework.web.servlet.resource.ResourceUrlProvider
1909:             1             32  org.springframework.web.servlet.view.BeanNameViewResolver
1910:             1             32  org.springframework.web.servlet.view.DefaultRequestToViewNameTranslator
1911:             1             32  sun.instrument.InstrumentationImpl (java.instrument@15.0.1)
1912:             1             32  sun.management.MappedMXBeanType$InProgress (java.management@15.0.1)
1913:             2             32  sun.management.jmxremote.ConnectorBootstrap$PermanentExporter (jdk.management.agent@15.0.1)
1914:             1             32  sun.management.jmxremote.LocalRMIServerSocketFactory$1 (jdk.management.agent@15.0.1)
1915:             1             32  sun.management.jmxremote.SingleEntryRegistry (jdk.management.agent@15.0.1)
1916:             2             32  sun.net.www.protocol.file.Handler (java.base@15.0.1)
1917:             2             32  sun.nio.ch.NioSocketImpl$1 (java.base@15.0.1)
1918:             2             32  sun.nio.ch.NioSocketImpl$2 (java.base@15.0.1)
1919:             2             32  sun.nio.ch.Util$2 (java.base@15.0.1)
1920:             2             32  sun.rmi.transport.tcp.TCPTransport$ConnectionHandler$$Lambda$111/0x0000000800167bb0 (java.rmi@15.0.1)
1921:             1             32  sun.security.provider.PolicyFile (java.base@15.0.1)
1922:             1             32  sun.security.provider.PolicyFile$PolicyInfo (java.base@15.0.1)
1923:             2             32  sun.security.util.AlgorithmDecomposer (java.base@15.0.1)
1924:             2             32  sun.security.util.DisabledAlgorithmConstraints$Constraints (java.base@15.0.1)
1925:             1             32  sun.security.util.KnownOIDs$1 (java.base@15.0.1)
1926:             1             32  sun.security.util.KnownOIDs$10 (java.base@15.0.1)
1927:             1             32  sun.security.util.KnownOIDs$2 (java.base@15.0.1)
1928:             1             32  sun.security.util.KnownOIDs$3 (java.base@15.0.1)
1929:             1             32  sun.security.util.KnownOIDs$4 (java.base@15.0.1)
1930:             1             32  sun.security.util.KnownOIDs$5 (java.base@15.0.1)
1931:             1             32  sun.security.util.KnownOIDs$6 (java.base@15.0.1)
1932:             1             32  sun.security.util.KnownOIDs$7 (java.base@15.0.1)
1933:             1             32  sun.security.util.KnownOIDs$8 (java.base@15.0.1)
1934:             1             32  sun.security.util.KnownOIDs$9 (java.base@15.0.1)
1935:             2             32  sun.util.resources.LocaleData (java.base@15.0.1)
1936:             1             24  [Lch.qos.logback.core.joran.spi.ConsoleTarget;
1937:             1             24  [Lch.qos.logback.core.subst.Node$Type;
1938:             1             24  [Lcom.fasterxml.jackson.databind.AnnotationIntrospector$ReferenceProperty$Type;
1939:             1             24  [Lcom.sun.org.apache.xalan.internal.utils.XMLSecurityPropertyManager$Property; (java.xml@15.0.1)
1940:             1             24  [Lio.micrometer.core.instrument.simple.CountingMode;
1941:             1             24  [Ljava.io.File$PathStatus; (java.base@15.0.1)
1942:             1             24  [Ljava.lang.invoke.MethodHandles$Lookup$ClassOption; (java.base@15.0.1)
1943:             1             24  [Ljava.lang.management.MemoryType; (java.management@15.0.1)
1944:             1             24  [Ljava.net.StandardProtocolFamily; (java.base@15.0.1)
1945:             1             24  [Ljava.time.temporal.IsoFields$Unit; (java.base@15.0.1)
1946:             1             24  [Ljava.util.Comparators$NaturalOrderComparator; (java.base@15.0.1)
1947:             1             24  [Ljava.util.Locale$Category; (java.base@15.0.1)
1948:             1             24  [Ljdk.internal.access.JavaSecurityAccess$ProtectionDomainCache; (java.base@15.0.1)
1949:             1             24  [Ljdk.internal.icu.util.CodePointTrie$Type; (java.base@15.0.1)
1950:             1             24  [Lorg.apache.catalina.Service;
1951:             1             24  [Lorg.apache.catalina.connector.Connector;
1952:             1             24  [Lorg.apache.catalina.mapper.Mapper$ContextVersion;
1953:             1             24  [Lorg.apache.catalina.mapper.Mapper$MappedContext;
1954:             1             24  [Lorg.apache.catalina.mapper.Mapper$MappedHost;
1955:             1             24  [Lorg.springframework.beans.factory.config.DependencyDescriptor;
1956:             1             24  [Lorg.springframework.boot.actuate.autoconfigure.endpoint.expose.IncludeExcludeEndpointFilter$DefaultIncludes;
1957:             1             24  [Lorg.springframework.boot.actuate.endpoint.http.ApiVersion;
1958:             1             24  [Lorg.springframework.boot.actuate.info.InfoPropertiesInfoContributor$Mode;
1959:             1             24  [Lorg.springframework.boot.autoconfigure.condition.ConditionMessage$Style;
1960:             1             24  [Lorg.springframework.boot.autoconfigure.condition.FilteringSpringBootCondition$ClassNameFilter;
1961:             1             24  [Lorg.springframework.boot.autoconfigure.web.ServerProperties$Jetty$Accesslog$FORMAT;
1962:             1             24  [Lorg.springframework.boot.autoconfigure.web.WebProperties$LocaleResolver;
1963:             1             24  [Lorg.springframework.boot.autoconfigure.web.servlet.WebMvcProperties$LocaleResolver;
1964:             1             24  [Lorg.springframework.boot.autoconfigure.web.servlet.WebMvcProperties$MatchingStrategy;
1965:             1             24  [Lorg.springframework.boot.availability.LivenessState;
1966:             1             24  [Lorg.springframework.boot.availability.ReadinessState;
1967:             1             24  [Lorg.springframework.boot.context.ConfigurationWarningsApplicationContextInitializer$Check;
1968:             1             24  [Lorg.springframework.boot.context.config.ConfigDataEnvironmentContributor$ImportPhase;
1969:             1             24  [Lorg.springframework.boot.context.config.ConfigDataNotFoundAction;
1970:             1             24  [Lorg.springframework.boot.context.config.LocationResourceLoader$ResourceType;
1971:             1             24  [Lorg.springframework.boot.context.properties.ConfigurationPropertiesBean$BindMethod;
1972:             1             24  [Lorg.springframework.boot.context.properties.bind.DataObjectBinder;
1973:             1             24  [Lorg.springframework.boot.convert.DurationStyle;
1974:             1             24  [Lorg.springframework.boot.web.servlet.server.Encoding$Type;
1975:             1             24  [Lorg.springframework.context.annotation.ConfigurationCondition$ConfigurationPhase;
1976:             1             24  [Lorg.springframework.context.annotation.MBeanExportConfiguration$SpecificPlatform;
1977:             1             24  [Lorg.springframework.core.ResolvableType$WildcardBounds$Kind;
1978:             1             24  [Lorg.springframework.core.annotation.IntrospectionFailureLogger;
1979:             1             24  [Lorg.springframework.util.ConcurrentReferenceHashMap$ReferenceType;
1980:             1             24  [Lorg.springframework.util.ConcurrentReferenceHashMap$Restructure;
1981:             1             24  [Lsun.instrument.TransformerManager$TransformerInfo; (java.instrument@15.0.1)
1982:             1             24  [Lsun.security.rsa.RSAUtil$KeyType; (java.base@15.0.1)
1983:             1             24  ch.qos.logback.classic.BasicConfigurator
1984:             1             24  ch.qos.logback.classic.spi.TurboFilterList
1985:             1             24  ch.qos.logback.classic.util.ContextSelectorStaticBinder
1986:             1             24  ch.qos.logback.classic.util.LogbackMDCAdapter
1987:             1             24  com.fasterxml.jackson.annotation.JsonFormat$Features
1988:             1             24  com.fasterxml.jackson.annotation.JsonIgnoreProperties$Value
1989:             1             24  com.fasterxml.jackson.annotation.JsonSetter$Value
1990:             1             24  com.fasterxml.jackson.core.util.Separators
1991:             1             24  com.fasterxml.jackson.databind.AnnotationIntrospector$ReferenceProperty
1992:             1             24  com.fasterxml.jackson.databind.cfg.ContextAttributes$Impl
1993:             1             24  com.fasterxml.jackson.databind.deser.std.NumberDeserializers$NumberDeserializer
1994:             1             24  com.fasterxml.jackson.databind.deser.std.StringDeserializer
1995:             1             24  com.fasterxml.jackson.databind.deser.std.UntypedObjectDeserializer$Vanilla
1996:             1             24  com.fasterxml.jackson.databind.introspect.JacksonAnnotationIntrospector
1997:             1             24  com.fasterxml.jackson.databind.ser.impl.FailingSerializer
1998:             1             24  com.fasterxml.jackson.databind.ser.impl.IndexedStringListSerializer
1999:             1             24  com.fasterxml.jackson.databind.ser.impl.ReadOnlyClassToSerializerMap
2000:             1             24  com.fasterxml.jackson.databind.ser.impl.StringCollectionSerializer
2001:             1             24  com.fasterxml.jackson.databind.ser.std.EnumSerializer
2002:             1             24  com.fasterxml.jackson.databind.ser.std.StdKeySerializers$Dynamic
2003:             1             24  com.fasterxml.jackson.databind.ser.std.UUIDSerializer
2004:             1             24  com.fasterxml.jackson.datatype.jsr310.deser.DurationDeserializer
2005:             1             24  com.fasterxml.jackson.module.paramnames.ParameterNamesAnnotationIntrospector
2006:             1             24  com.sun.beans.util.Cache$Kind$1 (java.desktop@15.0.1)
2007:             1             24  com.sun.beans.util.Cache$Kind$2 (java.desktop@15.0.1)
2008:             1             24  com.sun.beans.util.Cache$Kind$3 (java.desktop@15.0.1)
2009:             1             24  com.sun.jmx.mbeanserver.ClassLoaderRepositorySupport (java.management@15.0.1)
2010:             1             24  com.sun.jmx.mbeanserver.MXBeanLookup (java.management@15.0.1)
2011:             1             24  com.sun.management.internal.HotSpotThreadImpl (jdk.management@15.0.1)
2012:             1             24  com.sun.management.internal.OperatingSystemImpl (jdk.management@15.0.1)
2013:             1             24  com.sun.management.internal.PlatformMBeanProviderImpl$1 (jdk.management@15.0.1)
2014:             1             24  com.sun.management.internal.PlatformMBeanProviderImpl$2 (jdk.management@15.0.1)
2015:             1             24  com.sun.management.internal.PlatformMBeanProviderImpl$3 (jdk.management@15.0.1)
2016:             1             24  com.sun.management.internal.PlatformMBeanProviderImpl$4 (jdk.management@15.0.1)
2017:             1             24  com.sun.management.internal.PlatformMBeanProviderImpl$5 (jdk.management@15.0.1)
2018:             1             24  com.sun.org.apache.xerces.internal.jaxp.SAXParserFactoryImpl (java.xml@15.0.1)
2019:             1             24  io.micrometer.core.instrument.binder.logging.LogbackMetrics
2020:             1             24  io.micrometer.core.instrument.binder.system.UptimeMetrics
2021:             1             24  io.micrometer.core.instrument.binder.tomcat.TomcatMetrics$$Lambda$821/0x00000008004ddc50
2022:             1             24  io.micrometer.core.instrument.binder.tomcat.TomcatMetrics$$Lambda$823/0x00000008004de2c8
2023:             1             24  io.micrometer.core.instrument.binder.tomcat.TomcatMetrics$$Lambda$824/0x00000008004de4f8
2024:             1             24  io.micrometer.core.instrument.binder.tomcat.TomcatMetrics$$Lambda$825/0x00000008004de728
2025:             1             24  io.micrometer.core.util.internal.logging.WarnThenDebugLogger
2026:             1             24  java.lang.StringBuilder (java.base@15.0.1)
2027:             1             24  java.lang.StringCoding$Result (java.base@15.0.1)
2028:             1             24  java.lang.invoke.MethodHandleImpl$ArrayAccessor$1 (java.base@15.0.1)
2029:             1             24  java.lang.invoke.MethodHandleImpl$BindCaller$1 (java.base@15.0.1)
2030:             1             24  java.lang.invoke.MethodType$ConcurrentWeakInternSet (java.base@15.0.1)
2031:             1             24  java.lang.invoke.VarHandles$1 (java.base@15.0.1)
2032:             1             24  java.lang.management.DefaultPlatformMBeanProvider$1 (java.management@15.0.1)
2033:             1             24  java.lang.management.DefaultPlatformMBeanProvider$10 (java.management@15.0.1)
2034:             1             24  java.lang.management.DefaultPlatformMBeanProvider$11 (java.management@15.0.1)
2035:             1             24  java.lang.management.DefaultPlatformMBeanProvider$2 (java.management@15.0.1)
2036:             1             24  java.lang.management.DefaultPlatformMBeanProvider$3 (java.management@15.0.1)
2037:             1             24  java.lang.management.DefaultPlatformMBeanProvider$4 (java.management@15.0.1)
2038:             1             24  java.lang.management.DefaultPlatformMBeanProvider$5 (java.management@15.0.1)
2039:             1             24  java.lang.management.DefaultPlatformMBeanProvider$6 (java.management@15.0.1)
2040:             1             24  java.lang.management.DefaultPlatformMBeanProvider$7 (java.management@15.0.1)
2041:             1             24  java.lang.management.DefaultPlatformMBeanProvider$8 (java.management@15.0.1)
2042:             1             24  java.lang.management.DefaultPlatformMBeanProvider$9 (java.management@15.0.1)
2043:             1             24  java.math.MutableBigInteger (java.base@15.0.1)
2044:             1             24  java.net.Inet6AddressImpl (java.base@15.0.1)
2045:             1             24  java.security.CodeSigner (java.base@15.0.1)
2046:             1             24  java.security.Policy$PolicyInfo (java.base@15.0.1)
2047:             1             24  java.security.Policy$UnsupportedEmptyCollection (java.base@15.0.1)
2048:             1             24  java.security.ProtectionDomain$JavaSecurityAccessImpl$1 (java.base@15.0.1)
2049:             1             24  java.security.Timestamp (java.base@15.0.1)
2050:             1             24  java.time.Clock$SystemClock (java.base@15.0.1)
2051:             1             24  java.time.format.DecimalStyle (java.base@15.0.1)
2052:             1             24  java.time.temporal.IsoFields$Field$1 (java.base@15.0.1)
2053:             1             24  java.time.temporal.IsoFields$Field$2 (java.base@15.0.1)
2054:             1             24  java.time.temporal.IsoFields$Field$3 (java.base@15.0.1)
2055:             1             24  java.time.temporal.IsoFields$Field$4 (java.base@15.0.1)
2056:             1             24  java.util.Collections$EmptyMap (java.base@15.0.1)
2057:             1             24  java.util.Collections$SynchronizedCollection (java.base@15.0.1)
2058:             1             24  java.util.Collections$SynchronizedSet (java.base@15.0.1)
2059:             1             24  java.util.Comparators$NaturalOrderComparator (java.base@15.0.1)
2060:             1             24  java.util.Comparators$NullComparator (java.base@15.0.1)
2061:             1             24  java.util.Locale$Cache (java.base@15.0.1)
2062:             1             24  java.util.OptionalInt (java.base@15.0.1)
2063:             1             24  java.util.PropertyPermissionCollection (java.base@15.0.1)
2064:             1             24  java.util.ResourceBundle$Control$CandidateListCache (java.base@15.0.1)
2065:             1             24  java.util.concurrent.ConcurrentSkipListMap$Index (java.base@15.0.1)
2066:             1             24  java.util.concurrent.locks.ReentrantReadWriteLock$Sync$HoldCounter (java.base@15.0.1)
2067:             1             24  java.util.logging.LogManager$LoggerContext (java.logging@15.0.1)
2068:             1             24  java.util.regex.Pattern$Neg (java.base@15.0.1)
2069:             1             24  java.util.regex.Pattern$Prolog (java.base@15.0.1)
2070:             1             24  javax.websocket.CloseReason
2071:             1             24  jdk.internal.icu.impl.Norm2AllModes (java.base@15.0.1)
2072:             1             24  jdk.internal.icu.impl.Norm2AllModes$ComposeNormalizer2 (java.base@15.0.1)
2073:             1             24  jdk.internal.icu.impl.Norm2AllModes$Norm2AllModesSingleton (java.base@15.0.1)
2074:             1             24  jdk.internal.jimage.ImageReader (java.base@15.0.1)
2075:             1             24  jdk.internal.loader.URLClassPath$FileLoader (java.base@15.0.1)
2076:             1             24  jdk.internal.logger.BootstrapLogger$RedirectedLoggers (java.base@15.0.1)
2077:             1             24  jdk.internal.module.ModuleBootstrap$SafeModuleFinder (java.base@15.0.1)
2078:             1             24  jdk.internal.module.ModuleHashes (java.base@15.0.1)
2079:             1             24  jdk.management.jfr.StreamManager (jdk.management.jfr@15.0.1)
2080:             1             24  jdk.management.jfr.internal.FlightRecorderMXBeanProvider$SingleMBeanComponent (jdk.management.jfr@15.0.1)
2081:             1             24  org.apache.catalina.core.ApplicationContextFacade
2082:             1             24  org.apache.catalina.core.StandardContext$ContextFilterMaps
2083:             1             24  org.apache.catalina.core.StandardWrapperFacade
2084:             1             24  org.apache.catalina.mapper.Mapper$ContextList
2085:             1             24  org.apache.catalina.mapper.Mapper$MappedContext
2086:             1             24  org.apache.catalina.mapper.Mapper$MappedWrapper
2087:             1             24  org.apache.catalina.startup.CatalinaBaseConfigurationSource
2088:             1             24  org.apache.catalina.webresources.TomcatURLStreamHandlerFactory
2089:             1             24  org.apache.naming.StringManager
2090:             1             24  org.apache.tomcat.util.buf.CharsetCache$DummyCharset
2091:             1             24  org.apache.tomcat.util.file.ConfigurationSource$1
2092:             1             24  org.apache.tomcat.util.net.NioBlockingSelector
2093:             1             24  org.apache.tomcat.websocket.WsExtension
2094:             1             24  org.apache.tomcat.websocket.server.WsFilter
2095:             1             24  org.slf4j.helpers.SubstituteLoggerFactory
2096:             1             24  org.slf4j.impl.StaticLoggerBinder
2097:             1             24  org.springframework.beans.AbstractNestablePropertyAccessor$PropertyTokenHolder
2098:             1             24  org.springframework.beans.TypeConverterDelegate
2099:             1             24  org.springframework.beans.factory.annotation.InjectionMetadata$1
2100:             1             24  org.springframework.beans.factory.support.AbstractBeanFactory$BeanPostProcessorCacheAwareList
2101:             1             24  org.springframework.beans.propertyeditors.ByteArrayPropertyEditor
2102:             1             24  org.springframework.beans.propertyeditors.CharArrayPropertyEditor
2103:             1             24  org.springframework.beans.propertyeditors.CharsetEditor
2104:             1             24  org.springframework.beans.propertyeditors.CurrencyEditor
2105:             1             24  org.springframework.beans.propertyeditors.LocaleEditor
2106:             1             24  org.springframework.beans.propertyeditors.PropertiesEditor
2107:             1             24  org.springframework.beans.propertyeditors.TimeZoneEditor
2108:             1             24  org.springframework.beans.propertyeditors.UUIDEditor
2109:             1             24  org.springframework.beans.propertyeditors.ZoneIdEditor
2110:             1             24  org.springframework.beans.support.ResourceEditorRegistrar
2111:             1             24  org.springframework.boot.DefaultApplicationArguments
2112:             1             24  org.springframework.boot.SpringApplicationBannerPrinter$PrintedBanner
2113:             1             24  org.springframework.boot.actuate.autoconfigure.endpoint.jmx.JmxEndpointAutoConfiguration
2114:             1             24  org.springframework.boot.actuate.autoconfigure.endpoint.jmx.JmxEndpointProperties
2115:             1             24  org.springframework.boot.actuate.autoconfigure.endpoint.jmx.JmxEndpointProperties$Exposure
2116:             1             24  org.springframework.boot.actuate.autoconfigure.endpoint.web.WebEndpointAutoConfiguration
2117:             1             24  org.springframework.boot.actuate.autoconfigure.endpoint.web.WebEndpointProperties
2118:             1             24  org.springframework.boot.actuate.autoconfigure.endpoint.web.WebEndpointProperties$Exposure
2119:             1             24  org.springframework.boot.actuate.autoconfigure.health.AutoConfiguredHealthEndpointGroups
2120:             1             24  org.springframework.boot.actuate.autoconfigure.health.HealthProperties$Status
2121:             1             24  org.springframework.boot.actuate.autoconfigure.metrics.CompositeMeterRegistryConfiguration$MultipleNonPrimaryMeterRegistriesCondition
2122:             1             24  org.springframework.boot.actuate.autoconfigure.metrics.MetricsProperties$Web
2123:             1             24  org.springframework.boot.actuate.autoconfigure.metrics.MetricsProperties$Web$Client
2124:             1             24  org.springframework.boot.actuate.autoconfigure.metrics.MetricsProperties$Web$Client$ClientRequest
2125:             1             24  org.springframework.boot.actuate.autoconfigure.metrics.MetricsProperties$Web$Server
2126:             1             24  org.springframework.boot.actuate.autoconfigure.metrics.MetricsProperties$Web$Server$ServerRequest
2127:             1             24  org.springframework.boot.actuate.autoconfigure.metrics.PropertiesMeterFilter
2128:             1             24  org.springframework.boot.actuate.autoconfigure.metrics.export.OnMetricsExportEnabledCondition
2129:             1             24  org.springframework.boot.actuate.autoconfigure.metrics.export.simple.SimpleProperties
2130:             1             24  org.springframework.boot.actuate.autoconfigure.metrics.web.servlet.WebMvcMetricsAutoConfiguration$MetricsWebMvcConfigurer
2131:             1             24  org.springframework.boot.actuate.autoconfigure.system.DiskSpaceHealthIndicatorProperties
2132:             1             24  org.springframework.boot.actuate.context.properties.ConfigurationPropertiesReportEndpoint
2133:             1             24  org.springframework.boot.actuate.endpoint.jmx.JacksonJmxOperationResponseMapper
2134:             1             24  org.springframework.boot.actuate.endpoint.web.EndpointMediaTypes
2135:             1             24  org.springframework.boot.actuate.endpoint.web.PathMappedEndpoints
2136:             1             24  org.springframework.boot.actuate.endpoint.web.ServletEndpointRegistrar
2137:             1             24  org.springframework.boot.actuate.env.EnvironmentEndpoint
2138:             1             24  org.springframework.boot.actuate.health.Health
2139:             1             24  org.springframework.boot.actuate.health.HealthEndpoint
2140:             1             24  org.springframework.boot.actuate.health.HealthEndpointWebExtension
2141:             1             24  org.springframework.boot.actuate.health.PingHealthIndicator
2142:             1             24  org.springframework.boot.actuate.logging.LoggersEndpoint
2143:             1             24  org.springframework.boot.actuate.metrics.web.client.MetricsClientHttpRequestInterceptor$UrlTemplateThreadLocal
2144:             1             24  org.springframework.boot.actuate.metrics.web.servlet.DefaultWebMvcTagsProvider
2145:             1             24  org.springframework.boot.actuate.metrics.web.servlet.LongTaskTimingHandlerInterceptor
2146:             1             24  org.springframework.boot.actuate.metrics.web.tomcat.TomcatMetricsBinder
2147:             1             24  org.springframework.boot.actuate.web.mappings.MappingsEndpoint
2148:             1             24  org.springframework.boot.autoconfigure.AutoConfigurationImportSelector$AutoConfigurationEntry
2149:             1             24  org.springframework.boot.autoconfigure.AutoConfigurationPackages$BasePackages
2150:             1             24  org.springframework.boot.autoconfigure.condition.ConditionMessage$Style$1
2151:             1             24  org.springframework.boot.autoconfigure.condition.ConditionMessage$Style$2
2152:             1             24  org.springframework.boot.autoconfigure.condition.FilteringSpringBootCondition$ClassNameFilter$1
2153:             1             24  org.springframework.boot.autoconfigure.condition.FilteringSpringBootCondition$ClassNameFilter$2
2154:             1             24  org.springframework.boot.autoconfigure.freemarker.FreeMarkerTemplateAvailabilityProvider
2155:             1             24  org.springframework.boot.autoconfigure.groovy.template.GroovyTemplateAvailabilityProvider
2156:             1             24  org.springframework.boot.autoconfigure.http.HttpMessageConvertersAutoConfiguration$NotReactiveWebApplicationCondition
2157:             1             24  org.springframework.boot.autoconfigure.info.ProjectInfoProperties
2158:             1             24  org.springframework.boot.autoconfigure.info.ProjectInfoProperties$Build
2159:             1             24  org.springframework.boot.autoconfigure.info.ProjectInfoProperties$Git
2160:             1             24  org.springframework.boot.autoconfigure.jackson.JacksonAutoConfiguration$Jackson2ObjectMapperBuilderCustomizerConfiguration$StandardJackson2ObjectMapperBuilderCustomizer
2161:             1             24  org.springframework.boot.autoconfigure.security.DefaultWebSecurityCondition
2162:             1             24  org.springframework.boot.autoconfigure.task.TaskExecutionProperties
2163:             1             24  org.springframework.boot.autoconfigure.task.TaskExecutionProperties$Shutdown
2164:             1             24  org.springframework.boot.autoconfigure.task.TaskSchedulingProperties
2165:             1             24  org.springframework.boot.autoconfigure.task.TaskSchedulingProperties$Shutdown
2166:             1             24  org.springframework.boot.autoconfigure.template.TemplateAvailabilityProviders
2167:             1             24  org.springframework.boot.autoconfigure.web.ResourceProperties$Content
2168:             1             24  org.springframework.boot.autoconfigure.web.ResourceProperties$Fixed
2169:             1             24  org.springframework.boot.autoconfigure.web.ServerProperties$Tomcat$Resource
2170:             1             24  org.springframework.boot.autoconfigure.web.ServerProperties$Tomcat$Threads
2171:             1             24  org.springframework.boot.autoconfigure.web.ServerProperties$Undertow$Options
2172:             1             24  org.springframework.boot.autoconfigure.web.ServerProperties$Undertow$Threads
2173:             1             24  org.springframework.boot.autoconfigure.web.WebProperties
2174:             1             24  org.springframework.boot.autoconfigure.web.client.RestTemplateAutoConfiguration$NotReactiveWebApplicationCondition
2175:             1             24  org.springframework.boot.autoconfigure.web.embedded.TomcatWebServerFactoryCustomizer
2176:             1             24  org.springframework.boot.autoconfigure.web.embedded.TomcatWebServerFactoryCustomizer$$Lambda$563/0x00000008004091d8
2177:             1             24  org.springframework.boot.autoconfigure.web.servlet.ServletWebServerFactoryCustomizer
2178:             1             24  org.springframework.boot.autoconfigure.web.servlet.WebMvcProperties$Contentnegotiation
2179:             1             24  org.springframework.boot.autoconfigure.web.servlet.WebMvcProperties$Format
2180:             1             24  org.springframework.boot.autoconfigure.web.servlet.WebMvcProperties$Pathmatch
2181:             1             24  org.springframework.boot.autoconfigure.web.servlet.WebMvcProperties$Servlet
2182:             1             24  org.springframework.boot.autoconfigure.web.servlet.WebMvcProperties$View
2183:             1             24  org.springframework.boot.autoconfigure.web.servlet.error.BasicErrorController
2184:             1             24  org.springframework.boot.autoconfigure.web.servlet.error.ErrorMvcAutoConfiguration$DefaultErrorViewResolverConfiguration
2185:             1             24  org.springframework.boot.autoconfigure.web.servlet.error.ErrorMvcAutoConfiguration$ErrorPageCustomizer
2186:             1             24  org.springframework.boot.builder.ParentContextCloserApplicationListener
2187:             1             24  org.springframework.boot.cloud.CloudPlatform$1
2188:             1             24  org.springframework.boot.cloud.CloudPlatform$2
2189:             1             24  org.springframework.boot.cloud.CloudPlatform$3
2190:             1             24  org.springframework.boot.cloud.CloudPlatform$4
2191:             1             24  org.springframework.boot.cloud.CloudPlatform$5
2192:             1             24  org.springframework.boot.context.ContextIdApplicationContextInitializer$ContextId
2193:             1             24  org.springframework.boot.context.config.ConfigData$Option
2194:             1             24  org.springframework.boot.context.config.ConfigDataEnvironmentContributors$BinderOption
2195:             1             24  org.springframework.boot.context.config.ConfigDataNotFoundAction$1
2196:             1             24  org.springframework.boot.context.config.ConfigDataNotFoundAction$2
2197:             1             24  org.springframework.boot.context.config.DelegatingApplicationListener
2198:             1             24  org.springframework.boot.context.properties.ConfigurationPropertiesBindingPostProcessor
2199:             1             24  org.springframework.boot.context.properties.PropertyMapper
2200:             1             24  org.springframework.boot.context.properties.bind.BindConverter$TypeConverterConversionService
2201:             1             24  org.springframework.boot.context.properties.bind.JavaBeanBinder$Bean
2202:             1             24  org.springframework.boot.context.properties.bind.PropertySourcesPlaceholdersResolver
2203:             1             24  org.springframework.boot.context.properties.source.ConfigurationPropertySourcesPropertySource
2204:             1             24  org.springframework.boot.context.properties.source.DefaultPropertyMapper
2205:             1             24  org.springframework.boot.context.properties.source.SpringConfigurationPropertySource
2206:             1             24  org.springframework.boot.convert.CharSequenceToObjectConverter
2207:             1             24  org.springframework.boot.convert.DurationStyle$1
2208:             1             24  org.springframework.boot.convert.DurationStyle$2
2209:             1             24  org.springframework.boot.env.EnvironmentPostProcessorApplicationListener
2210:             1             24  org.springframework.boot.env.RandomValuePropertySource
2211:             1             24  org.springframework.boot.env.SystemEnvironmentPropertySourceEnvironmentPostProcessor$OriginAwareSystemEnvironmentPropertySource
2212:             1             24  org.springframework.boot.logging.AbstractLoggingSystem$LogLevels
2213:             1             24  org.springframework.boot.logging.DeferredLogs
2214:             1             24  org.springframework.boot.origin.OriginTrackedResource
2215:             1             24  org.springframework.boot.type.classreading.ConcurrentReferenceCachingMetadataReaderFactory
2216:             1             24  org.springframework.boot.web.embedded.tomcat.GracefulShutdown
2217:             1             24  org.springframework.boot.web.embedded.tomcat.TomcatServletWebServerFactory$StaticResourceConfigurer
2218:             1             24  org.springframework.boot.web.embedded.tomcat.TomcatStarter
2219:             1             24  org.springframework.boot.web.embedded.tomcat.TomcatWebServer$$Lambda$564/0x000000080040a1f0
2220:             1             24  org.springframework.boot.web.server.ErrorPage
2221:             1             24  org.springframework.boot.web.server.ErrorPageRegistrarBeanPostProcessor
2222:             1             24  org.springframework.boot.web.server.WebServerFactoryCustomizerBeanPostProcessor
2223:             1             24  org.springframework.boot.web.servlet.context.WebApplicationContextServletContextAwareProcessor
2224:             1             24  org.springframework.boot.web.servlet.context.WebServerGracefulShutdownLifecycle
2225:             1             24  org.springframework.boot.web.servlet.context.WebServerStartStopLifecycle
2226:             1             24  org.springframework.boot.web.servlet.server.DocumentRoot
2227:             1             24  org.springframework.boot.web.servlet.server.Jsp
2228:             1             24  org.springframework.cglib.core.EmitUtils$ArrayDelimiters
2229:             1             24  org.springframework.cglib.core.MethodWrapper$MethodWrapperKey$$KeyFactoryByCGLIB$$552be97a
2230:             1             24  org.springframework.cglib.core.internal.LoadingCache
2231:             1             24  org.springframework.context.annotation.ConfigurationClassEnhancer$ConditionalCallbackFilter
2232:             1             24  org.springframework.context.annotation.ContextAnnotationAutowireCandidateResolver
2233:             1             24  org.springframework.context.annotation.MBeanExportConfiguration$SpecificPlatform$1
2234:             1             24  org.springframework.context.annotation.MBeanExportConfiguration$SpecificPlatform$2
2235:             1             24  org.springframework.context.event.AbstractApplicationEventMulticaster$DefaultListenerRetriever
2236:             1             24  org.springframework.context.event.EventExpressionEvaluator
2237:             1             24  org.springframework.context.support.ApplicationContextAwareProcessor
2238:             1             24  org.springframework.context.support.PostProcessorRegistrationDelegate$BeanPostProcessorChecker
2239:             1             24  org.springframework.context.support.PropertySourcesPlaceholderConfigurer$$Lambda$427/0x00000008003b3560
2240:             1             24  org.springframework.core.OrderComparator$$Lambda$443/0x00000008003bf898
2241:             1             24  org.springframework.core.ReactiveAdapterRegistry
2242:             1             24  org.springframework.core.annotation.IntrospectionFailureLogger$1
2243:             1             24  org.springframework.core.annotation.IntrospectionFailureLogger$2
2244:             1             24  org.springframework.core.env.MapPropertySource
2245:             1             24  org.springframework.core.env.PropertySource$StubPropertySource
2246:             1             24  org.springframework.core.io.support.PathMatchingResourcePatternResolver
2247:             1             24  org.springframework.core.type.classreading.CachingMetadataReaderFactory
2248:             1             24  org.springframework.expression.spel.support.StandardTypeLocator
2249:             1             24  org.springframework.http.server.DefaultPathContainer
2250:             1             24  org.springframework.jmx.export.naming.MetadataNamingStrategy
2251:             1             24  org.springframework.jndi.JndiTemplate
2252:             1             24  org.springframework.objenesis.SpringObjenesis
2253:             1             24  org.springframework.web.accept.MappingMediaTypeFileExtensionResolver
2254:             1             24  org.springframework.web.context.support.ServletContextPropertySource
2255:             1             24  org.springframework.web.context.support.ServletContextResource
2256:             1             24  org.springframework.web.context.support.ServletContextResourcePatternResolver
2257:             1             24  org.springframework.web.context.support.ServletContextScope
2258:             1             24  org.springframework.web.method.annotation.RequestHeaderMethodArgumentResolver
2259:             1             24  org.springframework.web.method.support.CompositeUriComponentsContributor
2260:             1             24  org.springframework.web.servlet.function.support.HandlerFunctionAdapter
2261:             1             24  org.springframework.web.servlet.handler.HandlerExceptionResolverComposite
2262:             1             24  org.springframework.web.servlet.i18n.AcceptHeaderLocaleResolver
2263:             1             24  org.springframework.web.servlet.mvc.method.annotation.ResponseBodyEmitterReturnValueHandler
2264:             1             24  org.springframework.web.servlet.support.SessionFlashMapManager
2265:             1             24  org.springframework.web.servlet.view.ViewResolverComposite
2266:             1             24  org.springframework.web.util.UrlPathHelper$1
2267:             1             24  org.springframework.web.util.pattern.PathPatternParser
2268:             1             24  org.springframework.web.util.pattern.PathPatternParser$1
2269:             1             24  sun.instrument.TransformerManager (java.instrument@15.0.1)
2270:             1             24  sun.instrument.TransformerManager$TransformerInfo (java.instrument@15.0.1)
2271:             1             24  sun.management.CompilationImpl (java.management@15.0.1)
2272:             1             24  sun.management.ManagementFactoryHelper$LoggingMXBeanAccess (java.management@15.0.1)
2273:             1             24  sun.management.ManagementFactoryHelper$PlatformLoggingImpl (java.management@15.0.1)
2274:             1             24  sun.management.MemoryImpl (java.management@15.0.1)
2275:             1             24  sun.management.RuntimeImpl (java.management@15.0.1)
2276:             1             24  sun.management.VMManagementImpl (java.management@15.0.1)
2277:             1             24  sun.net.ProgressMonitor (java.base@15.0.1)
2278:             1             24  sun.nio.cs.ISO_8859_1 (java.base@15.0.1)
2279:             1             24  sun.nio.cs.MS932 (java.base@15.0.1)
2280:             1             24  sun.nio.cs.StandardCharsets (java.base@15.0.1)
2281:             1             24  sun.nio.cs.US_ASCII (java.base@15.0.1)
2282:             1             24  sun.nio.cs.UTF_16 (java.base@15.0.1)
2283:             1             24  sun.nio.cs.UTF_16BE (java.base@15.0.1)
2284:             1             24  sun.nio.cs.UTF_16LE (java.base@15.0.1)
2285:             1             24  sun.nio.cs.UTF_8 (java.base@15.0.1)
2286:             1             24  sun.nio.fs.WindowsFileSystem (java.base@15.0.1)
2287:             1             24  sun.nio.fs.WindowsSecurityDescriptor (java.base@15.0.1)
2288:             1             24  sun.rmi.runtime.RuntimeUtil$1 (java.rmi@15.0.1)
2289:             1             24  sun.rmi.transport.DGCImpl (java.rmi@15.0.1)
2290:             1             24  sun.util.cldr.CLDRCalendarDataProviderImpl (java.base@15.0.1)
2291:             1             24  sun.util.cldr.CLDRTimeZoneNameProviderImpl (java.base@15.0.1)
2292:             1             24  sun.util.locale.BaseLocale$Cache (java.base@15.0.1)
2293:             1             24  sun.util.locale.provider.CalendarProviderImpl (java.base@15.0.1)
2294:             1             24  sun.util.locale.provider.DateFormatSymbolsProviderImpl (java.base@15.0.1)
2295:             1             24  sun.util.locale.provider.DecimalFormatSymbolsProviderImpl (java.base@15.0.1)
2296:             1             24  sun.util.locale.provider.NumberFormatProviderImpl (java.base@15.0.1)
2297:             1             24  sun.util.locale.provider.TimeZoneNameProviderImpl (java.base@15.0.1)
2298:             1             16  [Lch.qos.logback.core.filter.Filter;
2299:             1             16  [Lcom.fasterxml.jackson.databind.AbstractTypeResolver;
2300:             1             16  [Lcom.fasterxml.jackson.databind.deser.BeanDeserializerModifier;
2301:             1             16  [Lcom.fasterxml.jackson.databind.ser.BeanSerializerModifier;
2302:             1             16  [Lcom.fasterxml.jackson.databind.util.ClassUtil$Ctor;
2303:             1             16  [Lio.micrometer.core.instrument.distribution.CountAtBucket;
2304:             1             16  [Lio.micrometer.core.instrument.distribution.ValueAtPercentile;
2305:             1             16  [Ljava.beans.EventSetDescriptor; (java.desktop@15.0.1)
2306:             1             16  [Ljava.beans.PropertyDescriptor; (java.desktop@15.0.1)
2307:             1             16  [Ljava.lang.Throwable; (java.base@15.0.1)
2308:             1             16  [Ljava.lang.constant.ClassDesc; (java.base@15.0.1)
2309:             1             16  [Ljava.net.URL; (java.base@15.0.1)
2310:             1             16  [Ljava.nio.file.attribute.FileAttribute; (java.base@15.0.1)
2311:             1             16  [Ljava.security.Provider; (java.base@15.0.1)
2312:             1             16  [Ljava.text.FieldPosition; (java.base@15.0.1)
2313:             1             16  [Ljava.util.logging.Handler; (java.logging@15.0.1)
2314:             1             16  [Lorg.apache.catalina.core.DefaultInstanceManager$AnnotationCacheEntry;
2315:             1             16  [Lorg.apache.tomcat.util.descriptor.web.ApplicationParameter;
2316:             1             16  [Lorg.apache.tomcat.util.descriptor.web.SecurityConstraint;
2317:             1             16  [Lorg.apache.tomcat.util.modeler.NotificationInfo;
2318:             1             16  [Lorg.springframework.web.context.request.async.CallableProcessingInterceptor;
2319:             1             16  [Lorg.springframework.web.context.request.async.DeferredResultProcessingInterceptor;
2320:             1             16  ch.qos.logback.classic.pattern.EnsureExceptionHandling
2321:             1             16  ch.qos.logback.classic.pattern.TargetLengthBasedClassNameAbbreviator
2322:             1             16  ch.qos.logback.classic.selector.DefaultContextSelector
2323:             1             16  ch.qos.logback.core.LifeCycleManager
2324:             1             16  ch.qos.logback.core.joran.spi.ConsoleTarget$1
2325:             1             16  ch.qos.logback.core.joran.spi.ConsoleTarget$2
2326:             1             16  ch.qos.logback.core.spi.AppenderAttachableImpl
2327:             1             16  ch.qos.logback.core.spi.FilterAttachableImpl
2328:             1             16  com.fasterxml.jackson.core.io.JsonStringEncoder
2329:             1             16  com.fasterxml.jackson.core.util.DefaultPrettyPrinter$FixedSpaceIndenter
2330:             1             16  com.fasterxml.jackson.core.util.DefaultPrettyPrinter$NopIndenter
2331:             1             16  com.fasterxml.jackson.databind.deser.impl.JDKValueInstantiators$ArrayListInstantiator
2332:             1             16  com.fasterxml.jackson.databind.deser.impl.JDKValueInstantiators$LinkedHashMapInstantiator
2333:             1             16  com.fasterxml.jackson.databind.deser.std.StdKeyDeserializers
2334:             1             16  com.fasterxml.jackson.databind.ext.Java7HandlersImpl
2335:             1             16  com.fasterxml.jackson.databind.ext.Java7SupportImpl
2336:             1             16  com.fasterxml.jackson.databind.ext.OptionalHandlerFactory
2337:             1             16  com.fasterxml.jackson.databind.introspect.AnnotationCollector$EmptyCollector
2338:             1             16  com.fasterxml.jackson.databind.introspect.AnnotationCollector$NoAnnotations
2339:             1             16  com.fasterxml.jackson.databind.introspect.NopAnnotationIntrospector$1
2340:             1             16  com.fasterxml.jackson.databind.jsontype.impl.LaissezFaireSubTypeValidator
2341:             1             16  com.fasterxml.jackson.databind.ser.impl.UnknownSerializer
2342:             1             16  com.fasterxml.jackson.databind.ser.std.ClassSerializer
2343:             1             16  com.fasterxml.jackson.databind.ser.std.NullSerializer
2344:             1             16  com.fasterxml.jackson.databind.ser.std.StdKeySerializer
2345:             1             16  com.fasterxml.jackson.databind.ser.std.StdKeySerializers$StringKeySerializer
2346:             1             16  com.fasterxml.jackson.databind.ser.std.StringSerializer
2347:             1             16  com.fasterxml.jackson.datatype.jsr310.deser.InstantDeserializer$$Lambda$333/0x00000008003115a0
2348:             1             16  com.fasterxml.jackson.datatype.jsr310.deser.InstantDeserializer$$Lambda$334/0x00000008003119e0
2349:             1             16  com.fasterxml.jackson.datatype.jsr310.deser.InstantDeserializer$$Lambda$335/0x0000000800311e20
2350:             1             16  com.fasterxml.jackson.datatype.jsr310.deser.InstantDeserializer$$Lambda$336/0x0000000800312748
2351:             1             16  com.fasterxml.jackson.datatype.jsr310.deser.InstantDeserializer$$Lambda$337/0x0000000800312970
2352:             1             16  com.fasterxml.jackson.datatype.jsr310.deser.InstantDeserializer$$Lambda$338/0x0000000800312ba8
2353:             1             16  com.fasterxml.jackson.datatype.jsr310.deser.InstantDeserializer$$Lambda$339/0x0000000800313098
2354:             1             16  com.fasterxml.jackson.datatype.jsr310.deser.InstantDeserializer$$Lambda$340/0x00000008003132d0
2355:             1             16  com.fasterxml.jackson.datatype.jsr310.deser.InstantDeserializer$$Lambda$341/0x00000008003138b0
2356:             1             16  com.fasterxml.jackson.datatype.jsr310.deser.InstantDeserializer$$Lambda$342/0x0000000800313ae8
2357:             1             16  com.fasterxml.jackson.datatype.jsr310.deser.InstantDeserializer$$Lambda$343/0x0000000800313d20
2358:             1             16  com.fasterxml.jackson.datatype.jsr310.deser.InstantDeserializer$$Lambda$345/0x00000008003141a0
2359:             1             16  com.fasterxml.jackson.datatype.jsr310.deser.key.DurationKeyDeserializer
2360:             1             16  com.fasterxml.jackson.datatype.jsr310.deser.key.InstantKeyDeserializer
2361:             1             16  com.fasterxml.jackson.datatype.jsr310.deser.key.LocalDateKeyDeserializer
2362:             1             16  com.fasterxml.jackson.datatype.jsr310.deser.key.LocalDateTimeKeyDeserializer
2363:             1             16  com.fasterxml.jackson.datatype.jsr310.deser.key.LocalTimeKeyDeserializer
2364:             1             16  com.fasterxml.jackson.datatype.jsr310.deser.key.MonthDayKeyDeserializer
2365:             1             16  com.fasterxml.jackson.datatype.jsr310.deser.key.OffsetDateTimeKeyDeserializer
2366:             1             16  com.fasterxml.jackson.datatype.jsr310.deser.key.OffsetTimeKeyDeserializer
2367:             1             16  com.fasterxml.jackson.datatype.jsr310.deser.key.PeriodKeyDeserializer
2368:             1             16  com.fasterxml.jackson.datatype.jsr310.deser.key.YearKeyDeserializer
2369:             1             16  com.fasterxml.jackson.datatype.jsr310.deser.key.YearMonthKeyDeserializer
2370:             1             16  com.fasterxml.jackson.datatype.jsr310.deser.key.ZoneIdKeyDeserializer
2371:             1             16  com.fasterxml.jackson.datatype.jsr310.deser.key.ZoneOffsetKeyDeserializer
2372:             1             16  com.fasterxml.jackson.datatype.jsr310.deser.key.ZonedDateTimeKeyDeserializer
2373:             1             16  com.fasterxml.jackson.datatype.jsr310.ser.InstantSerializer$$Lambda$348/0x00000008003168d0
2374:             1             16  com.fasterxml.jackson.datatype.jsr310.ser.InstantSerializer$$Lambda$349/0x0000000800316ae8
2375:             1             16  com.fasterxml.jackson.datatype.jsr310.ser.InstantSerializer$$Lambda$350/0x0000000800316d00
2376:             1             16  com.fasterxml.jackson.datatype.jsr310.ser.OffsetDateTimeSerializer$$Lambda$351/0x0000000800316f18
2377:             1             16  com.fasterxml.jackson.datatype.jsr310.ser.OffsetDateTimeSerializer$$Lambda$352/0x0000000800317130
2378:             1             16  com.fasterxml.jackson.datatype.jsr310.ser.OffsetDateTimeSerializer$$Lambda$353/0x0000000800317540
2379:             1             16  com.fasterxml.jackson.datatype.jsr310.ser.ZonedDateTimeSerializer$$Lambda$354/0x0000000800317758
2380:             1             16  com.fasterxml.jackson.datatype.jsr310.ser.ZonedDateTimeSerializer$$Lambda$355/0x0000000800317970
2381:             1             16  com.fasterxml.jackson.datatype.jsr310.ser.ZonedDateTimeSerializer$$Lambda$356/0x0000000800317b88
2382:             1             16  com.fasterxml.jackson.datatype.jsr310.ser.key.ZonedDateTimeKeySerializer
2383:             1             16  com.fasterxml.jackson.module.paramnames.ParameterExtractor
2384:             1             16  com.sample.spring.lifecycle.ContextStopEventHandler
2385:             1             16  com.sample.spring.lifecycle.LifecycleTestService
2386:             1             16  com.sample.spring.lifecycle.LifecycleTestServiceHavingSensitiveOrder
2387:             1             16  com.sample.spring.lifecycle.TestController
2388:             1             16  com.sun.beans.WeakCache (java.desktop@15.0.1)
2389:             1             16  com.sun.beans.introspect.MethodInfo$MethodOrder (java.desktop@15.0.1)
2390:             1             16  com.sun.jmx.interceptor.DefaultMBeanServerInterceptor$ResourceContext$1 (java.management@15.0.1)
2391:             1             16  com.sun.jmx.mbeanserver.DefaultMXBeanMappingFactory (java.management@15.0.1)
2392:             1             16  com.sun.jmx.mbeanserver.DescriptorCache (java.management@15.0.1)
2393:             1             16  com.sun.jmx.mbeanserver.MBeanAnalyzer$MethodOrder (java.management@15.0.1)
2394:             1             16  com.sun.jmx.mbeanserver.MBeanInstantiator (java.management@15.0.1)
2395:             1             16  com.sun.jmx.mbeanserver.MXBeanIntrospector (java.management@15.0.1)
2396:             1             16  com.sun.jmx.mbeanserver.SecureClassLoaderRepository (java.management@15.0.1)
2397:             1             16  com.sun.management.internal.HotSpotDiagnostic (jdk.management@15.0.1)
2398:             1             16  com.sun.management.internal.PlatformMBeanProviderImpl (jdk.management@15.0.1)
2399:             1             16  com.sun.management.internal.PlatformMBeanProviderImpl$$Lambda$23/0x00000008000d96f0 (jdk.management@15.0.1)
2400:             1             16  com.sun.naming.internal.VersionHelper (java.naming@15.0.1)
2401:             1             16  com.sun.naming.internal.VersionHelper$$Lambda$151/0x00000008001ca558 (java.naming@15.0.1)
2402:             1             16  com.sun.naming.internal.VersionHelper$$Lambda$152/0x00000008001ca770 (java.naming@15.0.1)
2403:             1             16  com.sun.naming.internal.VersionHelper$$Lambda$153/0x00000008001ca988 (java.naming@15.0.1)
2404:             1             16  com.sun.proxy.$Proxy10
2405:             1             16  com.sun.proxy.$Proxy12
2406:             1             16  com.sun.proxy.$Proxy13
2407:             1             16  com.sun.proxy.$Proxy15
2408:             1             16  com.sun.proxy.$Proxy17
2409:             1             16  com.sun.proxy.$Proxy19
2410:             1             16  com.sun.proxy.$Proxy22
2411:             1             16  com.sun.proxy.$Proxy27
2412:             1             16  com.sun.proxy.$Proxy40
2413:             1             16  com.sun.proxy.$Proxy51
2414:             1             16  com.sun.proxy.$Proxy61
2415:             1             16  com.sun.proxy.$Proxy63
2416:             1             16  com.sun.proxy.$Proxy65
2417:             1             16  com.sun.proxy.$Proxy70
2418:             1             16  com.sun.proxy.$Proxy71
2419:             1             16  com.sun.proxy.$Proxy73
2420:             1             16  com.sun.proxy.$Proxy77
2421:             1             16  com.sun.proxy.$Proxy8
2422:             1             16  com.sun.proxy.$Proxy80
2423:             1             16  com.sun.proxy.$Proxy81
2424:             1             16  com.sun.proxy.jdk.proxy1.$Proxy88 (jdk.proxy1)
2425:             1             16  io.micrometer.core.instrument.AbstractTimer$$Lambda$744/0x00000008004b1830
2426:             1             16  io.micrometer.core.instrument.Clock$1
2427:             1             16  io.micrometer.core.instrument.MeterRegistry$$Lambda$605/0x000000080043a740
2428:             1             16  io.micrometer.core.instrument.MeterRegistry$$Lambda$609/0x000000080043bb98
2429:             1             16  io.micrometer.core.instrument.MeterRegistry$$Lambda$743/0x00000008004a6e28
2430:             1             16  io.micrometer.core.instrument.MeterRegistry$More$$Lambda$626/0x000000080043edf0
2431:             1             16  io.micrometer.core.instrument.MeterRegistry$More$$Lambda$629/0x000000080043fc30
2432:             1             16  io.micrometer.core.instrument.Metrics$More
2433:             1             16  io.micrometer.core.instrument.binder.jvm.ClassLoaderMetrics
2434:             1             16  io.micrometer.core.instrument.binder.jvm.ClassLoaderMetrics$$Lambda$623/0x000000080043e2a8
2435:             1             16  io.micrometer.core.instrument.binder.jvm.ClassLoaderMetrics$$Lambda$624/0x000000080043e4c0
2436:             1             16  io.micrometer.core.instrument.binder.jvm.JvmGcMetrics$$Lambda$601/0x0000000800438eb8
2437:             1             16  io.micrometer.core.instrument.binder.jvm.JvmGcMetrics$$Lambda$602/0x00000008004390f0
2438:             1             16  io.micrometer.core.instrument.binder.jvm.JvmGcMetrics$$Lambda$603/0x0000000800439308
2439:             1             16  io.micrometer.core.instrument.binder.jvm.JvmGcMetrics$$Lambda$607/0x000000080043b248
2440:             1             16  io.micrometer.core.instrument.binder.jvm.JvmGcMetrics$$Lambda$611/0x000000080043c4a8
2441:             1             16  io.micrometer.core.instrument.binder.jvm.JvmMemory$$Lambda$599/0x0000000800438a28
2442:             1             16  io.micrometer.core.instrument.binder.jvm.JvmMemory$$Lambda$600/0x0000000800438c70
2443:             1             16  io.micrometer.core.instrument.binder.jvm.JvmMemoryMetrics
2444:             1             16  io.micrometer.core.instrument.binder.jvm.JvmMemoryMetrics$$Lambda$613/0x000000080043cdb0
2445:             1             16  io.micrometer.core.instrument.binder.jvm.JvmMemoryMetrics$$Lambda$614/0x000000080043cfc8
2446:             1             16  io.micrometer.core.instrument.binder.jvm.JvmMemoryMetrics$$Lambda$615/0x000000080043d1e0
2447:             1             16  io.micrometer.core.instrument.binder.jvm.JvmMemoryMetrics$$Lambda$616/0x000000080043d3f8
2448:             1             16  io.micrometer.core.instrument.binder.jvm.JvmMemoryMetrics$$Lambda$617/0x000000080043d610
2449:             1             16  io.micrometer.core.instrument.binder.jvm.JvmMemoryMetrics$$Lambda$618/0x000000080043d828
2450:             1             16  io.micrometer.core.instrument.binder.jvm.JvmThreadMetrics
2451:             1             16  io.micrometer.core.instrument.binder.jvm.JvmThreadMetrics$$Lambda$619/0x000000080043da40
2452:             1             16  io.micrometer.core.instrument.binder.jvm.JvmThreadMetrics$$Lambda$620/0x000000080043dc58
2453:             1             16  io.micrometer.core.instrument.binder.jvm.JvmThreadMetrics$$Lambda$621/0x000000080043de70
2454:             1             16  io.micrometer.core.instrument.binder.logging.LogbackMetrics$1
2455:             1             16  io.micrometer.core.instrument.binder.system.ProcessorMetrics$$Lambda$632/0x0000000800448750
2456:             1             16  io.micrometer.core.instrument.binder.system.ProcessorMetrics$$Lambda$633/0x0000000800448968
2457:             1             16  io.micrometer.core.instrument.binder.system.ProcessorMetrics$$Lambda$634/0x0000000800448b88
2458:             1             16  io.micrometer.core.instrument.binder.system.UptimeMetrics$$Lambda$627/0x000000080043f2c8
2459:             1             16  io.micrometer.core.instrument.binder.system.UptimeMetrics$$Lambda$631/0x0000000800448538
2460:             1             16  io.micrometer.core.instrument.binder.tomcat.TomcatMetrics$$Lambda$826/0x00000008004de958
2461:             1             16  io.micrometer.core.instrument.binder.tomcat.TomcatMetrics$$Lambda$827/0x00000008004deb70
2462:             1             16  io.micrometer.core.instrument.binder.tomcat.TomcatMetrics$$Lambda$828/0x00000008004ded88
2463:             1             16  io.micrometer.core.instrument.binder.tomcat.TomcatMetrics$$Lambda$829/0x00000008004defa0
2464:             1             16  io.micrometer.core.instrument.binder.tomcat.TomcatMetrics$$Lambda$830/0x00000008004df1b8
2465:             1             16  io.micrometer.core.instrument.binder.tomcat.TomcatMetrics$$Lambda$831/0x00000008004df3d0
2466:             1             16  io.micrometer.core.instrument.composite.CompositeMeterRegistry$$Lambda$635/0x0000000800448fa8
2467:             1             16  io.micrometer.core.instrument.composite.CompositeMeterRegistry$$Lambda$636/0x00000008004491d8
2468:             1             16  io.micrometer.core.instrument.composite.CompositeMeterRegistry$$Lambda$640/0x0000000800449ca8
2469:             1             16  io.micrometer.core.instrument.config.MeterRegistryConfigValidator$$Lambda$579/0x0000000800429220
2470:             1             16  io.micrometer.core.instrument.config.MeterRegistryConfigValidator$$Lambda$580/0x0000000800429790
2471:             1             16  io.micrometer.core.instrument.config.NamingConvention$$Lambda$574/0x0000000800427928
2472:             1             16  io.micrometer.core.instrument.config.NamingConvention$1
2473:             1             16  io.micrometer.core.instrument.config.NamingConvention$2
2474:             1             16  io.micrometer.core.instrument.config.NamingConvention$3
2475:             1             16  io.micrometer.core.instrument.config.NamingConvention$4
2476:             1             16  io.micrometer.core.instrument.config.validate.Validated$$Lambda$587/0x000000080042ad78
2477:             1             16  io.micrometer.core.instrument.config.validate.Validated$$Lambda$588/0x000000080042b328
2478:             1             16  io.micrometer.core.instrument.config.validate.Validated$Either$$Lambda$585/0x000000080042a908
2479:             1             16  io.micrometer.core.instrument.config.validate.Validated$Either$$Lambda$586/0x000000080042ab40
2480:             1             16  io.micrometer.core.instrument.config.validate.Validated$Either$$Lambda$589/0x000000080042b560
2481:             1             16  io.micrometer.core.instrument.config.validate.Validated$Either$$Lambda$590/0x000000080042b798
2482:             1             16  io.micrometer.core.instrument.distribution.NoopHistogram
2483:             1             16  io.micrometer.core.instrument.simple.SimpleConfig$$Lambda$573/0x0000000800424f80
2484:             1             16  io.micrometer.core.instrument.simple.SimpleConfig$$Lambda$575/0x0000000800428730
2485:             1             16  io.micrometer.core.instrument.simple.SimpleConfig$$Lambda$577/0x0000000800428da8
2486:             1             16  io.micrometer.core.util.internal.logging.Slf4JLoggerFactory
2487:             1             16  java.beans.Introspector$1 (java.desktop@15.0.1)
2488:             1             16  java.io.DeleteOnExitHook$1 (java.base@15.0.1)
2489:             1             16  java.io.FileDescriptor$1 (java.base@15.0.1)
2490:             1             16  java.io.FilePermission$1 (java.base@15.0.1)
2491:             1             16  java.io.ObjectInputFilter$Config$$Lambda$64/0x00000008001260e8 (java.base@15.0.1)
2492:             1             16  java.io.ObjectInputFilter$Config$$Lambda$65/0x00000008001264f8 (java.base@15.0.1)
2493:             1             16  java.io.ObjectInputStream$$Lambda$115/0x000000080017df58 (java.base@15.0.1)
2494:             1             16  java.io.ObjectInputStream$$Lambda$116/0x000000080017e5c8 (java.base@15.0.1)
2495:             1             16  java.io.RandomAccessFile$2 (java.base@15.0.1)
2496:             1             16  java.lang.ApplicationShutdownHooks$1 (java.base@15.0.1)
2497:             1             16  java.lang.CharacterData00 (java.base@15.0.1)
2498:             1             16  java.lang.CharacterDataLatin1 (java.base@15.0.1)
2499:             1             16  java.lang.Class$$Lambda$56/0x000000080011ad88 (java.base@15.0.1)
2500:             1             16  java.lang.Float (java.base@15.0.1)
2501:             1             16  java.lang.Module$$Lambda$321/0x00000008002f0890 (java.base@15.0.1)
2502:             1             16  java.lang.ProcessEnvironment$CheckedKeySet (java.base@15.0.1)
2503:             1             16  java.lang.ProcessEnvironment$EntryComparator (java.base@15.0.1)
2504:             1             16  java.lang.ProcessEnvironment$NameComparator (java.base@15.0.1)
2505:             1             16  java.lang.Runtime (java.base@15.0.1)
2506:             1             16  java.lang.String$CaseInsensitiveComparator (java.base@15.0.1)
2507:             1             16  java.lang.StringCoding$1 (java.base@15.0.1)
2508:             1             16  java.lang.System$2 (java.base@15.0.1)
2509:             1             16  java.lang.System$LoggerFinder$$Lambda$50/0x000000080010e5c0 (java.base@15.0.1)
2510:             1             16  java.lang.Terminator$1 (java.base@15.0.1)
2511:             1             16  java.lang.invoke.ClassSpecializer$1 (java.base@15.0.1)
2512:             1             16  java.lang.invoke.MemberName$Factory (java.base@15.0.1)
2513:             1             16  java.lang.invoke.MethodHandleImpl$1 (java.base@15.0.1)
2514:             1             16  java.lang.invoke.StringConcatFactory$1 (java.base@15.0.1)
2515:             1             16  java.lang.invoke.StringConcatFactory$2 (java.base@15.0.1)
2516:             1             16  java.lang.invoke.StringConcatFactory$3 (java.base@15.0.1)
2517:             1             16  java.lang.invoke.VarHandle$1 (java.base@15.0.1)
2518:             1             16  java.lang.management.DefaultPlatformMBeanProvider (java.management@15.0.1)
2519:             1             16  java.lang.management.DefaultPlatformMBeanProvider$5$$Lambda$42/0x0000000800104600 (java.management@15.0.1)
2520:             1             16  java.lang.management.ManagementFactory$$Lambda$20/0x00000008000ccc08 (java.management@15.0.1)
2521:             1             16  java.lang.management.ManagementFactory$$Lambda$33/0x00000008000e16f0 (java.management@15.0.1)
2522:             1             16  java.lang.management.ManagementFactory$$Lambda$34/0x00000008000e1938 (java.management@15.0.1)
2523:             1             16  java.lang.management.ManagementFactory$$Lambda$35/0x00000008000e1b70 (java.management@15.0.1)
2524:             1             16  java.lang.management.ManagementFactory$PlatformMBeanFinder$$Lambda$21/0x00000008000d8040 (java.management@15.0.1)
2525:             1             16  java.lang.management.ManagementFactory$PlatformMBeanFinder$$Lambda$24/0x00000008000de7f8 (java.management@15.0.1)
2526:             1             16  java.lang.management.ManagementFactory$PlatformMBeanFinder$$Lambda$25/0x00000008000deee8 (java.management@15.0.1)
2527:             1             16  java.lang.management.ManagementFactory$PlatformMBeanFinder$$Lambda$27/0x00000008000df358 (java.management@15.0.1)
2528:             1             16  java.lang.management.ManagementFactory$PlatformMBeanFinder$$Lambda$31/0x00000008000e0040 (java.management@15.0.1)
2529:             1             16  java.lang.management.ManagementFactory$PlatformMBeanFinder$$Lambda$32/0x00000008000e0278 (java.management@15.0.1)
2530:             1             16  java.lang.module.ModuleDescriptor$1 (java.base@15.0.1)
2531:             1             16  java.lang.module.ModuleDescriptor$Builder$$Lambda$320/0x00000008002f0668 (java.base@15.0.1)
2532:             1             16  java.lang.ref.Cleaner (java.base@15.0.1)
2533:             1             16  java.lang.ref.Cleaner$1 (java.base@15.0.1)
2534:             1             16  java.lang.ref.Reference$1 (java.base@15.0.1)
2535:             1             16  java.lang.reflect.Executable$$Lambda$318/0x00000008002a70f8 (java.base@15.0.1)
2536:             1             16  java.lang.reflect.Proxy$$Lambda$224/0x0000000800222bb8 (java.base@15.0.1)
2537:             1             16  java.lang.reflect.Proxy$$Lambda$37/0x0000000800100cf8 (java.base@15.0.1)
2538:             1             16  java.lang.reflect.Proxy$ProxyBuilder$$Lambda$319/0x00000008002f0238 (java.base@15.0.1)
2539:             1             16  java.lang.reflect.ProxyGenerator$$Lambda$39/0x0000000800101860 (java.base@15.0.1)
2540:             1             16  java.lang.reflect.ProxyGenerator$$Lambda$40/0x0000000800101a98 (java.base@15.0.1)
2541:             1             16  java.lang.reflect.ReflectAccess (java.base@15.0.1)
2542:             1             16  java.math.BigDecimal$1 (java.base@15.0.1)
2543:             1             16  java.net.InetAddress$1 (java.base@15.0.1)
2544:             1             16  java.net.InetAddress$PlatformNameService (java.base@15.0.1)
2545:             1             16  java.net.SocketImpl$$Lambda$93/0x000000080013da10 (java.base@15.0.1)
2546:             1             16  java.net.URI$1 (java.base@15.0.1)
2547:             1             16  java.net.URL$3 (java.base@15.0.1)
2548:             1             16  java.net.URL$DefaultFactory (java.base@15.0.1)
2549:             1             16  java.nio.Bits$1 (java.base@15.0.1)
2550:             1             16  java.nio.Buffer$1 (java.base@15.0.1)
2551:             1             16  java.nio.channels.spi.SelectorProvider$Holder$$Lambda$805/0x00000008004afad8 (java.base@15.0.1)
2552:             1             16  java.nio.file.Files$AcceptAllFilter (java.base@15.0.1)
2553:             1             16  java.rmi.server.ObjID$$Lambda$79/0x0000000800131690 (java.rmi@15.0.1)
2554:             1             16  java.rmi.server.RMIClassLoader$2 (java.rmi@15.0.1)
2555:             1             16  java.security.AllPermission (java.base@15.0.1)
2556:             1             16  java.security.AllPermissionCollection (java.base@15.0.1)
2557:             1             16  java.security.ProtectionDomain$JavaSecurityAccessImpl (java.base@15.0.1)
2558:             1             16  java.security.Signature$1 (java.base@15.0.1)
2559:             1             16  java.text.DecimalFormatSymbols$$Lambda$103/0x000000080015e770 (java.base@15.0.1)
2560:             1             16  java.text.DontCareFieldPosition$1 (java.base@15.0.1)
2561:             1             16  java.text.MessageFormat$Field (java.base@15.0.1)
2562:             1             16  java.time.chrono.IsoChronology (java.base@15.0.1)
2563:             1             16  java.time.format.DateTimeFormatter$$Lambda$160/0x00000008001f9ac0 (java.base@15.0.1)
2564:             1             16  java.time.format.DateTimeFormatter$$Lambda$161/0x00000008001f9cd8 (java.base@15.0.1)
2565:             1             16  java.time.format.DateTimeFormatterBuilder$$Lambda$159/0x00000008001f2758 (java.base@15.0.1)
2566:             1             16  java.time.format.DateTimeFormatterBuilder$2 (java.base@15.0.1)
2567:             1             16  java.time.format.DateTimeFormatterBuilder$InstantPrinterParser (java.base@15.0.1)
2568:             1             16  java.time.format.DateTimeTextProvider (java.base@15.0.1)
2569:             1             16  java.time.format.DateTimeTextProvider$1 (java.base@15.0.1)
2570:             1             16  java.util.Collections$EmptyEnumeration (java.base@15.0.1)
2571:             1             16  java.util.Collections$EmptyIterator (java.base@15.0.1)
2572:             1             16  java.util.Collections$EmptyList (java.base@15.0.1)
2573:             1             16  java.util.Collections$EmptySet (java.base@15.0.1)
2574:             1             16  java.util.Collections$ReverseComparator (java.base@15.0.1)
2575:             1             16  java.util.Collections$ReverseComparator2 (java.base@15.0.1)
2576:             1             16  java.util.EnumMap$1 (java.base@15.0.1)
2577:             1             16  java.util.Hashtable$KeySet (java.base@15.0.1)
2578:             1             16  java.util.IdentityHashMap$EntrySet (java.base@15.0.1)
2579:             1             16  java.util.Locale$Builder (java.base@15.0.1)
2580:             1             16  java.util.ResourceBundle$1 (java.base@15.0.1)
2581:             1             16  java.util.ResourceBundle$Control (java.base@15.0.1)
2582:             1             16  java.util.ResourceBundle$ResourceBundleControlProviderHolder$$Lambda$438/0x00000008002f7248 (java.base@15.0.1)
2583:             1             16  java.util.ResourceBundle$ResourceBundleControlProviderHolder$$Lambda$439/0x00000008002f7658 (java.base@15.0.1)
2584:             1             16  java.util.Spliterators$EmptySpliterator$OfDouble (java.base@15.0.1)
2585:             1             16  java.util.Spliterators$EmptySpliterator$OfInt (java.base@15.0.1)
2586:             1             16  java.util.Spliterators$EmptySpliterator$OfLong (java.base@15.0.1)
2587:             1             16  java.util.Spliterators$EmptySpliterator$OfRef (java.base@15.0.1)
2588:             1             16  java.util.concurrent.ConcurrentSkipListMap$KeySet (java.base@15.0.1)
2589:             1             16  java.util.concurrent.ForkJoinPool$DefaultForkJoinWorkerThreadFactory (java.base@15.0.1)
2590:             1             16  java.util.concurrent.SynchronousQueue$TransferStack (java.base@15.0.1)
2591:             1             16  java.util.function.Function$$Lambda$26/0x00000008000df120 (java.base@15.0.1)
2592:             1             16  java.util.jar.JavaUtilJarAccessImpl (java.base@15.0.1)
2593:             1             16  java.util.logging.Level$$Lambda$48/0x000000080010d468 (java.logging@15.0.1)
2594:             1             16  java.util.logging.Level$KnownLevel$$Lambda$46/0x0000000800108f10 (java.logging@15.0.1)
2595:             1             16  java.util.logging.Level$KnownLevel$$Lambda$47/0x0000000800109148 (java.logging@15.0.1)
2596:             1             16  java.util.logging.Level$KnownLevel$$Lambda$49/0x000000080010d6a0 (java.logging@15.0.1)
2597:             1             16  java.util.logging.LogManager$CloseOnReset (java.logging@15.0.1)
2598:             1             16  java.util.logging.LogManager$LoggingProviderAccess (java.logging@15.0.1)
2599:             1             16  java.util.logging.LogManager$VisitedLoggers (java.logging@15.0.1)
2600:             1             16  java.util.logging.Logging (java.logging@15.0.1)
2601:             1             16  java.util.logging.SimpleFormatter (java.logging@15.0.1)
2602:             1             16  java.util.logging.SimpleFormatter$$Lambda$70/0x000000080012a698 (java.logging@15.0.1)
2603:             1             16  java.util.regex.CharPredicates$$Lambda$194/0x0000000800220258 (java.base@15.0.1)
2604:             1             16  java.util.regex.CharPredicates$$Lambda$565/0x0000000800410230 (java.base@15.0.1)
2605:             1             16  java.util.regex.CharPredicates$$Lambda$98/0x000000080014a318 (java.base@15.0.1)
2606:             1             16  java.util.regex.Pattern$$Lambda$193/0x00000008001ffc90 (java.base@15.0.1)
2607:             1             16  java.util.regex.Pattern$LastNode (java.base@15.0.1)
2608:             1             16  java.util.regex.Pattern$LookBehindEndNode (java.base@15.0.1)
2609:             1             16  java.util.regex.Pattern$Node (java.base@15.0.1)
2610:             1             16  java.util.stream.Collectors$$Lambda$28/0x00000008000df598 (java.base@15.0.1)
2611:             1             16  java.util.stream.Collectors$$Lambda$299/0x00000008002a1868 (java.base@15.0.1)
2612:             1             16  java.util.stream.Collectors$$Lambda$300/0x00000008002a1a90 (java.base@15.0.1)
2613:             1             16  java.util.stream.Collectors$$Lambda$43/0x0000000800104838 (java.base@15.0.1)
2614:             1             16  java.util.stream.Collectors$$Lambda$45/0x0000000800104c80 (java.base@15.0.1)
2615:             1             16  java.util.stream.Collectors$$Lambda$5/0x000000080005bed0 (java.base@15.0.1)
2616:             1             16  java.util.stream.Collectors$$Lambda$52/0x0000000800116278 (java.base@15.0.1)
2617:             1             16  java.util.stream.Collectors$$Lambda$53/0x0000000800116490 (java.base@15.0.1)
2618:             1             16  java.util.stream.Collectors$$Lambda$54/0x00000008001166b8 (java.base@15.0.1)
2619:             1             16  java.util.stream.Collectors$$Lambda$544/0x00000008003c1d18 (java.base@15.0.1)
2620:             1             16  java.util.stream.Collectors$$Lambda$545/0x00000008003c1f30 (java.base@15.0.1)
2621:             1             16  java.util.stream.Collectors$$Lambda$546/0x00000008003c2158 (java.base@15.0.1)
2622:             1             16  java.util.stream.Collectors$$Lambda$547/0x00000008003c2398 (java.base@15.0.1)
2623:             1             16  java.util.stream.Collectors$$Lambda$58/0x000000080011b1e0 (java.base@15.0.1)
2624:             1             16  java.util.stream.Collectors$$Lambda$59/0x000000080011b408 (java.base@15.0.1)
2625:             1             16  java.util.stream.Collectors$$Lambda$6/0x000000080005c680 (java.base@15.0.1)
2626:             1             16  java.util.stream.Collectors$$Lambda$60/0x000000080011b648 (java.base@15.0.1)
2627:             1             16  java.util.stream.Collectors$$Lambda$7/0x000000080005cc98 (java.base@15.0.1)
2628:             1             16  java.util.stream.Collectors$$Lambda$8/0x000000080005ced8 (java.base@15.0.1)
2629:             1             16  java.util.stream.FindOps$FindSink$OfInt$$Lambda$104/0x000000080015fcc0 (java.base@15.0.1)
2630:             1             16  java.util.stream.FindOps$FindSink$OfInt$$Lambda$105/0x0000000800160040 (java.base@15.0.1)
2631:             1             16  java.util.stream.FindOps$FindSink$OfInt$$Lambda$106/0x0000000800160258 (java.base@15.0.1)
2632:             1             16  java.util.stream.FindOps$FindSink$OfInt$$Lambda$107/0x00000008001604a0 (java.base@15.0.1)
2633:             1             16  java.util.stream.FindOps$FindSink$OfRef$$Lambda$10/0x000000080005fb58 (java.base@15.0.1)
2634:             1             16  java.util.stream.FindOps$FindSink$OfRef$$Lambda$11/0x000000080005fda0 (java.base@15.0.1)
2635:             1             16  java.util.stream.FindOps$FindSink$OfRef$$Lambda$12/0x0000000800060840 (java.base@15.0.1)
2636:             1             16  java.util.stream.FindOps$FindSink$OfRef$$Lambda$13/0x0000000800060a88 (java.base@15.0.1)
2637:             1             16  java.util.stream.Nodes$EmptyNode$OfDouble (java.base@15.0.1)
2638:             1             16  java.util.stream.Nodes$EmptyNode$OfInt (java.base@15.0.1)
2639:             1             16  java.util.stream.Nodes$EmptyNode$OfLong (java.base@15.0.1)
2640:             1             16  java.util.stream.Nodes$EmptyNode$OfRef (java.base@15.0.1)
2641:             1             16  java.util.stream.ReferencePipeline$$Lambda$838/0x00000008004ec738 (java.base@15.0.1)
2642:             1             16  java.util.zip.ZipFile$1 (java.base@15.0.1)
2643:             1             16  javax.management.JMX (java.management@15.0.1)
2644:             1             16  javax.management.MBeanServerBuilder (java.management@15.0.1)
2645:             1             16  javax.management.NotificationBroadcasterSupport$1 (java.management@15.0.1)
2646:             1             16  javax.management.remote.JMXConnectorServerFactory$$Lambda$61/0x0000000800123658 (java.management@15.0.1)
2647:             1             16  jdk.internal.agent.ConnectorAddressLink$PerfHandle (jdk.management.agent@15.0.1)
2648:             1             16  jdk.internal.icu.impl.Norm2AllModes$DecomposeNormalizer2 (java.base@15.0.1)
2649:             1             16  jdk.internal.icu.impl.Norm2AllModes$NoopNormalizer2 (java.base@15.0.1)
2650:             1             16  jdk.internal.icu.impl.NormalizerImpl$IsAcceptable (java.base@15.0.1)
2651:             1             16  jdk.internal.icu.text.NormalizerBase$ModeImpl (java.base@15.0.1)
2652:             1             16  jdk.internal.icu.text.NormalizerBase$NFCMode (java.base@15.0.1)
2653:             1             16  jdk.internal.icu.text.NormalizerBase$NFDMode (java.base@15.0.1)
2654:             1             16  jdk.internal.icu.text.NormalizerBase$NFKCMode (java.base@15.0.1)
2655:             1             16  jdk.internal.icu.text.NormalizerBase$NFKDMode (java.base@15.0.1)
2656:             1             16  jdk.internal.icu.text.NormalizerBase$NONEMode (java.base@15.0.1)
2657:             1             16  jdk.internal.icu.util.CodePointTrie$Data16 (java.base@15.0.1)
2658:             1             16  jdk.internal.icu.util.VersionInfo (java.base@15.0.1)
2659:             1             16  jdk.internal.jimage.ImageBufferCache$1 (java.base@15.0.1)
2660:             1             16  jdk.internal.jimage.ImageBufferCache$2 (java.base@15.0.1)
2661:             1             16  jdk.internal.jimage.ImageReaderFactory$1 (java.base@15.0.1)
2662:             1             16  jdk.internal.jimage.ImageStringsReader (java.base@15.0.1)
2663:             1             16  jdk.internal.jimage.decompressor.Decompressor (java.base@15.0.1)
2664:             1             16  jdk.internal.jimage.decompressor.StringSharingDecompressorFactory (java.base@15.0.1)
2665:             1             16  jdk.internal.jimage.decompressor.ZipDecompressor (java.base@15.0.1)
2666:             1             16  jdk.internal.jimage.decompressor.ZipDecompressorFactory (java.base@15.0.1)
2667:             1             16  jdk.internal.logger.LazyLoggers$1 (java.base@15.0.1)
2668:             1             16  jdk.internal.logger.LazyLoggers$LazyLoggerFactories (java.base@15.0.1)
2669:             1             16  jdk.internal.math.FloatingDecimal$1 (java.base@15.0.1)
2670:             1             16  jdk.internal.misc.TerminatingThreadLocal$1 (java.base@15.0.1)
2671:             1             16  jdk.internal.misc.Unsafe (java.base@15.0.1)
2672:             1             16  jdk.internal.module.DefaultRoots$$Lambda$1/0x0000000800050858 (java.base@15.0.1)
2673:             1             16  jdk.internal.module.DefaultRoots$$Lambda$2/0x0000000800059530 (java.base@15.0.1)
2674:             1             16  jdk.internal.module.DefaultRoots$$Lambda$4/0x000000080005a208 (java.base@15.0.1)
2675:             1             16  jdk.internal.module.DefaultRoots$$Lambda$9/0x000000080005eef8 (java.base@15.0.1)
2676:             1             16  jdk.internal.module.ModulePatcher (java.base@15.0.1)
2677:             1             16  jdk.internal.module.ModuleTarget (java.base@15.0.1)
2678:             1             16  jdk.internal.perf.Perf (java.base@15.0.1)
2679:             1             16  jdk.internal.reflect.GeneratedConstructorAccessor1 (java.base@15.0.1)
2680:             1             16  jdk.internal.reflect.GeneratedConstructorAccessor10
2681:             1             16  jdk.internal.reflect.GeneratedConstructorAccessor11
2682:             1             16  jdk.internal.reflect.GeneratedConstructorAccessor12
2683:             1             16  jdk.internal.reflect.GeneratedConstructorAccessor13
2684:             1             16  jdk.internal.reflect.GeneratedConstructorAccessor14
2685:             1             16  jdk.internal.reflect.GeneratedConstructorAccessor15
2686:             1             16  jdk.internal.reflect.GeneratedConstructorAccessor16
2687:             1             16  jdk.internal.reflect.GeneratedConstructorAccessor17
2688:             1             16  jdk.internal.reflect.GeneratedConstructorAccessor18
2689:             1             16  jdk.internal.reflect.GeneratedConstructorAccessor19
2690:             1             16  jdk.internal.reflect.GeneratedConstructorAccessor2 (java.base@15.0.1)
2691:             1             16  jdk.internal.reflect.GeneratedConstructorAccessor20
2692:             1             16  jdk.internal.reflect.GeneratedConstructorAccessor21
2693:             1             16  jdk.internal.reflect.GeneratedConstructorAccessor22
2694:             1             16  jdk.internal.reflect.GeneratedConstructorAccessor23
2695:             1             16  jdk.internal.reflect.GeneratedConstructorAccessor24
2696:             1             16  jdk.internal.reflect.GeneratedConstructorAccessor25
2697:             1             16  jdk.internal.reflect.GeneratedConstructorAccessor26 (java.base@15.0.1)
2698:             1             16  jdk.internal.reflect.GeneratedConstructorAccessor27
2699:             1             16  jdk.internal.reflect.GeneratedConstructorAccessor28
2700:             1             16  jdk.internal.reflect.GeneratedConstructorAccessor29
2701:             1             16  jdk.internal.reflect.GeneratedConstructorAccessor3 (java.base@15.0.1)
2702:             1             16  jdk.internal.reflect.GeneratedConstructorAccessor30
2703:             1             16  jdk.internal.reflect.GeneratedConstructorAccessor31 (java.base@15.0.1)
2704:             1             16  jdk.internal.reflect.GeneratedConstructorAccessor32
2705:             1             16  jdk.internal.reflect.GeneratedConstructorAccessor33
2706:             1             16  jdk.internal.reflect.GeneratedConstructorAccessor34
2707:             1             16  jdk.internal.reflect.GeneratedConstructorAccessor35
2708:             1             16  jdk.internal.reflect.GeneratedConstructorAccessor36 (java.base@15.0.1)
2709:             1             16  jdk.internal.reflect.GeneratedConstructorAccessor4 (java.base@15.0.1)
2710:             1             16  jdk.internal.reflect.GeneratedConstructorAccessor5 (java.base@15.0.1)
2711:             1             16  jdk.internal.reflect.GeneratedConstructorAccessor6
2712:             1             16  jdk.internal.reflect.GeneratedConstructorAccessor7 (java.base@15.0.1)
2713:             1             16  jdk.internal.reflect.GeneratedConstructorAccessor8
2714:             1             16  jdk.internal.reflect.GeneratedConstructorAccessor9
2715:             1             16  jdk.internal.reflect.GeneratedMethodAccessor1
2716:             1             16  jdk.internal.reflect.GeneratedMethodAccessor10
2717:             1             16  jdk.internal.reflect.GeneratedMethodAccessor11
2718:             1             16  jdk.internal.reflect.GeneratedMethodAccessor12
2719:             1             16  jdk.internal.reflect.GeneratedMethodAccessor13
2720:             1             16  jdk.internal.reflect.GeneratedMethodAccessor14
2721:             1             16  jdk.internal.reflect.GeneratedMethodAccessor15
2722:             1             16  jdk.internal.reflect.GeneratedMethodAccessor16
2723:             1             16  jdk.internal.reflect.GeneratedMethodAccessor17
2724:             1             16  jdk.internal.reflect.GeneratedMethodAccessor18
2725:             1             16  jdk.internal.reflect.GeneratedMethodAccessor19
2726:             1             16  jdk.internal.reflect.GeneratedMethodAccessor2
2727:             1             16  jdk.internal.reflect.GeneratedMethodAccessor20
2728:             1             16  jdk.internal.reflect.GeneratedMethodAccessor21
2729:             1             16  jdk.internal.reflect.GeneratedMethodAccessor22
2730:             1             16  jdk.internal.reflect.GeneratedMethodAccessor23
2731:             1             16  jdk.internal.reflect.GeneratedMethodAccessor24
2732:             1             16  jdk.internal.reflect.GeneratedMethodAccessor25
2733:             1             16  jdk.internal.reflect.GeneratedMethodAccessor26 (java.base@15.0.1)
2734:             1             16  jdk.internal.reflect.GeneratedMethodAccessor27
2735:             1             16  jdk.internal.reflect.GeneratedMethodAccessor28 (java.base@15.0.1)
2736:             1             16  jdk.internal.reflect.GeneratedMethodAccessor29
2737:             1             16  jdk.internal.reflect.GeneratedMethodAccessor3
2738:             1             16  jdk.internal.reflect.GeneratedMethodAccessor30
2739:             1             16  jdk.internal.reflect.GeneratedMethodAccessor31
2740:             1             16  jdk.internal.reflect.GeneratedMethodAccessor32
2741:             1             16  jdk.internal.reflect.GeneratedMethodAccessor33
2742:             1             16  jdk.internal.reflect.GeneratedMethodAccessor34 (java.base@15.0.1)
2743:             1             16  jdk.internal.reflect.GeneratedMethodAccessor35
2744:             1             16  jdk.internal.reflect.GeneratedMethodAccessor36
2745:             1             16  jdk.internal.reflect.GeneratedMethodAccessor37
2746:             1             16  jdk.internal.reflect.GeneratedMethodAccessor38
2747:             1             16  jdk.internal.reflect.GeneratedMethodAccessor39 (java.base@15.0.1)
2748:             1             16  jdk.internal.reflect.GeneratedMethodAccessor4
2749:             1             16  jdk.internal.reflect.GeneratedMethodAccessor40
2750:             1             16  jdk.internal.reflect.GeneratedMethodAccessor41
2751:             1             16  jdk.internal.reflect.GeneratedMethodAccessor42 (java.base@15.0.1)
2752:             1             16  jdk.internal.reflect.GeneratedMethodAccessor43
2753:             1             16  jdk.internal.reflect.GeneratedMethodAccessor44
2754:             1             16  jdk.internal.reflect.GeneratedMethodAccessor45
2755:             1             16  jdk.internal.reflect.GeneratedMethodAccessor46 (java.base@15.0.1)
2756:             1             16  jdk.internal.reflect.GeneratedMethodAccessor47
2757:             1             16  jdk.internal.reflect.GeneratedMethodAccessor48
2758:             1             16  jdk.internal.reflect.GeneratedMethodAccessor49
2759:             1             16  jdk.internal.reflect.GeneratedMethodAccessor5
2760:             1             16  jdk.internal.reflect.GeneratedMethodAccessor50
2761:             1             16  jdk.internal.reflect.GeneratedMethodAccessor51 (java.base@15.0.1)
2762:             1             16  jdk.internal.reflect.GeneratedMethodAccessor52
2763:             1             16  jdk.internal.reflect.GeneratedMethodAccessor53
2764:             1             16  jdk.internal.reflect.GeneratedMethodAccessor54
2765:             1             16  jdk.internal.reflect.GeneratedMethodAccessor55
2766:             1             16  jdk.internal.reflect.GeneratedMethodAccessor56
2767:             1             16  jdk.internal.reflect.GeneratedMethodAccessor57
2768:             1             16  jdk.internal.reflect.GeneratedMethodAccessor58
2769:             1             16  jdk.internal.reflect.GeneratedMethodAccessor59 (java.base@15.0.1)
2770:             1             16  jdk.internal.reflect.GeneratedMethodAccessor6
2771:             1             16  jdk.internal.reflect.GeneratedMethodAccessor60
2772:             1             16  jdk.internal.reflect.GeneratedMethodAccessor61
2773:             1             16  jdk.internal.reflect.GeneratedMethodAccessor62
2774:             1             16  jdk.internal.reflect.GeneratedMethodAccessor63
2775:             1             16  jdk.internal.reflect.GeneratedMethodAccessor64
2776:             1             16  jdk.internal.reflect.GeneratedMethodAccessor65
2777:             1             16  jdk.internal.reflect.GeneratedMethodAccessor66
2778:             1             16  jdk.internal.reflect.GeneratedMethodAccessor67
2779:             1             16  jdk.internal.reflect.GeneratedMethodAccessor68
2780:             1             16  jdk.internal.reflect.GeneratedMethodAccessor69
2781:             1             16  jdk.internal.reflect.GeneratedMethodAccessor7
2782:             1             16  jdk.internal.reflect.GeneratedMethodAccessor70
2783:             1             16  jdk.internal.reflect.GeneratedMethodAccessor71
2784:             1             16  jdk.internal.reflect.GeneratedMethodAccessor72
2785:             1             16  jdk.internal.reflect.GeneratedMethodAccessor73
2786:             1             16  jdk.internal.reflect.GeneratedMethodAccessor74 (java.base@15.0.1)
2787:             1             16  jdk.internal.reflect.GeneratedMethodAccessor8
2788:             1             16  jdk.internal.reflect.GeneratedMethodAccessor9
2789:             1             16  jdk.internal.reflect.GeneratedSerializationConstructorAccessor1 (java.base@15.0.1)
2790:             1             16  jdk.internal.reflect.GeneratedSerializationConstructorAccessor10 (java.base@15.0.1)
2791:             1             16  jdk.internal.reflect.GeneratedSerializationConstructorAccessor11 (java.base@15.0.1)
2792:             1             16  jdk.internal.reflect.GeneratedSerializationConstructorAccessor12 (java.base@15.0.1)
2793:             1             16  jdk.internal.reflect.GeneratedSerializationConstructorAccessor13 (java.base@15.0.1)
2794:             1             16  jdk.internal.reflect.GeneratedSerializationConstructorAccessor14 (java.base@15.0.1)
2795:             1             16  jdk.internal.reflect.GeneratedSerializationConstructorAccessor15 (java.base@15.0.1)
2796:             1             16  jdk.internal.reflect.GeneratedSerializationConstructorAccessor16 (java.base@15.0.1)
2797:             1             16  jdk.internal.reflect.GeneratedSerializationConstructorAccessor17 (java.base@15.0.1)
2798:             1             16  jdk.internal.reflect.GeneratedSerializationConstructorAccessor18 (java.base@15.0.1)
2799:             1             16  jdk.internal.reflect.GeneratedSerializationConstructorAccessor19 (java.base@15.0.1)
2800:             1             16  jdk.internal.reflect.GeneratedSerializationConstructorAccessor2 (java.base@15.0.1)
2801:             1             16  jdk.internal.reflect.GeneratedSerializationConstructorAccessor20 (java.base@15.0.1)
2802:             1             16  jdk.internal.reflect.GeneratedSerializationConstructorAccessor21 (java.base@15.0.1)
2803:             1             16  jdk.internal.reflect.GeneratedSerializationConstructorAccessor22 (java.base@15.0.1)
2804:             1             16  jdk.internal.reflect.GeneratedSerializationConstructorAccessor23 (java.base@15.0.1)
2805:             1             16  jdk.internal.reflect.GeneratedSerializationConstructorAccessor24 (java.base@15.0.1)
2806:             1             16  jdk.internal.reflect.GeneratedSerializationConstructorAccessor25 (java.base@15.0.1)
2807:             1             16  jdk.internal.reflect.GeneratedSerializationConstructorAccessor26 (java.base@15.0.1)
2808:             1             16  jdk.internal.reflect.GeneratedSerializationConstructorAccessor27 (java.base@15.0.1)
2809:             1             16  jdk.internal.reflect.GeneratedSerializationConstructorAccessor28 (java.base@15.0.1)
2810:             1             16  jdk.internal.reflect.GeneratedSerializationConstructorAccessor29 (java.base@15.0.1)
2811:             1             16  jdk.internal.reflect.GeneratedSerializationConstructorAccessor3 (java.base@15.0.1)
2812:             1             16  jdk.internal.reflect.GeneratedSerializationConstructorAccessor4 (java.base@15.0.1)
2813:             1             16  jdk.internal.reflect.GeneratedSerializationConstructorAccessor5 (java.base@15.0.1)
2814:             1             16  jdk.internal.reflect.GeneratedSerializationConstructorAccessor6 (java.base@15.0.1)
2815:             1             16  jdk.internal.reflect.GeneratedSerializationConstructorAccessor7 (java.base@15.0.1)
2816:             1             16  jdk.internal.reflect.GeneratedSerializationConstructorAccessor8 (java.base@15.0.1)
2817:             1             16  jdk.internal.reflect.GeneratedSerializationConstructorAccessor9 (java.base@15.0.1)
2818:             1             16  jdk.internal.reflect.ReflectionFactory (java.base@15.0.1)
2819:             1             16  jdk.internal.util.Preconditions$1 (java.base@15.0.1)
2820:             1             16  jdk.management.jfr.SettingDescriptorInfo$1 (jdk.management.jfr@15.0.1)
2821:             1             16  jdk.net.ExtendedSocketOptions$PlatformSocketOptions (jdk.net@15.0.1)
2822:             1             16  jdk.xml.internal.SecuritySupport$$Lambda$273/0x0000000800269cd8 (java.xml@15.0.1)
2823:             1             16  org.apache.catalina.connector.CoyoteAdapter
2824:             1             16  org.apache.catalina.connector.CoyoteAdapter$1
2825:             1             16  org.apache.catalina.core.ContainerBase$ContainerBackgroundProcessor
2826:             1             16  org.apache.catalina.core.ContainerBase$ContainerBackgroundProcessorMonitor
2827:             1             16  org.apache.catalina.core.StandardContext$1
2828:             1             16  org.apache.catalina.core.StandardContext$NoPluggabilityServletContext
2829:             1             16  org.apache.catalina.core.StandardHost$MemoryLeakTrackingListener
2830:             1             16  org.apache.catalina.core.StandardServer$1
2831:             1             16  org.apache.catalina.core.StandardServer$2
2832:             1             16  org.apache.catalina.realm.X509SubjectDnRetriever
2833:             1             16  org.apache.catalina.startup.Tomcat$FixContextListener
2834:             1             16  org.apache.catalina.util.CharsetMapper
2835:             1             16  org.apache.commons.logging.impl.NoOpLog
2836:             1             16  org.apache.coyote.AbstractProtocol$1
2837:             1             16  org.apache.coyote.AbstractProtocol$2
2838:             1             16  org.apache.juli.logging.LogFactory
2839:             1             16  org.apache.tomcat.util.buf.CharsetCache
2840:             1             16  org.apache.tomcat.util.compat.Jre9Compat
2841:             1             16  org.apache.tomcat.util.http.CookieProcessorBase$1
2842:             1             16  org.apache.tomcat.util.http.Rfc6265CookieProcessor
2843:             1             16  org.apache.tomcat.util.modeler.NoDescriptorRegistry$NoJmxMBeanServer
2844:             1             16  org.apache.tomcat.util.threads.ScheduledThreadPoolExecutor
2845:             1             16  org.apache.tomcat.util.threads.ThreadPoolExecutor$RejectHandler
2846:             1             16  org.apache.tomcat.websocket.server.WsContextListener
2847:             1             16  org.apache.tomcat.websocket.server.WsSci
2848:             1             16  org.apache.tomcat.websocket.server.WsSessionListener
2849:             1             16  org.apache.tomcat.websocket.server.WsWriteTimeout$EndpointComparator
2850:             1             16  org.eclipse.jdt.launching.internal.javaagent.Premain$1
2851:             1             16  org.eclipse.jdt.launching.internal.weaving.ClassfileTransformer
2852:             1             16  org.slf4j.helpers.NOPLoggerFactory
2853:             1             16  org.slf4j.impl.StaticMDCBinder
2854:             1             16  org.springframework.beans.ExtendedBeanInfoFactory
2855:             1             16  org.springframework.beans.factory.BeanFactoryUtils$$Lambda$312/0x00000008002d4468
2856:             1             16  org.springframework.beans.factory.annotation.AutowiredAnnotationBeanPostProcessor$$Lambda$657/0x0000000800462400
2857:             1             16  org.springframework.beans.factory.config.AutowiredPropertyMarker
2858:             1             16  org.springframework.beans.factory.parsing.FailFastProblemReporter
2859:             1             16  org.springframework.beans.factory.parsing.PassThroughSourceExtractor
2860:             1             16  org.springframework.beans.factory.support.AbstractAutowireCapableBeanFactory$$Lambda$409/0x0000000800356f88
2861:             1             16  org.springframework.beans.factory.support.AutowireUtils$$Lambda$436/0x00000008003b8d70
2862:             1             16  org.springframework.beans.factory.support.CglibSubclassingInstantiationStrategy
2863:             1             16  org.springframework.beans.factory.support.DefaultBeanNameGenerator
2864:             1             16  org.springframework.beans.factory.support.DefaultListableBeanFactory$$Lambda$441/0x00000008003bf1f8
2865:             1             16  org.springframework.beans.factory.support.DefaultListableBeanFactory$$Lambda$643/0x000000080044d478
2866:             1             16  org.springframework.beans.factory.support.DefaultSingletonBeanRegistry$$Lambda$316/0x00000008002e3930
2867:             1             16  org.springframework.beans.factory.support.DefaultSingletonBeanRegistry$$Lambda$317/0x00000008002e3da8
2868:             1             16  org.springframework.beans.factory.support.SimpleAutowireCandidateResolver
2869:             1             16  org.springframework.boot.ApplicationContextFactory$$Lambda$129/0x0000000800196e18
2870:             1             16  org.springframework.boot.ClearCachesApplicationListener
2871:             1             16  org.springframework.boot.SpringBootBanner
2872:             1             16  org.springframework.boot.StartupInfoLogger$$Lambda$285/0x00000008002922f8
2873:             1             16  org.springframework.boot.StartupInfoLogger$$Lambda$286/0x0000000800292510
2874:             1             16  org.springframework.boot.StartupInfoLogger$$Lambda$287/0x0000000800292920
2875:             1             16  org.springframework.boot.StartupInfoLogger$$Lambda$288/0x0000000800293240
2876:             1             16  org.springframework.boot.StartupInfoLogger$$Lambda$289/0x0000000800293930
2877:             1             16  org.springframework.boot.actuate.autoconfigure.audit.AuditEventsEndpointAutoConfiguration
2878:             1             16  org.springframework.boot.actuate.autoconfigure.availability.AvailabilityHealthContributorAutoConfiguration
2879:             1             16  org.springframework.boot.actuate.autoconfigure.availability.AvailabilityProbesAutoConfiguration$ProbesCondition
2880:             1             16  org.springframework.boot.actuate.autoconfigure.beans.BeansEndpointAutoConfiguration
2881:             1             16  org.springframework.boot.actuate.autoconfigure.cache.CachesEndpointAutoConfiguration
2882:             1             16  org.springframework.boot.actuate.autoconfigure.condition.ConditionsReportEndpoint
2883:             1             16  org.springframework.boot.actuate.autoconfigure.condition.ConditionsReportEndpointAutoConfiguration
2884:             1             16  org.springframework.boot.actuate.autoconfigure.context.properties.ConfigurationPropertiesReportEndpointAutoConfiguration
2885:             1             16  org.springframework.boot.actuate.autoconfigure.context.properties.ConfigurationPropertiesReportEndpointProperties
2886:             1             16  org.springframework.boot.actuate.autoconfigure.endpoint.EndpointAutoConfiguration
2887:             1             16  org.springframework.boot.actuate.autoconfigure.endpoint.EndpointIdTimeToLivePropertyFunction
2888:             1             16  org.springframework.boot.actuate.autoconfigure.endpoint.EndpointIdTimeToLivePropertyFunction$$Lambda$760/0x00000008004c3890
2889:             1             16  org.springframework.boot.actuate.autoconfigure.endpoint.expose.IncludeExcludeEndpointFilter$$Lambda$399/0x0000000800347210
2890:             1             16  org.springframework.boot.actuate.autoconfigure.endpoint.web.MappingWebEndpointPathMapper
2891:             1             16  org.springframework.boot.actuate.autoconfigure.endpoint.web.ServletEndpointManagementContextConfiguration
2892:             1             16  org.springframework.boot.actuate.autoconfigure.endpoint.web.ServletEndpointManagementContextConfiguration$WebMvcServletEndpointManagementContextConfiguration
2893:             1             16  org.springframework.boot.actuate.autoconfigure.endpoint.web.WebEndpointAutoConfiguration$$Lambda$779/0x00000008004cca20
2894:             1             16  org.springframework.boot.actuate.autoconfigure.endpoint.web.WebEndpointAutoConfiguration$WebEndpointServletConfiguration
2895:             1             16  org.springframework.boot.actuate.autoconfigure.endpoint.web.servlet.WebMvcEndpointManagementContextConfiguration
2896:             1             16  org.springframework.boot.actuate.autoconfigure.env.EnvironmentEndpointAutoConfiguration
2897:             1             16  org.springframework.boot.actuate.autoconfigure.env.EnvironmentEndpointProperties
2898:             1             16  org.springframework.boot.actuate.autoconfigure.health.AutoConfiguredHealthEndpointGroups$$Lambda$730/0x000000080049f918
2899:             1             16  org.springframework.boot.actuate.autoconfigure.health.HealthContributorAutoConfiguration
2900:             1             16  org.springframework.boot.actuate.autoconfigure.health.HealthEndpointAutoConfiguration
2901:             1             16  org.springframework.boot.actuate.autoconfigure.health.HealthEndpointConfiguration
2902:             1             16  org.springframework.boot.actuate.autoconfigure.health.HealthEndpointConfiguration$HealthEndpointGroupsBeanPostProcessor
2903:             1             16  org.springframework.boot.actuate.autoconfigure.health.HealthEndpointConfiguration$HealthEndpointGroupsBeanPostProcessor$$Lambda$733/0x00000008004a04d8
2904:             1             16  org.springframework.boot.actuate.autoconfigure.health.HealthEndpointWebExtensionConfiguration
2905:             1             16  org.springframework.boot.actuate.autoconfigure.info.InfoContributorAutoConfiguration
2906:             1             16  org.springframework.boot.actuate.autoconfigure.info.InfoContributorProperties
2907:             1             16  org.springframework.boot.actuate.autoconfigure.info.InfoContributorProperties$Git
2908:             1             16  org.springframework.boot.actuate.autoconfigure.info.InfoEndpointAutoConfiguration
2909:             1             16  org.springframework.boot.actuate.autoconfigure.logging.LogFileWebEndpointAutoConfiguration
2910:             1             16  org.springframework.boot.actuate.autoconfigure.logging.LogFileWebEndpointAutoConfiguration$LogFileCondition
2911:             1             16  org.springframework.boot.actuate.autoconfigure.logging.LogFileWebEndpointProperties
2912:             1             16  org.springframework.boot.actuate.autoconfigure.logging.LoggersEndpointAutoConfiguration
2913:             1             16  org.springframework.boot.actuate.autoconfigure.logging.LoggersEndpointAutoConfiguration$$Lambda$772/0x00000008004c8470
2914:             1             16  org.springframework.boot.actuate.autoconfigure.logging.LoggersEndpointAutoConfiguration$OnEnabledLoggingSystemCondition
2915:             1             16  org.springframework.boot.actuate.autoconfigure.management.HeapDumpWebEndpointAutoConfiguration
2916:             1             16  org.springframework.boot.actuate.autoconfigure.management.ThreadDumpEndpointAutoConfiguration
2917:             1             16  org.springframework.boot.actuate.autoconfigure.metrics.CompositeMeterRegistryAutoConfiguration
2918:             1             16  org.springframework.boot.actuate.autoconfigure.metrics.JvmMetricsAutoConfiguration
2919:             1             16  org.springframework.boot.actuate.autoconfigure.metrics.LogbackMetricsAutoConfiguration
2920:             1             16  org.springframework.boot.actuate.autoconfigure.metrics.LogbackMetricsAutoConfiguration$LogbackLoggingCondition
2921:             1             16  org.springframework.boot.actuate.autoconfigure.metrics.MetricsAutoConfiguration
2922:             1             16  org.springframework.boot.actuate.autoconfigure.metrics.MetricsEndpointAutoConfiguration
2923:             1             16  org.springframework.boot.actuate.autoconfigure.metrics.PropertiesMeterFilter$1
2924:             1             16  org.springframework.boot.actuate.autoconfigure.metrics.SystemMetricsAutoConfiguration
2925:             1             16  org.springframework.boot.actuate.autoconfigure.metrics.export.simple.SimpleMetricsExportAutoConfiguration
2926:             1             16  org.springframework.boot.actuate.autoconfigure.metrics.export.simple.SimplePropertiesConfigAdapter
2927:             1             16  org.springframework.boot.actuate.autoconfigure.metrics.export.simple.SimplePropertiesConfigAdapter$$Lambda$581/0x00000008004299d0
2928:             1             16  org.springframework.boot.actuate.autoconfigure.metrics.export.simple.SimplePropertiesConfigAdapter$$Lambda$583/0x000000080042a170
2929:             1             16  org.springframework.boot.actuate.autoconfigure.metrics.integration.IntegrationMetricsAutoConfiguration
2930:             1             16  org.springframework.boot.actuate.autoconfigure.metrics.web.client.HttpClientMetricsAutoConfiguration
2931:             1             16  org.springframework.boot.actuate.autoconfigure.metrics.web.client.HttpClientMetricsAutoConfiguration$$Lambda$592/0x000000080042dba0
2932:             1             16  org.springframework.boot.actuate.autoconfigure.metrics.web.client.RestTemplateMetricsConfiguration
2933:             1             16  org.springframework.boot.actuate.autoconfigure.metrics.web.servlet.WebMvcMetricsAutoConfiguration
2934:             1             16  org.springframework.boot.actuate.autoconfigure.metrics.web.servlet.WebMvcMetricsAutoConfiguration$$Lambda$593/0x000000080042e008
2935:             1             16  org.springframework.boot.actuate.autoconfigure.metrics.web.tomcat.TomcatMetricsAutoConfiguration
2936:             1             16  org.springframework.boot.actuate.autoconfigure.scheduling.ScheduledTasksEndpointAutoConfiguration
2937:             1             16  org.springframework.boot.actuate.autoconfigure.startup.StartupEndpointAutoConfiguration$ApplicationStartupCondition
2938:             1             16  org.springframework.boot.actuate.autoconfigure.system.DiskSpaceHealthContributorAutoConfiguration
2939:             1             16  org.springframework.boot.actuate.autoconfigure.trace.http.HttpTraceEndpointAutoConfiguration
2940:             1             16  org.springframework.boot.actuate.autoconfigure.web.mappings.MappingsEndpointAutoConfiguration
2941:             1             16  org.springframework.boot.actuate.autoconfigure.web.mappings.MappingsEndpointAutoConfiguration$ServletWebConfiguration
2942:             1             16  org.springframework.boot.actuate.autoconfigure.web.mappings.MappingsEndpointAutoConfiguration$ServletWebConfiguration$SpringMvcConfiguration
2943:             1             16  org.springframework.boot.actuate.autoconfigure.web.server.$Proxy64
2944:             1             16  org.springframework.boot.actuate.autoconfigure.web.server.ManagementContextAutoConfiguration
2945:             1             16  org.springframework.boot.actuate.autoconfigure.web.server.ManagementContextAutoConfiguration$SameManagementContextConfiguration
2946:             1             16  org.springframework.boot.actuate.autoconfigure.web.server.ManagementContextAutoConfiguration$SameManagementContextConfiguration$EnableSameManagementContextConfiguration
2947:             1             16  org.springframework.boot.actuate.autoconfigure.web.server.ManagementServerProperties$Servlet
2948:             1             16  org.springframework.boot.actuate.autoconfigure.web.servlet.ServletManagementContextAutoConfiguration
2949:             1             16  org.springframework.boot.actuate.autoconfigure.web.servlet.ServletManagementContextAutoConfiguration$$Lambda$728/0x000000080049df10
2950:             1             16  org.springframework.boot.actuate.autoconfigure.web.servlet.ServletManagementContextFactory
2951:             1             16  org.springframework.boot.actuate.beans.BeansEndpoint
2952:             1             16  org.springframework.boot.actuate.cache.CachesEndpoint
2953:             1             16  org.springframework.boot.actuate.cache.CachesEndpointWebExtension
2954:             1             16  org.springframework.boot.actuate.endpoint.SecurityContext$1
2955:             1             16  org.springframework.boot.actuate.endpoint.annotation.DiscoveredOperationsFactory$$Lambda$757/0x00000008004c2cf0
2956:             1             16  org.springframework.boot.actuate.endpoint.annotation.EndpointDiscoverer$$Lambda$647/0x000000080044f878
2957:             1             16  org.springframework.boot.actuate.endpoint.annotation.EndpointDiscoverer$$Lambda$763/0x00000008004c4c30
2958:             1             16  org.springframework.boot.actuate.endpoint.annotation.EndpointDiscoverer$$Lambda$764/0x00000008004c4e78
2959:             1             16  org.springframework.boot.actuate.endpoint.annotation.EndpointDiscoverer$$Lambda$766/0x00000008004c52f0
2960:             1             16  org.springframework.boot.actuate.endpoint.annotation.EndpointDiscoverer$$Lambda$767/0x00000008004c5538
2961:             1             16  org.springframework.boot.actuate.endpoint.invoke.ParameterValueMapper$$Lambda$642/0x000000080044b990
2962:             1             16  org.springframework.boot.actuate.endpoint.invoke.convert.ConversionServiceParameterValueMapper
2963:             1             16  org.springframework.boot.actuate.endpoint.invoker.cache.CachingOperationInvokerAdvisor
2964:             1             16  org.springframework.boot.actuate.endpoint.jmx.EndpointMBean$$Lambda$834/0x00000008004f0230
2965:             1             16  org.springframework.boot.actuate.endpoint.jmx.EndpointMBean$$Lambda$835/0x00000008004f0468
2966:             1             16  org.springframework.boot.actuate.endpoint.jmx.MBeanInfoFactory$$Lambda$775/0x00000008004cbd78
2967:             1             16  org.springframework.boot.actuate.endpoint.jmx.MBeanInfoFactory$$Lambda$777/0x00000008004cc1d0
2968:             1             16  org.springframework.boot.actuate.endpoint.jmx.annotation.DiscoveredJmxOperation$$Lambda$770/0x00000008004c7938
2969:             1             16  org.springframework.boot.actuate.endpoint.jmx.annotation.DiscoveredJmxOperation$$Lambda$771/0x00000008004c7b70
2970:             1             16  org.springframework.boot.actuate.endpoint.web.EndpointLinksResolver
2971:             1             16  org.springframework.boot.actuate.endpoint.web.annotation.RequestPredicateFactory
2972:             1             16  org.springframework.boot.actuate.endpoint.web.annotation.RequestPredicateFactory$$Lambda$784/0x00000008004cd7b8
2973:             1             16  org.springframework.boot.actuate.endpoint.web.annotation.RequestPredicateFactory$$Lambda$788/0x00000008004ce948
2974:             1             16  org.springframework.boot.actuate.endpoint.web.servlet.WebMvcEndpointHandlerMapping$WebMvcLinksHandler
2975:             1             16  org.springframework.boot.actuate.env.EnvironmentEndpoint$$Lambda$839/0x00000008004f1140
2976:             1             16  org.springframework.boot.actuate.env.EnvironmentEndpointWebExtension
2977:             1             16  org.springframework.boot.actuate.health.HealthContributorNameFactory
2978:             1             16  org.springframework.boot.actuate.health.SimpleHttpCodeStatusMapper
2979:             1             16  org.springframework.boot.actuate.health.SimpleStatusAggregator$$Lambda$729/0x000000080049ebe0
2980:             1             16  org.springframework.boot.actuate.info.EnvironmentInfoContributor
2981:             1             16  org.springframework.boot.actuate.info.InfoEndpoint
2982:             1             16  org.springframework.boot.actuate.management.PlainTextThreadDumpFormatter
2983:             1             16  org.springframework.boot.actuate.management.ThreadDumpEndpoint
2984:             1             16  org.springframework.boot.actuate.metrics.AutoTimer$$Lambda$572/0x0000000800423970
2985:             1             16  org.springframework.boot.actuate.metrics.AutoTimer$1
2986:             1             16  org.springframework.boot.actuate.metrics.MetricsEndpoint
2987:             1             16  org.springframework.boot.actuate.metrics.web.client.DefaultRestTemplateExchangeTagsProvider
2988:             1             16  org.springframework.boot.actuate.metrics.web.client.MetricsRestTemplateCustomizer
2989:             1             16  org.springframework.boot.actuate.scheduling.ScheduledTasksEndpoint
2990:             1             16  org.springframework.boot.actuate.web.mappings.servlet.DispatcherServletsMappingDescriptionProvider
2991:             1             16  org.springframework.boot.actuate.web.mappings.servlet.DispatcherServletsMappingDescriptionProvider$IterableDelegatesHandlerMappingDescriptionProvider
2992:             1             16  org.springframework.boot.actuate.web.mappings.servlet.DispatcherServletsMappingDescriptionProvider$RequestMappingInfoHandlerMappingDescriptionProvider
2993:             1             16  org.springframework.boot.actuate.web.mappings.servlet.DispatcherServletsMappingDescriptionProvider$UrlHandlerMappingDescriptionProvider
2994:             1             16  org.springframework.boot.actuate.web.mappings.servlet.FiltersMappingDescriptionProvider
2995:             1             16  org.springframework.boot.actuate.web.mappings.servlet.FiltersMappingDescriptionProvider$$Lambda$860/0x0000000800517648
2996:             1             16  org.springframework.boot.actuate.web.mappings.servlet.RequestMappingConditionsDescription$$Lambda$853/0x0000000800515c48
2997:             1             16  org.springframework.boot.actuate.web.mappings.servlet.RequestMappingConditionsDescription$$Lambda$855/0x00000008005164c8
2998:             1             16  org.springframework.boot.actuate.web.mappings.servlet.RequestMappingConditionsDescription$$Lambda$856/0x0000000800516700
2999:             1             16  org.springframework.boot.actuate.web.mappings.servlet.RequestMappingConditionsDescription$$Lambda$857/0x0000000800516938
3000:             1             16  org.springframework.boot.actuate.web.mappings.servlet.ServletsMappingDescriptionProvider
3001:             1             16  org.springframework.boot.actuate.web.mappings.servlet.ServletsMappingDescriptionProvider$$Lambda$859/0x00000008005171e8
3002:             1             16  org.springframework.boot.admin.SpringApplicationAdminMXBeanRegistrar$SpringApplicationAdmin
3003:             1             16  org.springframework.boot.autoconfigure.AutoConfigurationImportSelector$$Lambda$367/0x000000080031f960
3004:             1             16  org.springframework.boot.autoconfigure.AutoConfigurationImportSelector$AutoConfigurationGroup$$Lambda$369/0x0000000800336238
3005:             1             16  org.springframework.boot.autoconfigure.AutoConfigurationImportSelector$AutoConfigurationGroup$$Lambda$370/0x0000000800336470
3006:             1             16  org.springframework.boot.autoconfigure.AutoConfigurationImportSelector$AutoConfigurationGroup$$Lambda$371/0x00000008003366a8
3007:             1             16  org.springframework.boot.autoconfigure.AutoConfigurationImportSelector$AutoConfigurationGroup$$Lambda$372/0x00000008003368e0
3008:             1             16  org.springframework.boot.autoconfigure.AutoConfigurationImportSelector$AutoConfigurationGroup$$Lambda$373/0x0000000800336b18
3009:             1             16  org.springframework.boot.autoconfigure.AutoConfigurationPackages$BasePackagesBeanDefinition$$Lambda$408/0x00000008003555e0
3010:             1             16  org.springframework.boot.autoconfigure.BackgroundPreinitializer
3011:             1             16  org.springframework.boot.autoconfigure.SharedMetadataReaderFactoryContextInitializer$CachingMetadataReaderFactoryPostProcessor
3012:             1             16  org.springframework.boot.autoconfigure.SharedMetadataReaderFactoryContextInitializer$CachingMetadataReaderFactoryPostProcessor$$Lambda$309/0x00000008002ced50
3013:             1             16  org.springframework.boot.autoconfigure.SharedMetadataReaderFactoryContextInitializer$SharedMetadataReaderFactoryBean
3014:             1             16  org.springframework.boot.autoconfigure.admin.SpringApplicationAdminJmxAutoConfiguration
3015:             1             16  org.springframework.boot.autoconfigure.aop.AopAutoConfiguration
3016:             1             16  org.springframework.boot.autoconfigure.aop.AopAutoConfiguration$ClassProxyingConfiguration
3017:             1             16  org.springframework.boot.autoconfigure.availability.ApplicationAvailabilityAutoConfiguration
3018:             1             16  org.springframework.boot.autoconfigure.condition.ConditionEvaluationReport$AncestorsMatchedCondition
3019:             1             16  org.springframework.boot.autoconfigure.condition.OnBeanCondition$Spec$$Lambda$407/0x00000008003545a0
3020:             1             16  org.springframework.boot.autoconfigure.condition.OnCloudPlatformCondition
3021:             1             16  org.springframework.boot.autoconfigure.condition.OnResourceCondition
3022:             1             16  org.springframework.boot.autoconfigure.context.ConfigurationPropertiesAutoConfiguration
3023:             1             16  org.springframework.boot.autoconfigure.context.LifecycleAutoConfiguration
3024:             1             16  org.springframework.boot.autoconfigure.context.LifecycleProperties
3025:             1             16  org.springframework.boot.autoconfigure.context.MessageSourceAutoConfiguration$ResourceBundleCondition
3026:             1             16  org.springframework.boot.autoconfigure.context.PropertyPlaceholderAutoConfiguration
3027:             1             16  org.springframework.boot.autoconfigure.http.HttpMessageConverters
3028:             1             16  org.springframework.boot.autoconfigure.http.HttpMessageConvertersAutoConfiguration
3029:             1             16  org.springframework.boot.autoconfigure.http.HttpMessageConvertersAutoConfiguration$StringHttpMessageConverterConfiguration
3030:             1             16  org.springframework.boot.autoconfigure.http.JacksonHttpMessageConvertersConfiguration
3031:             1             16  org.springframework.boot.autoconfigure.http.JacksonHttpMessageConvertersConfiguration$MappingJackson2HttpMessageConverterConfiguration
3032:             1             16  org.springframework.boot.autoconfigure.info.ProjectInfoAutoConfiguration
3033:             1             16  org.springframework.boot.autoconfigure.info.ProjectInfoAutoConfiguration$GitResourceAvailableCondition
3034:             1             16  org.springframework.boot.autoconfigure.jackson.JacksonAutoConfiguration
3035:             1             16  org.springframework.boot.autoconfigure.jackson.JacksonAutoConfiguration$Jackson2ObjectMapperBuilderCustomizerConfiguration
3036:             1             16  org.springframework.boot.autoconfigure.jackson.JacksonAutoConfiguration$JacksonObjectMapperBuilderConfiguration
3037:             1             16  org.springframework.boot.autoconfigure.jackson.JacksonAutoConfiguration$JacksonObjectMapperConfiguration
3038:             1             16  org.springframework.boot.autoconfigure.jackson.JacksonAutoConfiguration$ParameterNamesModuleConfiguration
3039:             1             16  org.springframework.boot.autoconfigure.jmx.JmxAutoConfiguration
3040:             1             16  org.springframework.boot.autoconfigure.logging.ConditionEvaluationReportLoggingListener$ConditionEvaluationReportListener
3041:             1             16  org.springframework.boot.autoconfigure.mustache.MustacheTemplateAvailabilityProvider
3042:             1             16  org.springframework.boot.autoconfigure.task.TaskExecutionAutoConfiguration
3043:             1             16  org.springframework.boot.autoconfigure.task.TaskSchedulingAutoConfiguration
3044:             1             16  org.springframework.boot.autoconfigure.task.TaskSchedulingProperties$Pool
3045:             1             16  org.springframework.boot.autoconfigure.template.TemplateAvailabilityProviders$NoTemplateAvailabilityProvider
3046:             1             16  org.springframework.boot.autoconfigure.thymeleaf.ThymeleafTemplateAvailabilityProvider
3047:             1             16  org.springframework.boot.autoconfigure.web.ErrorProperties$Whitelabel
3048:             1             16  org.springframework.boot.autoconfigure.web.OnEnabledResourceChainCondition
3049:             1             16  org.springframework.boot.autoconfigure.web.ServerProperties$Tomcat$Mbeanregistry
3050:             1             16  org.springframework.boot.autoconfigure.web.client.RestTemplateAutoConfiguration
3051:             1             16  org.springframework.boot.autoconfigure.web.embedded.EmbeddedWebServerFactoryCustomizerAutoConfiguration
3052:             1             16  org.springframework.boot.autoconfigure.web.embedded.EmbeddedWebServerFactoryCustomizerAutoConfiguration$TomcatWebServerFactoryCustomizerConfiguration
3053:             1             16  org.springframework.boot.autoconfigure.web.embedded.TomcatWebServerFactoryCustomizer$$Lambda$492/0x00000008003dcdb0
3054:             1             16  org.springframework.boot.autoconfigure.web.embedded.TomcatWebServerFactoryCustomizer$$Lambda$496/0x00000008003dd678
3055:             1             16  org.springframework.boot.autoconfigure.web.embedded.TomcatWebServerFactoryCustomizer$$Lambda$502/0x00000008003de180
3056:             1             16  org.springframework.boot.autoconfigure.web.embedded.TomcatWebServerFactoryCustomizer$$Lambda$506/0x00000008003dea38
3057:             1             16  org.springframework.boot.autoconfigure.web.embedded.TomcatWebServerFactoryCustomizer$$Lambda$507/0x00000008003dec50
3058:             1             16  org.springframework.boot.autoconfigure.web.embedded.TomcatWebServerFactoryCustomizer$$Lambda$511/0x00000008003df540
3059:             1             16  org.springframework.boot.autoconfigure.web.embedded.TomcatWebServerFactoryCustomizer$$Lambda$513/0x00000008003df978
3060:             1             16  org.springframework.boot.autoconfigure.web.embedded.TomcatWebServerFactoryCustomizer$$Lambda$515/0x00000008003dfde0
3061:             1             16  org.springframework.boot.autoconfigure.web.embedded.TomcatWebServerFactoryCustomizer$$Lambda$517/0x00000008003e0260
3062:             1             16  org.springframework.boot.autoconfigure.web.embedded.TomcatWebServerFactoryCustomizer$$Lambda$518/0x00000008003e0498
3063:             1             16  org.springframework.boot.autoconfigure.web.embedded.TomcatWebServerFactoryCustomizer$$Lambda$520/0x00000008003e0910
3064:             1             16  org.springframework.boot.autoconfigure.web.embedded.TomcatWebServerFactoryCustomizer$$Lambda$522/0x00000008003e0d48
3065:             1             16  org.springframework.boot.autoconfigure.web.embedded.TomcatWebServerFactoryCustomizer$$Lambda$531/0x00000008003e2100
3066:             1             16  org.springframework.boot.autoconfigure.web.embedded.TomcatWebServerFactoryCustomizer$$Lambda$535/0x00000008003e29b8
3067:             1             16  org.springframework.boot.autoconfigure.web.embedded.TomcatWebServerFactoryCustomizer$$Lambda$538/0x00000008003e3020
3068:             1             16  org.springframework.boot.autoconfigure.web.embedded.TomcatWebServerFactoryCustomizer$$Lambda$543/0x00000008003e3b10
3069:             1             16  org.springframework.boot.autoconfigure.web.embedded.TomcatWebServerFactoryCustomizer$$Lambda$551/0x00000008003e43d8
3070:             1             16  org.springframework.boot.autoconfigure.web.embedded.TomcatWebServerFactoryCustomizer$$Lambda$552/0x00000008003e45f8
3071:             1             16  org.springframework.boot.autoconfigure.web.servlet.DispatcherServletAutoConfiguration
3072:             1             16  org.springframework.boot.autoconfigure.web.servlet.DispatcherServletAutoConfiguration$DefaultDispatcherServletCondition
3073:             1             16  org.springframework.boot.autoconfigure.web.servlet.DispatcherServletAutoConfiguration$DispatcherServletConfiguration
3074:             1             16  org.springframework.boot.autoconfigure.web.servlet.DispatcherServletAutoConfiguration$DispatcherServletRegistrationCondition
3075:             1             16  org.springframework.boot.autoconfigure.web.servlet.DispatcherServletAutoConfiguration$DispatcherServletRegistrationConfiguration
3076:             1             16  org.springframework.boot.autoconfigure.web.servlet.HttpEncodingAutoConfiguration
3077:             1             16  org.springframework.boot.autoconfigure.web.servlet.HttpEncodingAutoConfiguration$LocaleCharsetMappingsCustomizer
3078:             1             16  org.springframework.boot.autoconfigure.web.servlet.JspTemplateAvailabilityProvider
3079:             1             16  org.springframework.boot.autoconfigure.web.servlet.MultipartAutoConfiguration
3080:             1             16  org.springframework.boot.autoconfigure.web.servlet.ServletWebServerFactoryAutoConfiguration
3081:             1             16  org.springframework.boot.autoconfigure.web.servlet.ServletWebServerFactoryAutoConfiguration$BeanPostProcessorsRegistrar$$Lambda$420/0x000000080035bf68
3082:             1             16  org.springframework.boot.autoconfigure.web.servlet.ServletWebServerFactoryAutoConfiguration$BeanPostProcessorsRegistrar$$Lambda$421/0x000000080035e510
3083:             1             16  org.springframework.boot.autoconfigure.web.servlet.ServletWebServerFactoryConfiguration$EmbeddedTomcat
3084:             1             16  org.springframework.boot.autoconfigure.web.servlet.TomcatServletWebServerFactoryCustomizer
3085:             1             16  org.springframework.boot.autoconfigure.web.servlet.TomcatServletWebServerFactoryCustomizer$$Lambda$487/0x00000008003dc310
3086:             1             16  org.springframework.boot.autoconfigure.web.servlet.TomcatServletWebServerFactoryCustomizer$$Lambda$488/0x00000008003dc528
3087:             1             16  org.springframework.boot.autoconfigure.web.servlet.WebMvcAutoConfiguration
3088:             1             16  org.springframework.boot.autoconfigure.web.servlet.WebMvcAutoConfiguration$WebMvcAutoConfigurationAdapter$$Lambda$687/0x0000000800485888
3089:             1             16  org.springframework.boot.autoconfigure.web.servlet.WebMvcProperties$Async
3090:             1             16  org.springframework.boot.autoconfigure.web.servlet.error.ErrorMvcAutoConfiguration
3091:             1             16  org.springframework.boot.autoconfigure.web.servlet.error.ErrorMvcAutoConfiguration$ErrorTemplateMissingCondition
3092:             1             16  org.springframework.boot.autoconfigure.web.servlet.error.ErrorMvcAutoConfiguration$PreserveErrorControllerTargetClassPostProcessor
3093:             1             16  org.springframework.boot.autoconfigure.web.servlet.error.ErrorMvcAutoConfiguration$StaticView
3094:             1             16  org.springframework.boot.autoconfigure.web.servlet.error.ErrorMvcAutoConfiguration$WhitelabelErrorViewConfiguration
3095:             1             16  org.springframework.boot.autoconfigure.websocket.servlet.TomcatWebSocketServletWebServerCustomizer
3096:             1             16  org.springframework.boot.autoconfigure.websocket.servlet.TomcatWebSocketServletWebServerCustomizer$$Lambda$457/0x00000008003d73c8
3097:             1             16  org.springframework.boot.autoconfigure.websocket.servlet.WebSocketServletAutoConfiguration
3098:             1             16  org.springframework.boot.autoconfigure.websocket.servlet.WebSocketServletAutoConfiguration$TomcatWebSocketConfiguration
3099:             1             16  org.springframework.boot.availability.ApplicationAvailabilityBean
3100:             1             16  org.springframework.boot.context.ConfigurationWarningsApplicationContextInitializer$ComponentScanPackageCheck
3101:             1             16  org.springframework.boot.context.ConfigurationWarningsApplicationContextInitializer$ConfigurationWarningsPostProcessor
3102:             1             16  org.springframework.boot.context.FileEncodingApplicationListener
3103:             1             16  org.springframework.boot.context.config.AnsiOutputApplicationListener
3104:             1             16  org.springframework.boot.context.config.AnsiOutputApplicationListener$$Lambda$246/0x0000000800241730
3105:             1             16  org.springframework.boot.context.config.ConfigDataEnvironmentContributors$$Lambda$229/0x0000000800237bb8
3106:             1             16  org.springframework.boot.context.config.LocationResourceLoader$$Lambda$190/0x00000008002178d0
3107:             1             16  org.springframework.boot.context.config.LocationResourceLoader$$Lambda$192/0x0000000800217b08
3108:             1             16  org.springframework.boot.context.config.Profiles$$Lambda$233/0x0000000800239608
3109:             1             16  org.springframework.boot.context.config.UseLegacyConfigProcessingException$UseLegacyProcessingBindHandler
3110:             1             16  org.springframework.boot.context.logging.LoggingApplicationListener$$Lambda$255/0x00000008002541e8
3111:             1             16  org.springframework.boot.context.properties.BoundConfigurationProperties
3112:             1             16  org.springframework.boot.context.properties.BoundConfigurationProperties$$Lambda$414/0x000000080035a158
3113:             1             16  org.springframework.boot.context.properties.ConfigurationPropertiesBindConstructorProvider
3114:             1             16  org.springframework.boot.context.properties.ConfigurationPropertiesBinder$$Lambda$412/0x0000000800359b00
3115:             1             16  org.springframework.boot.context.properties.ConfigurationPropertiesBinder$$Lambda$413/0x0000000800359d18
3116:             1             16  org.springframework.boot.context.properties.ConfigurationPropertiesBinder$$Lambda$452/0x00000008003d5240
3117:             1             16  org.springframework.boot.context.properties.ConfigurationPropertiesBinder$Factory
3118:             1             16  org.springframework.boot.context.properties.ConfigurationPropertiesBindingPostProcessor$$Lambda$411/0x00000008003592a8
3119:             1             16  org.springframework.boot.context.properties.EnableConfigurationPropertiesRegistrar$$Lambda$415/0x000000080035a568
3120:             1             16  org.springframework.boot.context.properties.EnableConfigurationPropertiesRegistrar$$Lambda$416/0x000000080035a988
3121:             1             16  org.springframework.boot.context.properties.EnableConfigurationPropertiesRegistrar$$Lambda$417/0x000000080035abc0
3122:             1             16  org.springframework.boot.context.properties.PropertyMapper$$Lambda$458/0x00000008003d79f0
3123:             1             16  org.springframework.boot.context.properties.PropertyMapper$Source$$Lambda$461/0x00000008003d8ad8
3124:             1             16  org.springframework.boot.context.properties.PropertyMapper$Source$$Lambda$508/0x00000008003dee88
3125:             1             16  org.springframework.boot.context.properties.PropertyMapper$Source$$Lambda$541/0x00000008003e3698
3126:             1             16  org.springframework.boot.context.properties.bind.ArrayBinder$$Lambda$197/0x0000000800219788
3127:             1             16  org.springframework.boot.context.properties.bind.BindConverter
3128:             1             16  org.springframework.boot.context.properties.bind.BindConverter$CompositeConversionService
3129:             1             16  org.springframework.boot.context.properties.bind.BindConverter$TypeConverterConverter
3130:             1             16  org.springframework.boot.context.properties.bind.BindHandler$1
3131:             1             16  org.springframework.boot.context.properties.bind.BindResult
3132:             1             16  org.springframework.boot.context.properties.bind.DefaultBindConstructorProvider
3133:             1             16  org.springframework.boot.context.properties.bind.JavaBeanBinder
3134:             1             16  org.springframework.boot.context.properties.bind.JavaBeanBinder$Bean$$Lambda$389/0x00000008003440c0
3135:             1             16  org.springframework.boot.context.properties.bind.JavaBeanBinder$Bean$$Lambda$390/0x00000008003442f8
3136:             1             16  org.springframework.boot.context.properties.bind.JavaBeanBinder$Bean$$Lambda$391/0x0000000800344530
3137:             1             16  org.springframework.boot.context.properties.bind.JavaBeanBinder$Bean$$Lambda$392/0x0000000800344768
3138:             1             16  org.springframework.boot.context.properties.bind.JavaBeanBinder$Bean$$Lambda$393/0x0000000800344bf0
3139:             1             16  org.springframework.boot.context.properties.bind.JavaBeanBinder$Bean$$Lambda$395/0x0000000800345058
3140:             1             16  org.springframework.boot.context.properties.bind.JavaBeanBinder$Bean$$Lambda$396/0x0000000800345280
3141:             1             16  org.springframework.boot.context.properties.bind.ValueObjectBinder
3142:             1             16  org.springframework.boot.context.properties.source.ConfigurationPropertyName$$Lambda$185/0x000000080020e250
3143:             1             16  org.springframework.boot.context.properties.source.PropertyMapper$$Lambda$174/0x000000080020aae0
3144:             1             16  org.springframework.boot.context.properties.source.SpringIterableConfigurationPropertySource$$Lambda$199/0x000000080021a190
3145:             1             16  org.springframework.boot.context.properties.source.SpringIterableConfigurationPropertySource$Mappings$$Lambda$178/0x000000080020c088
3146:             1             16  org.springframework.boot.context.properties.source.SystemEnvironmentPropertyMapper
3147:             1             16  org.springframework.boot.context.properties.source.SystemEnvironmentPropertyMapper$$Lambda$182/0x000000080020cb80
3148:             1             16  org.springframework.boot.convert.CharArrayFormatter
3149:             1             16  org.springframework.boot.convert.DelimitedStringToCollectionConverter$$Lambda$400/0x0000000800347620
3150:             1             16  org.springframework.boot.convert.DurationStyle$Unit$$Lambda$789/0x00000008004d2c90
3151:             1             16  org.springframework.boot.convert.DurationStyle$Unit$$Lambda$790/0x00000008004d2ec8
3152:             1             16  org.springframework.boot.convert.DurationStyle$Unit$$Lambda$791/0x00000008004d3100
3153:             1             16  org.springframework.boot.convert.DurationStyle$Unit$$Lambda$792/0x00000008004d3338
3154:             1             16  org.springframework.boot.convert.DurationStyle$Unit$$Lambda$793/0x00000008004d3570
3155:             1             16  org.springframework.boot.convert.DurationStyle$Unit$$Lambda$794/0x00000008004d37a8
3156:             1             16  org.springframework.boot.convert.DurationStyle$Unit$$Lambda$795/0x00000008004d39e0
3157:             1             16  org.springframework.boot.convert.DurationToNumberConverter
3158:             1             16  org.springframework.boot.convert.DurationToStringConverter
3159:             1             16  org.springframework.boot.convert.InetAddressFormatter
3160:             1             16  org.springframework.boot.convert.InputStreamSourceToByteArrayConverter
3161:             1             16  org.springframework.boot.convert.IsoOffsetFormatter
3162:             1             16  org.springframework.boot.convert.LenientBooleanToEnumConverterFactory
3163:             1             16  org.springframework.boot.convert.LenientObjectToEnumConverterFactory$LenientToEnumConverter$$Lambda$243/0x0000000800241080
3164:             1             16  org.springframework.boot.convert.LenientObjectToEnumConverterFactory$LenientToEnumConverter$$Lambda$244/0x00000008002412c8
3165:             1             16  org.springframework.boot.convert.LenientStringToEnumConverterFactory
3166:             1             16  org.springframework.boot.convert.NumberToDataSizeConverter
3167:             1             16  org.springframework.boot.convert.NumberToDurationConverter
3168:             1             16  org.springframework.boot.convert.NumberToPeriodConverter
3169:             1             16  org.springframework.boot.convert.PeriodToStringConverter
3170:             1             16  org.springframework.boot.convert.StringToFileConverter
3171:             1             16  org.springframework.boot.env.ReflectionEnvironmentPostProcessorsFactory
3172:             1             16  org.springframework.boot.env.SpringApplicationJsonEnvironmentPostProcessor$$Lambda$171/0x0000000800209200
3173:             1             16  org.springframework.boot.env.SpringApplicationJsonEnvironmentPostProcessor$$Lambda$172/0x0000000800209438
3174:             1             16  org.springframework.boot.liquibase.LiquibaseServiceLocatorApplicationListener
3175:             1             16  org.springframework.boot.logging.DeferredLog$Lines
3176:             1             16  org.springframework.boot.logging.DelegatingLoggingSystemFactory
3177:             1             16  org.springframework.boot.logging.LoggerConfigurationComparator
3178:             1             16  org.springframework.boot.logging.LoggerGroups
3179:             1             16  org.springframework.boot.logging.LoggingSystemFactory$$Lambda$149/0x00000008001d72f0
3180:             1             16  org.springframework.boot.logging.logback.LogbackLoggingSystem
3181:             1             16  org.springframework.boot.rsocket.context.RSocketPortInfoApplicationContextInitializer$Listener
3182:             1             16  org.springframework.boot.task.TaskExecutorBuilder$$Lambda$677/0x0000000800474428
3183:             1             16  org.springframework.boot.task.TaskExecutorBuilder$$Lambda$681/0x0000000800474cf0
3184:             1             16  org.springframework.boot.util.Instantiator$$Lambda$165/0x0000000800205d88
3185:             1             16  org.springframework.boot.util.LambdaSafe$InvocationResult
3186:             1             16  org.springframework.boot.validation.beanvalidation.MethodValidationExcludeFilter$$Lambda$654/0x000000080045ddd0
3187:             1             16  org.springframework.boot.web.context.ServerPortInfoApplicationContextInitializer
3188:             1             16  org.springframework.boot.web.embedded.tomcat.TomcatEmbeddedContext$$Lambda$810/0x00000008004db4b0
3189:             1             16  org.springframework.boot.web.embedded.tomcat.TomcatServletWebServerFactory$DisablePersistSessionListener
3190:             1             16  org.springframework.boot.web.embedded.tomcat.TomcatWebServer$$Lambda$814/0x00000008004dbda8
3191:             1             16  org.springframework.boot.web.server.Http2
3192:             1             16  org.springframework.boot.web.servlet.ServletContextInitializerBeans$$Lambda$651/0x0000000800450678
3193:             1             16  org.springframework.boot.web.servlet.ServletContextInitializerBeans$$Lambda$652/0x0000000800452e58
3194:             1             16  org.springframework.boot.web.servlet.context.ServletWebServerApplicationContext$$Lambda$559/0x00000008003ec868
3195:             1             16  org.springframework.boot.web.servlet.error.DefaultErrorAttributes
3196:             1             16  org.springframework.boot.web.servlet.server.AbstractServletWebServerFactory$$Lambda$562/0x0000000800408040
3197:             1             16  org.springframework.boot.web.servlet.server.AbstractServletWebServerFactory$SessionConfiguringInitializer
3198:             1             16  org.springframework.boot.web.servlet.server.SessionStoreDirectory
3199:             1             16  org.springframework.boot.web.servlet.server.StaticResourceJars
3200:             1             16  org.springframework.boot.web.servlet.server.StaticResourceJars$$Lambda$570/0x000000080041d8d0
3201:             1             16  org.springframework.cglib.core.AbstractClassGenerator$ClassLoaderData$1
3202:             1             16  org.springframework.cglib.core.AbstractClassGenerator$ClassLoaderData$2
3203:             1             16  org.springframework.cglib.core.AbstractClassGenerator$ClassLoaderData$3
3204:             1             16  org.springframework.cglib.core.DefaultGeneratorStrategy
3205:             1             16  org.springframework.cglib.core.DefaultNamingPolicy
3206:             1             16  org.springframework.cglib.core.KeyFactory$1
3207:             1             16  org.springframework.cglib.core.KeyFactory$2
3208:             1             16  org.springframework.cglib.core.KeyFactory$3
3209:             1             16  org.springframework.cglib.core.KeyFactory$4
3210:             1             16  org.springframework.cglib.core.MethodInfoTransformer
3211:             1             16  org.springframework.cglib.core.SpringNamingPolicy
3212:             1             16  org.springframework.cglib.core.internal.LoadingCache$1
3213:             1             16  org.springframework.cglib.proxy.Enhancer$1
3214:             1             16  org.springframework.cglib.proxy.FixedValueGenerator
3215:             1             16  org.springframework.cglib.proxy.InvocationHandlerGenerator
3216:             1             16  org.springframework.cglib.proxy.LazyLoaderGenerator
3217:             1             16  org.springframework.cglib.proxy.MethodInterceptorGenerator
3218:             1             16  org.springframework.cglib.proxy.MethodInterceptorGenerator$1
3219:             1             16  org.springframework.cglib.proxy.NoOp$1
3220:             1             16  org.springframework.cglib.proxy.NoOpGenerator
3221:             1             16  org.springframework.context.annotation.AnnotationBeanNameGenerator
3222:             1             16  org.springframework.context.annotation.ConfigurationClassEnhancer$BeanFactoryAwareMethodInterceptor
3223:             1             16  org.springframework.context.annotation.ConfigurationClassEnhancer$BeanMethodInterceptor
3224:             1             16  org.springframework.context.annotation.ConfigurationClassParser$$Lambda$325/0x0000000800300040
3225:             1             16  org.springframework.context.annotation.ConfigurationClassParser$$Lambda$326/0x00000008003008a0
3226:             1             16  org.springframework.context.annotation.ConfigurationClassPostProcessor$$Lambda$324/0x00000008002fcf30
3227:             1             16  org.springframework.context.annotation.ConfigurationClassPostProcessor$ImportAwareBeanPostProcessor
3228:             1             16  org.springframework.context.annotation.FullyQualifiedAnnotationBeanNameGenerator
3229:             1             16  org.springframework.context.event.DefaultEventListenerFactory
3230:             1             16  org.springframework.context.event.EventListenerMethodProcessor$$Lambda$799/0x00000008004d70e8
3231:             1             16  org.springframework.context.expression.BeanExpressionContextAccessor
3232:             1             16  org.springframework.context.expression.BeanFactoryAccessor
3233:             1             16  org.springframework.context.expression.BeanFactoryResolver
3234:             1             16  org.springframework.context.expression.EnvironmentAccessor
3235:             1             16  org.springframework.context.expression.MapAccessor
3236:             1             16  org.springframework.context.expression.StandardBeanExpressionResolver$1
3237:             1             16  org.springframework.context.index.CandidateComponentsIndexLoader$$Lambda$279/0x000000080028aff0
3238:             1             16  org.springframework.context.support.DefaultLifecycleProcessor$$Lambda$804/0x00000008004d8af8
3239:             1             16  org.springframework.core.OrderComparator
3240:             1             16  org.springframework.core.ResolvableType$EmptyType
3241:             1             16  org.springframework.core.annotation.AbstractMergedAnnotation$$Lambda$302/0x00000008002b9b18
3242:             1             16  org.springframework.core.annotation.AnnotatedElementUtils$$Lambda$689/0x0000000800487340
3243:             1             16  org.springframework.core.annotation.AnnotationAwareOrderComparator
3244:             1             16  org.springframework.core.annotation.AnnotationFilter$1
3245:             1             16  org.springframework.core.annotation.AnnotationFilter$2
3246:             1             16  org.springframework.core.annotation.AnnotationTypeMapping$$Lambda$292/0x00000008002ab740
3247:             1             16  org.springframework.core.annotation.AnnotationTypeMapping$$Lambda$294/0x00000008002b1850
3248:             1             16  org.springframework.core.annotation.AnnotationTypeMappings$$Lambda$144/0x00000008001d0a78
3249:             1             16  org.springframework.core.annotation.AnnotationUtils$$Lambda$453/0x00000008003d5e28
3250:             1             16  org.springframework.core.annotation.AnnotationUtils$$Lambda$659/0x00000008004634d0
3251:             1             16  org.springframework.core.annotation.AnnotationUtils$$Lambda$661/0x0000000800463930
3252:             1             16  org.springframework.core.annotation.AttributeMethods$$Lambda$138/0x00000008001c6118
3253:             1             16  org.springframework.core.annotation.AttributeMethods$$Lambda$139/0x00000008001c63a8
3254:             1             16  org.springframework.core.annotation.MergedAnnotationCollectors$$Lambda$383/0x000000080033c0c0
3255:             1             16  org.springframework.core.annotation.MergedAnnotationCollectors$$Lambda$385/0x000000080033c508
3256:             1             16  org.springframework.core.annotation.MergedAnnotationSelectors$FirstDirectlyDeclared
3257:             1             16  org.springframework.core.annotation.MergedAnnotationSelectors$Nearest
3258:             1             16  org.springframework.core.annotation.MissingMergedAnnotation
3259:             1             16  org.springframework.core.annotation.RepeatableContainers$NoRepeatableContainers
3260:             1             16  org.springframework.core.annotation.RepeatableContainers$StandardRepeatableContainers
3261:             1             16  org.springframework.core.annotation.RepeatableContainers$StandardRepeatableContainers$$Lambda$140/0x00000008001c65e0
3262:             1             16  org.springframework.core.annotation.TypeMappedAnnotation$$Lambda$145/0x00000008001d13c8
3263:             1             16  org.springframework.core.annotation.TypeMappedAnnotation$$Lambda$310/0x00000008002d21f0
3264:             1             16  org.springframework.core.annotation.TypeMappedAnnotation$$Lambda$331/0x0000000800310ca0
3265:             1             16  org.springframework.core.annotation.TypeMappedAnnotation$$Lambda$386/0x000000080033c748
3266:             1             16  org.springframework.core.annotation.TypeMappedAnnotation$$Lambda$660/0x0000000800463718
3267:             1             16  org.springframework.core.convert.support.GenericConversionService$Converters$$Lambda$157/0x00000008001e2ae0
3268:             1             16  org.springframework.core.io.DefaultResourceLoader$$Lambda$278/0x0000000800289d40
3269:             1             16  org.springframework.core.io.support.DefaultPropertySourceFactory
3270:             1             16  org.springframework.core.io.support.PathMatchingResourcePatternResolver$$Lambda$328/0x0000000800307b08
3271:             1             16  org.springframework.core.io.support.ResourcePropertiesPersister
3272:             1             16  org.springframework.core.io.support.SpringFactoriesLoader$$Lambda$130/0x00000008001b4e40
3273:             1             16  org.springframework.core.io.support.SpringFactoriesLoader$$Lambda$131/0x00000008001b5078
3274:             1             16  org.springframework.core.io.support.SpringFactoriesLoader$$Lambda$132/0x00000008001b52a0
3275:             1             16  org.springframework.core.log.CompositeLog$$Lambda$261/0x0000000800264b50
3276:             1             16  org.springframework.core.log.CompositeLog$$Lambda$262/0x0000000800264d98
3277:             1             16  org.springframework.core.log.CompositeLog$$Lambda$263/0x0000000800264fe0
3278:             1             16  org.springframework.core.log.CompositeLog$$Lambda$264/0x0000000800265228
3279:             1             16  org.springframework.core.log.CompositeLog$$Lambda$265/0x0000000800265470
3280:             1             16  org.springframework.core.log.CompositeLog$$Lambda$266/0x00000008002656b8
3281:             1             16  org.springframework.core.metrics.DefaultApplicationStartup
3282:             1             16  org.springframework.core.type.AnnotatedTypeMetadata$$Lambda$380/0x000000080033b3b8
3283:             1             16  org.springframework.core.type.AnnotatedTypeMetadata$$Lambda$381/0x000000080033ba50
3284:             1             16  org.springframework.core.type.AnnotatedTypeMetadata$$Lambda$382/0x000000080033bc88
3285:             1             16  org.springframework.core.type.AnnotationMetadata$$Lambda$296/0x00000008002b83f0
3286:             1             16  org.springframework.core.type.AnnotationMetadata$$Lambda$297/0x00000008002b8958
3287:             1             16  org.springframework.core.type.AnnotationMetadata$$Lambda$298/0x00000008002b8b90
3288:             1             16  org.springframework.core.type.AnnotationMetadata$$Lambda$304/0x00000008002b9f90
3289:             1             16  org.springframework.core.type.AnnotationMetadata$$Lambda$305/0x00000008002ba818
3290:             1             16  org.springframework.core.type.AnnotationMetadata$$Lambda$306/0x00000008002baa50
3291:             1             16  org.springframework.core.type.AnnotationMetadata$$Lambda$344/0x0000000800313f58
3292:             1             16  org.springframework.expression.spel.support.StandardOperatorOverloader
3293:             1             16  org.springframework.expression.spel.support.StandardTypeComparator
3294:             1             16  org.springframework.expression.spel.support.StandardTypeConverter
3295:             1             16  org.springframework.http.MediaType$$Lambda$260/0x00000008002594d8
3296:             1             16  org.springframework.http.MediaType$1
3297:             1             16  org.springframework.http.converter.json.SpringHandlerInstantiator
3298:             1             16  org.springframework.http.converter.xml.SourceHttpMessageConverter$$Lambda$267/0x0000000800266698
3299:             1             16  org.springframework.http.converter.xml.SourceHttpMessageConverter$$Lambda$268/0x00000008002668b0
3300:             1             16  org.springframework.jmx.export.annotation.AnnotationJmxAttributeSource$$Lambda$768/0x00000008004c6a00
3301:             1             16  org.springframework.jmx.export.annotation.AnnotationJmxAttributeSource$$Lambda$769/0x00000008004c6e98
3302:             1             16  org.springframework.objenesis.strategy.StdInstantiatorStrategy
3303:             1             16  org.springframework.util.ClassUtils$$Lambda$597/0x0000000800438040
3304:             1             16  org.springframework.util.ConcurrentReferenceHashMap$EntrySet
3305:             1             16  org.springframework.util.MimeType$SpecificityComparator
3306:             1             16  org.springframework.util.MimeTypeUtils$$Lambda$700/0x0000000800490938
3307:             1             16  org.springframework.util.MultiValueMapAdapter$$Lambda$137/0x00000008001c3600
3308:             1             16  org.springframework.util.ReflectionUtils$$Lambda$135/0x00000008001b8fa0
3309:             1             16  org.springframework.util.ReflectionUtils$$Lambda$136/0x00000008001b93c0
3310:             1             16  org.springframework.web.accept.ContentNegotiationManager$$Lambda$685/0x000000080047d4a8
3311:             1             16  org.springframework.web.accept.MappingMediaTypeFileExtensionResolver$$Lambda$665/0x00000008004653d8
3312:             1             16  org.springframework.web.bind.support.DefaultSessionAttributeStore
3313:             1             16  org.springframework.web.context.request.SessionScope
3314:             1             16  org.springframework.web.context.support.WebApplicationContextUtils$RequestObjectFactory
3315:             1             16  org.springframework.web.context.support.WebApplicationContextUtils$ResponseObjectFactory
3316:             1             16  org.springframework.web.context.support.WebApplicationContextUtils$SessionObjectFactory
3317:             1             16  org.springframework.web.context.support.WebApplicationContextUtils$WebRequestObjectFactory
3318:             1             16  org.springframework.web.method.annotation.ErrorsMethodArgumentResolver
3319:             1             16  org.springframework.web.method.annotation.RequestHeaderMapMethodArgumentResolver
3320:             1             16  org.springframework.web.method.annotation.SessionStatusMethodArgumentResolver
3321:             1             16  org.springframework.web.multipart.support.StandardServletMultipartResolver
3322:             1             16  org.springframework.web.servlet.config.annotation.InterceptorRegistry$$Lambda$690/0x00000008004884e8
3323:             1             16  org.springframework.web.servlet.config.annotation.InterceptorRegistry$$Lambda$691/0x0000000800489278
3324:             1             16  org.springframework.web.servlet.config.annotation.WebMvcConfigurationSupport$NoOpValidator
3325:             1             16  org.springframework.web.servlet.config.annotation.WebMvcConfigurerComposite
3326:             1             16  org.springframework.web.servlet.function.support.RouterFunctionMapping$$Lambda$707/0x0000000800492888
3327:             1             16  org.springframework.web.servlet.handler.AbstractHandlerMethodMapping$$Lambda$703/0x0000000800491748
3328:             1             16  org.springframework.web.servlet.handler.AbstractHandlerMethodMapping$$Lambda$704/0x0000000800491980
3329:             1             16  org.springframework.web.servlet.handler.AbstractHandlerMethodMapping$EmptyHandler
3330:             1             16  org.springframework.web.servlet.handler.ConversionServiceExposingInterceptor
3331:             1             16  org.springframework.web.servlet.mvc.HttpRequestHandlerAdapter
3332:             1             16  org.springframework.web.servlet.mvc.SimpleControllerHandlerAdapter
3333:             1             16  org.springframework.web.servlet.mvc.condition.ParamsRequestCondition
3334:             1             16  org.springframework.web.servlet.mvc.condition.PathPatternsRequestCondition
3335:             1             16  org.springframework.web.servlet.mvc.condition.RequestConditionHolder
3336:             1             16  org.springframework.web.servlet.mvc.method.annotation.AsyncTaskMethodReturnValueHandler
3337:             1             16  org.springframework.web.servlet.mvc.method.annotation.CallableMethodReturnValueHandler
3338:             1             16  org.springframework.web.servlet.mvc.method.annotation.DeferredResultMethodReturnValueHandler
3339:             1             16  org.springframework.web.servlet.mvc.method.annotation.HttpHeadersReturnValueHandler
3340:             1             16  org.springframework.web.servlet.mvc.method.annotation.JsonViewRequestBodyAdvice
3341:             1             16  org.springframework.web.servlet.mvc.method.annotation.RequestMappingHandlerAdapter$$Lambda$667/0x00000008004676d0
3342:             1             16  org.springframework.web.servlet.mvc.method.annotation.RequestMappingHandlerAdapter$$Lambda$668/0x00000008004678f8
3343:             1             16  org.springframework.web.servlet.mvc.method.annotation.StreamingResponseBodyReturnValueHandler
3344:             1             16  org.springframework.web.servlet.mvc.method.annotation.UriComponentsBuilderMethodArgumentResolver
3345:             1             16  org.springframework.web.servlet.resource.ResourceUrlProviderExposingInterceptor
3346:             1             16  org.springframework.web.servlet.theme.FixedThemeResolver
3347:             1             16  org.springframework.web.servlet.view.AbstractCachingViewResolver$$Lambda$727/0x000000080049b398
3348:             1             16  org.springframework.web.servlet.view.AbstractCachingViewResolver$1
3349:             1             16  org.springframework.web.servlet.view.ContentNegotiatingViewResolver$1
3350:             1             16  org.springframework.web.util.pattern.PathPattern$$Lambda$695/0x000000080048e770
3351:             1             16  org.springframework.web.util.pattern.PathPattern$$Lambda$696/0x000000080048e988
3352:             1             16  org.springframework.web.util.pattern.PathPattern$$Lambda$698/0x000000080048eba0
3353:             1             16  org.springframework.web.util.pattern.PathPattern$$Lambda$699/0x000000080048edb8
3354:             1             16  sun.management.ClassLoadingImpl (java.management@15.0.1)
3355:             1             16  sun.management.ManagementFactoryHelper$$Lambda$51/0x0000000800116040 (java.management@15.0.1)
3356:             1             16  sun.management.ManagementFactoryHelper$$Lambda$738/0x00000008004363f0 (java.management@15.0.1)
3357:             1             16  sun.management.ManagementFactoryHelper$$Lambda$739/0x0000000800436628 (java.management@15.0.1)
3358:             1             16  sun.management.jmxremote.LocalRMIServerSocketFactory (jdk.management.agent@15.0.1)
3359:             1             16  sun.management.jmxremote.SingleEntryRegistry$$Lambda$96/0x0000000800148040 (jdk.management.agent@15.0.1)
3360:             1             16  sun.net.DefaultProgressMeteringPolicy (java.base@15.0.1)
3361:             1             16  sun.net.www.protocol.jar.Handler (java.base@15.0.1)
3362:             1             16  sun.net.www.protocol.jar.JarFileFactory (java.base@15.0.1)
3363:             1             16  sun.net.www.protocol.jrt.Handler (java.base@15.0.1)
3364:             1             16  sun.net.www.protocol.jrt.JavaRuntimeURLConnection$$Lambda$18/0x00000008000c3b00 (java.base@15.0.1)
3365:             1             16  sun.nio.ch.DefaultSelectorProvider$$Lambda$806/0x00000008004e04e0 (java.base@15.0.1)
3366:             1             16  sun.nio.ch.ExtendedSocketOption$1 (java.base@15.0.1)
3367:             1             16  sun.nio.ch.FileChannelImpl$1 (java.base@15.0.1)
3368:             1             16  sun.nio.ch.FileChannelImpl$2 (java.base@15.0.1)
3369:             1             16  sun.nio.ch.Net$1 (java.base@15.0.1)
3370:             1             16  sun.nio.ch.Util$1 (java.base@15.0.1)
3371:             1             16  sun.nio.ch.WindowsSelectorProvider (java.base@15.0.1)
3372:             1             16  sun.nio.fs.NativeBuffers$1 (java.base@15.0.1)
3373:             1             16  sun.nio.fs.WindowsChannelFactory$1 (java.base@15.0.1)
3374:             1             16  sun.nio.fs.WindowsFileSystemProvider (java.base@15.0.1)
3375:             1             16  sun.reflect.generics.tree.BooleanSignature (java.base@15.0.1)
3376:             1             16  sun.reflect.generics.tree.BottomSignature (java.base@15.0.1)
3377:             1             16  sun.reflect.generics.tree.ByteSignature (java.base@15.0.1)
3378:             1             16  sun.reflect.generics.tree.CharSignature (java.base@15.0.1)
3379:             1             16  sun.reflect.generics.tree.LongSignature (java.base@15.0.1)
3380:             1             16  sun.reflect.generics.tree.VoidDescriptor (java.base@15.0.1)
3381:             1             16  sun.rmi.registry.RegistryImpl$$Lambda$95/0x0000000800147d30 (java.rmi@15.0.1)
3382:             1             16  sun.rmi.registry.RegistryImpl_Skel (java.rmi@15.0.1)
3383:             1             16  sun.rmi.registry.RegistryImpl_Stub (java.rmi@15.0.1)
3384:             1             16  sun.rmi.runtime.Log$$Lambda$69/0x0000000800128e68 (java.rmi@15.0.1)
3385:             1             16  sun.rmi.runtime.Log$LoggerLogFactory (java.rmi@15.0.1)
3386:             1             16  sun.rmi.runtime.RuntimeUtil (java.rmi@15.0.1)
3387:             1             16  sun.rmi.runtime.RuntimeUtil$$Lambda$90/0x00000008001392f0 (java.rmi@15.0.1)
3388:             1             16  sun.rmi.server.LoaderHandler$$Lambda$120/0x0000000800185658 (java.rmi@15.0.1)
3389:             1             16  sun.rmi.server.LoaderHandler$$Lambda$121/0x0000000800185870 (java.rmi@15.0.1)
3390:             1             16  sun.rmi.server.MarshalInputStream$$Lambda$117/0x000000080017ed38 (java.rmi@15.0.1)
3391:             1             16  sun.rmi.server.UnicastRef$$Lambda$72/0x000000080012b350 (java.rmi@15.0.1)
3392:             1             16  sun.rmi.server.UnicastServerRef$$Lambda$73/0x000000080012b568 (java.rmi@15.0.1)
3393:             1             16  sun.rmi.server.UnicastServerRef$$Lambda$74/0x000000080012b780 (java.rmi@15.0.1)
3394:             1             16  sun.rmi.server.UnicastServerRef$$Lambda$75/0x000000080012b998 (java.rmi@15.0.1)
3395:             1             16  sun.rmi.server.UnicastServerRef$HashToMethod_Maps (java.rmi@15.0.1)
3396:             1             16  sun.rmi.server.Util$$Lambda$68/0x0000000800128240 (java.rmi@15.0.1)
3397:             1             16  sun.rmi.server.Util$$Lambda$71/0x000000080012b138 (java.rmi@15.0.1)
3398:             1             16  sun.rmi.transport.DGCAckHandler$$Lambda$122/0x0000000800185ca8 (java.rmi@15.0.1)
3399:             1             16  sun.rmi.transport.DGCImpl$$Lambda$87/0x0000000800138878 (java.rmi@15.0.1)
3400:             1             16  sun.rmi.transport.DGCImpl$$Lambda$88/0x0000000800138a90 (java.rmi@15.0.1)
3401:             1             16  sun.rmi.transport.DGCImpl$$Lambda$89/0x0000000800138ca8 (java.rmi@15.0.1)
3402:             1             16  sun.rmi.transport.DGCImpl$$Lambda$91/0x000000080013b6e0 (java.rmi@15.0.1)
3403:             1             16  sun.rmi.transport.DGCImpl$1 (java.rmi@15.0.1)
3404:             1             16  sun.rmi.transport.DGCImpl$2$$Lambda$92/0x000000080013bd18 (java.rmi@15.0.1)
3405:             1             16  sun.rmi.transport.DGCImpl_Skel (java.rmi@15.0.1)
3406:             1             16  sun.rmi.transport.DGCImpl_Stub (java.rmi@15.0.1)
3407:             1             16  sun.rmi.transport.ObjectTable$$Lambda$86/0x0000000800138240 (java.rmi@15.0.1)
3408:             1             16  sun.rmi.transport.Transport$$Lambda$81/0x00000008001323d8 (java.rmi@15.0.1)
3409:             1             16  sun.rmi.transport.tcp.TCPChannel$$Lambda$112/0x000000080017ad00 (java.rmi@15.0.1)
3410:             1             16  sun.rmi.transport.tcp.TCPChannel$$Lambda$113/0x000000080017af18 (java.rmi@15.0.1)
3411:             1             16  sun.rmi.transport.tcp.TCPChannel$$Lambda$114/0x000000080017b130 (java.rmi@15.0.1)
3412:             1             16  sun.rmi.transport.tcp.TCPDirectSocketFactory (java.rmi@15.0.1)
3413:             1             16  sun.rmi.transport.tcp.TCPEndpoint$$Lambda$80/0x0000000800131d40 (java.rmi@15.0.1)
3414:             1             16  sun.rmi.transport.tcp.TCPTransport$$Lambda$82/0x00000008001325f0 (java.rmi@15.0.1)
3415:             1             16  sun.rmi.transport.tcp.TCPTransport$$Lambda$83/0x0000000800132808 (java.rmi@15.0.1)
3416:             1             16  sun.rmi.transport.tcp.TCPTransport$$Lambda$84/0x0000000800132a20 (java.rmi@15.0.1)
3417:             1             16  sun.rmi.transport.tcp.TCPTransport$$Lambda$85/0x0000000800135d90 (java.rmi@15.0.1)
3418:             1             16  sun.rmi.transport.tcp.TCPTransport$1 (java.rmi@15.0.1)
3419:             1             16  sun.security.provider.AbstractDrbg$$Lambda$77/0x000000080012e700 (java.base@15.0.1)
3420:             1             16  sun.security.provider.AbstractDrbg$SeederHolder$$Lambda$78/0x0000000800131270 (java.base@15.0.1)
3421:             1             16  sun.security.provider.DRBG$$Lambda$76/0x000000080012d1f0 (java.base@15.0.1)
3422:             1             16  sun.security.provider.NativeSeedGenerator (java.base@15.0.1)
3423:             1             16  sun.security.util.ByteArrayLexOrder (java.base@15.0.1)
3424:             1             16  sun.security.util.ByteArrayTagOrder (java.base@15.0.1)
3425:             1             16  sun.security.util.KnownOIDs$$Lambda$15/0x000000080008e638 (java.base@15.0.1)
3426:             1             16  sun.security.util.ManifestDigester$$Lambda$14/0x0000000800085900 (java.base@15.0.1)
3427:             1             16  sun.util.calendar.Gregorian (java.base@15.0.1)
3428:             1             16  sun.util.cldr.CLDRBaseLocaleDataMetaInfo (java.base@15.0.1)
3429:             1             16  sun.util.cldr.CLDRTimeZoneNameProviderImpl$AVAILABLE_IDS$$Lambda$833/0x00000008004eaef0 (java.base@15.0.1)
3430:             1             16  sun.util.locale.InternalLocaleBuilder$CaseInsensitiveChar (java.base@15.0.1)
3431:             1             16  sun.util.locale.provider.CalendarDataUtility$CalendarWeekParameterGetter (java.base@15.0.1)
3432:             1             16  sun.util.locale.provider.NumberFormatProviderImpl$$Lambda$127/0x00000008001a94d0 (java.base@15.0.1)
3433:             1             16  sun.util.locale.provider.NumberFormatProviderImpl$$Lambda$128/0x00000008001a9708 (java.base@15.0.1)
3434:             1             16  sun.util.locale.provider.TimeZoneNameUtility$TimeZoneNameGetter (java.base@15.0.1)
3435:             1             16  sun.util.logging.internal.LoggingProviderImpl (java.logging@15.0.1)
3436:             1             16  sun.util.resources.LocaleData$LocaleDataStrategy (java.base@15.0.1)
3437:             1             16  sun.util.resources.cldr.provider.CLDRLocaleDataMetaInfo (jdk.localedata@15.0.1)
Total        307305       14751816
